#
# There is insufficient memory for the Java Runtime Environment to continue.
# Native memory allocation (malloc) failed to allocate 1947376 bytes for Chunk::new
# Possible reasons:
#   The system is out of physical RAM or swap space
#   The process is running with CompressedOops enabled, and the Java Heap may be blocking the growth of the native heap
# Possible solutions:
#   Reduce memory load on the system
#   Increase physical memory or swap space
#   Check if swap backing store is full
#   Decrease Java heap size (-Xmx/-Xms)
#   Decrease number of Java threads
#   Decrease Java thread stack sizes (-Xss)
#   Set larger code cache with -XX:ReservedCodeCacheSize=
#   JVM is running with Zero Based Compressed Oops mode in which the Java heap is
#     placed in the first 32GB address space. The Java Heap base address is the
#     maximum limit for the native heap growth. Please use -XX:HeapBaseMinAddress
#     to set the Java Heap base and to place the Java Heap above 32GB virtual address.
# This output file may be truncated or incomplete.
#
#  Out of Memory Error (arena.cpp:189), pid=6664, tid=22072
#
# JRE version: Java(TM) SE Runtime Environment (17.0.17+8) (build 17.0.17+8-LTS-360)
# Java VM: Java HotSpot(TM) 64-Bit Server VM (17.0.17+8-LTS-360, mixed mode, sharing, tiered, compressed oops, compressed class ptrs, g1 gc, windows-amd64)
# No core dump will be written. Minidumps are not enabled by default on client versions of Windows
#

---------------  S U M M A R Y ------------

Command Line: --add-opens=java.base/java.lang=ALL-UNNAMED --add-opens=java.base/java.lang.invoke=ALL-UNNAMED --add-opens=java.base/java.util=ALL-UNNAMED --add-opens=java.prefs/java.util.prefs=ALL-UNNAMED --add-exports=jdk.compiler/com.sun.tools.javac.api=ALL-UNNAMED --add-exports=jdk.compiler/com.sun.tools.javac.util=ALL-UNNAMED --add-opens=java.base/java.util=ALL-UNNAMED --add-opens=java.prefs/java.util.prefs=ALL-UNNAMED --add-opens=java.base/java.nio.charset=ALL-UNNAMED --add-opens=java.base/java.net=ALL-UNNAMED --add-opens=java.base/java.util.concurrent=ALL-UNNAMED --add-opens=java.base/java.util.concurrent.atomic=ALL-UNNAMED --add-opens=java.xml/javax.xml.namespace=ALL-UNNAMED -XX:MaxMetaspaceSize=1024m -XX:+HeapDumpOnOutOfMemoryError -Xmx8192m -Dfile.encoding=UTF-8 -Duser.country=IN -Duser.language=en -Duser.variant -javaagent:C:\Users\ag913\.gradle\wrapper\dists\gradle-9.0.0-bin\d6wjpkvcgsg3oed0qlfss3wgl\gradle-9.0.0\lib\agents\gradle-instrumentation-agent-9.0.0.jar org.gradle.launcher.daemon.bootstrap.GradleDaemon 9.0.0

Host: 11th Gen Intel(R) Core(TM) i3-1115G4 @ 3.00GHz, 4 cores, 7G,  Windows 11 , 64 bit Build 26100 (10.0.26100.8521)
Time: Tue Jun  2 10:27:47 2026 India Standard Time elapsed time: 66.298809 seconds (0d 0h 1m 6s)

---------------  T H R E A D  ---------------

Current thread (0x0000025b42cad6f0):  JavaThread "C2 CompilerThread0" daemon [_thread_in_native, id=22072, stack(0x0000009fa8000000,0x0000009fa8100000)]


Current CompileTask:
C2:  66299 19450       4       java.lang.Class::annotationData (44 bytes)

Stack: [0x0000009fa8000000,0x0000009fa8100000]
Native frames: (J=compiled Java code, j=interpreted, Vv=VM code, C=native code)
V  [jvm.dll+0x67a0ea]
V  [jvm.dll+0x7da56d]
V  [jvm.dll+0x7dbeb3]
V  [jvm.dll+0x7dc523]
V  [jvm.dll+0x2453af]
V  [jvm.dll+0xab763]
V  [jvm.dll+0xabd2c]
V  [jvm.dll+0x3620cf]
V  [jvm.dll+0x32c731]
V  [jvm.dll+0x32bbca]
V  [jvm.dll+0x216b5f]
V  [jvm.dll+0x215f8f]
V  [jvm.dll+0x1a2b50]
V  [jvm.dll+0x22642b]
V  [jvm.dll+0x2245cb]
V  [jvm.dll+0x790964]
V  [jvm.dll+0x78af4a]
V  [jvm.dll+0x678fd5]
C  [ucrtbase.dll+0x2cd30]
C  [KERNEL32.DLL+0x2e957]
C  [ntdll.dll+0x87c1c]


---------------  P R O C E S S  ---------------

Threads class SMR info:
_java_thread_list=0x0000025b09355c80, length=96, elements={
0x0000025b17087730, 0x0000025b42c920b0, 0x0000025b42c92b70, 0x0000025b42caa310,
0x0000025b42caabd0, 0x0000025b42cab490, 0x0000025b42cac4f0, 0x0000025b42cad6f0,
0x0000025b7c006940, 0x0000025b7c017e10, 0x0000025b7c1041c0, 0x0000025b7c288370,
0x0000025b7da028c0, 0x0000025b7c9f07c0, 0x0000025b7ccf7490, 0x0000025b7ccf6f40,
0x0000025b7d1d2000, 0x0000025b7e390010, 0x0000025b7d7d7060, 0x0000025b7dccd440,
0x0000025b7e3ad3c0, 0x0000025b7e3acef0, 0x0000025b7e3ad890, 0x0000025b7e3aca20,
0x0000025b7e3add60, 0x0000025b7e3af570, 0x0000025b7e3ae230, 0x0000025b7e3ae700,
0x0000025b7e3aebd0, 0x0000025b7e3afa40, 0x0000025b7e3af0a0, 0x0000025b7e3ac080,
0x0000025b7e3ac550, 0x0000025b00d080d0, 0x0000025b00d085a0, 0x0000025b00d0a280,
0x0000025b00d09db0, 0x0000025b00d09410, 0x0000025b00d098e0, 0x0000025b00d0a750,
0x0000025b00d0ac20, 0x0000025b00d0d2a0, 0x0000025b00d0dc40, 0x0000025b00d0c430,
0x0000025b00d0eab0, 0x0000025b00d0ba90, 0x0000025b00d0b0f0, 0x0000025b00d0d770,
0x0000025b00d0b5c0, 0x0000025b00d0bf60, 0x0000025b00d0cdd0, 0x0000025b7d146200,
0x0000025b7d1496f0, 0x0000025b7d149bc0, 0x0000025b7d147070, 0x0000025b7d147ee0,
0x0000025b7d14af00, 0x0000025b7d14a090, 0x0000025b7d147540, 0x0000025b7d1483b0,
0x0000025b7d147a10, 0x0000025b7d14a560, 0x0000025b7d14cbe0, 0x0000025b7d14aa30,
0x0000025b7d14b8a0, 0x0000025b7d14b3d0, 0x0000025b7d14c710, 0x0000025b7d14bd70,
0x0000025b7d14c240, 0x0000025b7d14d0b0, 0x0000025b00b81d20, 0x0000025b00b83060,
0x0000025b00b821f0, 0x0000025b00b84d40, 0x0000025b00b856e0, 0x0000025b00b85210,
0x0000025b00b843a0, 0x0000025b00b84870, 0x0000025b00b826c0, 0x0000025b00b83ed0,
0x0000025b00b83530, 0x0000025b00b82b90, 0x0000025b00b83a00, 0x0000025b01731500,
0x0000025b01732370, 0x0000025b0172f820, 0x0000025b01732840, 0x0000025b01731ea0,
0x0000025b01731030, 0x0000025b017331e0, 0x0000025b01733b80, 0x0000025b01735860,
0x0000025b017349f0, 0x0000025b014bf4c0, 0x0000025b014bd7e0, 0x0000025b014bfe60
}

Java Threads: ( => current thread )
  0x0000025b17087730 JavaThread "main" [_thread_blocked, id=1756, stack(0x0000009fa7300000,0x0000009fa7400000)]
  0x0000025b42c920b0 JavaThread "Reference Handler" daemon [_thread_blocked, id=17980, stack(0x0000009fa7a00000,0x0000009fa7b00000)]
  0x0000025b42c92b70 JavaThread "Finalizer" daemon [_thread_blocked, id=18420, stack(0x0000009fa7b00000,0x0000009fa7c00000)]
  0x0000025b42caa310 JavaThread "Signal Dispatcher" daemon [_thread_blocked, id=24424, stack(0x0000009fa7c00000,0x0000009fa7d00000)]
  0x0000025b42caabd0 JavaThread "Attach Listener" daemon [_thread_blocked, id=22836, stack(0x0000009fa7d00000,0x0000009fa7e00000)]
  0x0000025b42cab490 JavaThread "Service Thread" daemon [_thread_blocked, id=24636, stack(0x0000009fa7e00000,0x0000009fa7f00000)]
  0x0000025b42cac4f0 JavaThread "Monitor Deflation Thread" daemon [_thread_blocked, id=2672, stack(0x0000009fa7f00000,0x0000009fa8000000)]
=>0x0000025b42cad6f0 JavaThread "C2 CompilerThread0" daemon [_thread_in_native, id=22072, stack(0x0000009fa8000000,0x0000009fa8100000)]
  0x0000025b7c006940 JavaThread "C1 CompilerThread0" daemon [_thread_blocked, id=8012, stack(0x0000009fa8100000,0x0000009fa8200000)]
  0x0000025b7c017e10 JavaThread "Sweeper thread" daemon [_thread_blocked, id=23080, stack(0x0000009fa8200000,0x0000009fa8300000)]
  0x0000025b7c1041c0 JavaThread "Common-Cleaner" daemon [_thread_blocked, id=21716, stack(0x0000009fa8300000,0x0000009fa8400000)]
  0x0000025b7c288370 JavaThread "Notification Thread" daemon [_thread_blocked, id=18532, stack(0x0000009fa8400000,0x0000009fa8500000)]
  0x0000025b7da028c0 JavaThread "Daemon health stats" [_thread_blocked, id=9668, stack(0x0000009fa8900000,0x0000009fa8a00000)]
  0x0000025b7c9f07c0 JavaThread "Incoming local TCP Connector on port 62547" [_thread_in_native, id=18332, stack(0x0000009fa8a00000,0x0000009fa8b00000)]
  0x0000025b7ccf7490 JavaThread "Daemon periodic checks" [_thread_blocked, id=9300, stack(0x0000009fa8b00000,0x0000009fa8c00000)]
  0x0000025b7ccf6f40 JavaThread "Daemon" [_thread_blocked, id=13588, stack(0x0000009fa8d00000,0x0000009fa8e00000)]
  0x0000025b7d1d2000 JavaThread "Handler for socket connection from /127.0.0.1:62547 to /127.0.0.1:62548" [_thread_in_native, id=25320, stack(0x0000009fa8e00000,0x0000009fa8f00000)]
  0x0000025b7e390010 JavaThread "Cancel handler" [_thread_blocked, id=22568, stack(0x0000009fa8f00000,0x0000009fa9000000)]
  0x0000025b7d7d7060 JavaThread "Daemon worker" [_thread_in_vm, id=1560, stack(0x0000009fa9000000,0x0000009fa9100000)]
  0x0000025b7dccd440 JavaThread "Asynchronous log dispatcher for DefaultDaemonConnection: socket connection from /127.0.0.1:62547 to /127.0.0.1:62548" [_thread_blocked, id=25844, stack(0x0000009fa9100000,0x0000009fa9200000)]
  0x0000025b7e3ad3c0 JavaThread "Stdin handler" [_thread_blocked, id=16976, stack(0x0000009fa9200000,0x0000009fa9300000)]
  0x0000025b7e3acef0 JavaThread "Daemon client event forwarder" [_thread_blocked, id=18688, stack(0x0000009fa9300000,0x0000009fa9400000)]
  0x0000025b7e3ad890 JavaThread "Cache worker for journal cache (C:\Users\ag913\.gradle\caches\journal-1)" [_thread_blocked, id=7320, stack(0x0000009fa9400000,0x0000009fa9500000)]
  0x0000025b7e3aca20 JavaThread "File lock request listener" [_thread_in_native, id=6512, stack(0x0000009fa9500000,0x0000009fa9600000)]
  0x0000025b7e3add60 JavaThread "Cache worker for file hash cache (C:\Users\ag913\.gradle\caches\9.0.0\fileHashes)" [_thread_blocked, id=26152, stack(0x0000009fa9600000,0x0000009fa9700000)]
  0x0000025b7e3af570 JavaThread "Cache worker for file hash cache (C:\rnapp\mobile\android\.gradle\9.0.0\fileHashes)" [_thread_blocked, id=25556, stack(0x0000009fa9700000,0x0000009fa9800000)]
  0x0000025b7e3ae230 JavaThread "Cache worker for Build Output Cleanup Cache (C:\rnapp\mobile\android\.gradle\buildOutputCleanup)" [_thread_blocked, id=18612, stack(0x0000009fa9800000,0x0000009fa9900000)]
  0x0000025b7e3ae700 JavaThread "File watcher server" daemon [_thread_in_native, id=25068, stack(0x0000009fa9900000,0x0000009fa9a00000)]
  0x0000025b7e3aebd0 JavaThread "File watcher consumer" daemon [_thread_blocked, id=24568, stack(0x0000009fa9a00000,0x0000009fa9b00000)]
  0x0000025b7e3afa40 JavaThread "Cache worker for checksums cache (C:\rnapp\mobile\android\.gradle\9.0.0\checksums)" [_thread_blocked, id=22656, stack(0x0000009fa9b00000,0x0000009fa9c00000)]
  0x0000025b7e3af0a0 JavaThread "Cache worker for file content cache (C:\Users\ag913\.gradle\caches\9.0.0\fileContent)" [_thread_blocked, id=19856, stack(0x0000009fa9c00000,0x0000009fa9d00000)]
  0x0000025b7e3ac080 JavaThread "Cache worker for cache directory md-supplier (C:\Users\ag913\.gradle\caches\9.0.0\md-supplier)" [_thread_blocked, id=15120, stack(0x0000009fa9d00000,0x0000009fa9e00000)]
  0x0000025b7e3ac550 JavaThread "Cache worker for cache directory md-rule (C:\Users\ag913\.gradle\caches\9.0.0\md-rule)" [_thread_blocked, id=20992, stack(0x0000009fa9e00000,0x0000009fa9f00000)]
  0x0000025b00d080d0 JavaThread "jar transforms" [_thread_blocked, id=9824, stack(0x0000009fa9f00000,0x0000009faa000000)]
  0x0000025b00d085a0 JavaThread "Cache worker for Build Output Cleanup Cache (C:\rnapp\mobile\node_modules\@react-native\gradle-plugin\.gradle\buildOutputCleanup)" [_thread_blocked, id=24904, stack(0x0000009faa100000,0x0000009faa200000)]
  0x0000025b00d0a280 JavaThread "Unconstrained build operations" [_thread_blocked, id=8508, stack(0x0000009faa200000,0x0000009faa300000)]
  0x0000025b00d09db0 JavaThread "Unconstrained build operations Thread 2" [_thread_blocked, id=25684, stack(0x0000009faa300000,0x0000009faa400000)]
  0x0000025b00d09410 JavaThread "Unconstrained build operations Thread 3" [_thread_blocked, id=17744, stack(0x0000009faa400000,0x0000009faa500000)]
  0x0000025b00d098e0 JavaThread "Unconstrained build operations Thread 4" [_thread_blocked, id=22396, stack(0x0000009faa500000,0x0000009faa600000)]
  0x0000025b00d0a750 JavaThread "Unconstrained build operations Thread 5" [_thread_blocked, id=20180, stack(0x0000009faa600000,0x0000009faa700000)]
  0x0000025b00d0ac20 JavaThread "Unconstrained build operations Thread 6" [_thread_blocked, id=308, stack(0x0000009faa700000,0x0000009faa800000)]
  0x0000025b00d0d2a0 JavaThread "Unconstrained build operations Thread 7" [_thread_blocked, id=17788, stack(0x0000009faa800000,0x0000009faa900000)]
  0x0000025b00d0dc40 JavaThread "Unconstrained build operations Thread 8" [_thread_blocked, id=26316, stack(0x0000009faa900000,0x0000009faaa00000)]
  0x0000025b00d0c430 JavaThread "Unconstrained build operations Thread 9" [_thread_blocked, id=23860, stack(0x0000009faaa00000,0x0000009faab00000)]
  0x0000025b00d0eab0 JavaThread "Unconstrained build operations Thread 10" [_thread_blocked, id=11964, stack(0x0000009faab00000,0x0000009faac00000)]
  0x0000025b00d0ba90 JavaThread "Unconstrained build operations Thread 11" [_thread_blocked, id=21128, stack(0x0000009faac00000,0x0000009faad00000)]
  0x0000025b00d0b0f0 JavaThread "Unconstrained build operations Thread 12" [_thread_blocked, id=12868, stack(0x0000009faad00000,0x0000009faae00000)]
  0x0000025b00d0d770 JavaThread "Unconstrained build operations Thread 13" [_thread_blocked, id=6572, stack(0x0000009faae00000,0x0000009faaf00000)]
  0x0000025b00d0b5c0 JavaThread "Unconstrained build operations Thread 14" [_thread_blocked, id=18284, stack(0x0000009faaf00000,0x0000009fab000000)]
  0x0000025b00d0bf60 JavaThread "Unconstrained build operations Thread 15" [_thread_blocked, id=14440, stack(0x0000009fab000000,0x0000009fab100000)]
  0x0000025b00d0cdd0 JavaThread "build event listener" [_thread_blocked, id=18972, stack(0x0000009fab100000,0x0000009fab200000)]
  0x0000025b7d146200 JavaThread "Memory manager" [_thread_blocked, id=11120, stack(0x0000009fab200000,0x0000009fab300000)]
  0x0000025b7d1496f0 JavaThread "ForkJoinPool.commonPool-worker-1" daemon [_thread_blocked, id=22180, stack(0x0000009fab300000,0x0000009fab400000)]
  0x0000025b7d149bc0 JavaThread "ForkJoinPool.commonPool-worker-2" daemon [_thread_blocked, id=25740, stack(0x0000009fab400000,0x0000009fab500000)]
  0x0000025b7d147070 JavaThread "ForkJoinPool.commonPool-worker-3" daemon [_thread_blocked, id=18372, stack(0x0000009fab500000,0x0000009fab600000)]
  0x0000025b7d147ee0 JavaThread "Exec process" [_thread_blocked, id=6840, stack(0x0000009fab600000,0x0000009fab700000)]
  0x0000025b7d14af00 JavaThread "Exec process Thread 2" [_thread_blocked, id=25492, stack(0x0000009fab700000,0x0000009fab800000)]
  0x0000025b7d14a090 JavaThread "Exec process Thread 3" [_thread_blocked, id=24136, stack(0x0000009fab800000,0x0000009fab900000)]
  0x0000025b7d147540 JavaThread "included builds" [_thread_blocked, id=21368, stack(0x0000009fab900000,0x0000009faba00000)]
  0x0000025b7d1483b0 JavaThread "Execution worker" [_thread_blocked, id=3408, stack(0x0000009faba00000,0x0000009fabb00000)]
  0x0000025b7d147a10 JavaThread "Execution worker Thread 2" [_thread_blocked, id=12556, stack(0x0000009fabb00000,0x0000009fabc00000)]
  0x0000025b7d14a560 JavaThread "Execution worker Thread 3" [_thread_blocked, id=9592, stack(0x0000009fabc00000,0x0000009fabd00000)]
  0x0000025b7d14cbe0 JavaThread "Cache worker for execution history cache (C:\rnapp\mobile\node_modules\@react-native\gradle-plugin\.gradle\9.0.0\executionHistory)" [_thread_blocked, id=19968, stack(0x0000009fabd00000,0x0000009fabe00000)]
  0x0000025b7d14aa30 JavaThread "Unconstrained build operations Thread 16" [_thread_blocked, id=26304, stack(0x0000009fabe00000,0x0000009fabf00000)]
  0x0000025b7d14b8a0 JavaThread "Unconstrained build operations Thread 17" [_thread_blocked, id=17220, stack(0x0000009fabf00000,0x0000009fac000000)]
  0x0000025b7d14b3d0 JavaThread "Unconstrained build operations Thread 18" [_thread_blocked, id=23844, stack(0x0000009fac000000,0x0000009fac100000)]
  0x0000025b7d14c710 JavaThread "Unconstrained build operations Thread 19" [_thread_blocked, id=25124, stack(0x0000009fac100000,0x0000009fac200000)]
  0x0000025b7d14bd70 JavaThread "Unconstrained build operations Thread 20" [_thread_blocked, id=13284, stack(0x0000009fac200000,0x0000009fac300000)]
  0x0000025b7d14c240 JavaThread "Unconstrained build operations Thread 21" [_thread_blocked, id=22052, stack(0x0000009fac300000,0x0000009fac400000)]
  0x0000025b7d14d0b0 JavaThread "Unconstrained build operations Thread 22" [_thread_blocked, id=16624, stack(0x0000009fac400000,0x0000009fac500000)]
  0x0000025b00b81d20 JavaThread "Unconstrained build operations Thread 23" [_thread_blocked, id=18552, stack(0x0000009fac500000,0x0000009fac600000)]
  0x0000025b00b83060 JavaThread "Unconstrained build operations Thread 24" [_thread_blocked, id=23776, stack(0x0000009fac600000,0x0000009fac700000)]
  0x0000025b00b821f0 JavaThread "Unconstrained build operations Thread 25" [_thread_blocked, id=25860, stack(0x0000009fac700000,0x0000009fac800000)]
  0x0000025b00b84d40 JavaThread "Unconstrained build operations Thread 26" [_thread_blocked, id=23932, stack(0x0000009fac800000,0x0000009fac900000)]
  0x0000025b00b856e0 JavaThread "Unconstrained build operations Thread 27" [_thread_blocked, id=19588, stack(0x0000009fac900000,0x0000009faca00000)]
  0x0000025b00b85210 JavaThread "Unconstrained build operations Thread 28" [_thread_blocked, id=24648, stack(0x0000009faca00000,0x0000009facb00000)]
  0x0000025b00b843a0 JavaThread "Unconstrained build operations Thread 29" [_thread_blocked, id=25660, stack(0x0000009facb00000,0x0000009facc00000)]
  0x0000025b00b84870 JavaThread "Unconstrained build operations Thread 30" [_thread_blocked, id=21572, stack(0x0000009facc00000,0x0000009facd00000)]
  0x0000025b00b826c0 JavaThread "Unconstrained build operations Thread 31" [_thread_blocked, id=26016, stack(0x0000009facd00000,0x0000009face00000)]
  0x0000025b00b83ed0 JavaThread "Unconstrained build operations Thread 32" [_thread_blocked, id=24380, stack(0x0000009face00000,0x0000009facf00000)]
  0x0000025b00b83530 JavaThread "Unconstrained build operations Thread 33" [_thread_blocked, id=7384, stack(0x0000009facf00000,0x0000009fad000000)]
  0x0000025b00b82b90 JavaThread "Unconstrained build operations Thread 34" [_thread_blocked, id=19560, stack(0x0000009fad000000,0x0000009fad100000)]
  0x0000025b00b83a00 JavaThread "Unconstrained build operations Thread 35" [_thread_blocked, id=22348, stack(0x0000009fad100000,0x0000009fad200000)]
  0x0000025b01731500 JavaThread "Unconstrained build operations Thread 36" [_thread_blocked, id=16068, stack(0x0000009fad200000,0x0000009fad300000)]
  0x0000025b01732370 JavaThread "Unconstrained build operations Thread 37" [_thread_blocked, id=8324, stack(0x0000009fad300000,0x0000009fad400000)]
  0x0000025b0172f820 JavaThread "jar transforms Thread 2" [_thread_blocked, id=9460, stack(0x0000009fad400000,0x0000009fad500000)]
  0x0000025b01732840 JavaThread "jar transforms Thread 3" [_thread_blocked, id=21080, stack(0x0000009fad500000,0x0000009fad600000)]
  0x0000025b01731ea0 JavaThread "Unconstrained build operations Thread 38" [_thread_blocked, id=14832, stack(0x0000009fad600000,0x0000009fad700000)]
  0x0000025b01731030 JavaThread "Unconstrained build operations Thread 39" [_thread_blocked, id=11608, stack(0x0000009fad700000,0x0000009fad800000)]
  0x0000025b017331e0 JavaThread "Unconstrained build operations Thread 40" [_thread_blocked, id=26244, stack(0x0000009fad800000,0x0000009fad900000)]
  0x0000025b01733b80 JavaThread "jar transforms Thread 4" [_thread_blocked, id=25364, stack(0x0000009fad900000,0x0000009fada00000)]
  0x0000025b01735860 JavaThread "build event listener" [_thread_blocked, id=11840, stack(0x0000009fada00000,0x0000009fadb00000)]
  0x0000025b017349f0 JavaThread "Problems report writer" [_thread_blocked, id=16736, stack(0x0000009fadb00000,0x0000009fadc00000)]
  0x0000025b014bf4c0 JavaThread "Exec process" [_thread_blocked, id=21416, stack(0x0000009fa7200000,0x0000009fa7300000)]
  0x0000025b014bd7e0 JavaThread "Exec process Thread 2" [_thread_blocked, id=25796, stack(0x0000009fadd00000,0x0000009fade00000)]
  0x0000025b014bfe60 JavaThread "Exec process Thread 3" [_thread_blocked, id=25636, stack(0x0000009fade00000,0x0000009fadf00000)]

Other Threads:
  0x0000025b42c8e2c0 VMThread "VM Thread" [stack: 0x0000009fa7900000,0x0000009fa7a00000] [id=23676]
  0x0000025b7c288840 WatcherThread [stack: 0x0000009fa8500000,0x0000009fa8600000] [id=5292]
  0x0000025b171345b0 GCTaskThread "GC Thread#0" [stack: 0x0000009fa7400000,0x0000009fa7500000] [id=19172]
  0x0000025b7c2c1b10 GCTaskThread "GC Thread#1" [stack: 0x0000009fa8600000,0x0000009fa8700000] [id=25888]
  0x0000025b7c2c7aa0 GCTaskThread "GC Thread#2" [stack: 0x0000009fa8700000,0x0000009fa8800000] [id=24540]
  0x0000025b7c559970 GCTaskThread "GC Thread#3" [stack: 0x0000009fa8800000,0x0000009fa8900000] [id=4052]
  0x0000025b17145410 ConcurrentGCThread "G1 Main Marker" [stack: 0x0000009fa7500000,0x0000009fa7600000] [id=19932]
  0x0000025b17147a10 ConcurrentGCThread "G1 Conc#0" [stack: 0x0000009fa7600000,0x0000009fa7700000] [id=20536]
  0x0000025b42b382f0 ConcurrentGCThread "G1 Refine#0" [stack: 0x0000009fa7700000,0x0000009fa7800000] [id=18592]
  0x0000025b7e2999d0 ConcurrentGCThread "G1 Refine#1" [stack: 0x0000009faa000000,0x0000009faa100000] [id=19992]
  0x0000025b42b39ae0 ConcurrentGCThread "G1 Service" [stack: 0x0000009fa7800000,0x0000009fa7900000] [id=3136]

Threads with active compile tasks:
C2 CompilerThread0    66360 19450       4       java.lang.Class::annotationData (44 bytes)

VM state: not at safepoint (normal execution)

VM Mutex/Monitor currently owned by a thread:  ([mutex/lock_event])
[0x0000025b17084780] Compile_lock - owner thread: 0x0000025b7d7d7060

Heap address: 0x0000000600000000, size: 8192 MB, Compressed Oops mode: Zero based, Oop shift amount: 3

CDS archive(s) mapped at: [0x0000025b43000000-0x0000025b43bd0000-0x0000025b43bd0000), size 12386304, SharedBaseAddress: 0x0000025b43000000, ArchiveRelocationMode: 1.
Compressed class space mapped at: 0x0000025b44000000-0x0000025b78000000, reserved size: 872415232
Narrow klass base: 0x0000025b43000000, Narrow klass shift: 0, Narrow klass range: 0x100000000

GC Precious Log:
 CPUs: 4 total, 4 available
 Memory: 7834M
 Large Page Support: Disabled
 NUMA Support: Disabled
 Compressed Oops: Enabled (Zero based)
 Heap Region Size: 4M
 Heap Min Capacity: 8M
 Heap Initial Capacity: 124M
 Heap Max Capacity: 8G
 Pre-touch: Disabled
 Parallel Workers: 4
 Concurrent Workers: 1
 Concurrent Refinement Workers: 4
 Periodic GC: Disabled

Heap:
 garbage-first heap   total 589824K, used 442285K [0x0000000600000000, 0x0000000800000000)
  region size 4096K, 48 young (196608K), 6 survivors (24576K)
 Metaspace       used 120766K, committed 123072K, reserved 983040K
  class space    used 16902K, committed 17984K, reserved 851968K

Heap Regions: E=young(eden), S=young(survivor), O=old, HS=humongous(starts), HC=humongous(continues), CS=collection set, F=free, OA=open archive, CA=closed archive, TAMS=top-at-mark-start (previous, next)
|   0|0x0000000600000000, 0x0000000600400000, 0x0000000600400000|100%|HS|  |TAMS 0x0000000600400000, 0x0000000600000000| Complete 
|   1|0x0000000600400000, 0x0000000600800000, 0x0000000600800000|100%| O|  |TAMS 0x0000000600800000, 0x0000000600400000| Untracked 
|   2|0x0000000600800000, 0x0000000600c00000, 0x0000000600c00000|100%| O|  |TAMS 0x0000000600c00000, 0x0000000600800000| Untracked 
|   3|0x0000000600c00000, 0x0000000601000000, 0x0000000601000000|100%| O|  |TAMS 0x0000000601000000, 0x0000000600c00000| Untracked 
|   4|0x0000000601000000, 0x00000006013f0a00, 0x0000000601400000| 98%| O|  |TAMS 0x00000006013f0a00, 0x0000000601000000| Untracked 
|   5|0x0000000601400000, 0x0000000601800000, 0x0000000601800000|100%| O|  |TAMS 0x0000000601800000, 0x0000000601400000| Untracked 
|   6|0x0000000601800000, 0x0000000601c00000, 0x0000000601c00000|100%| O|  |TAMS 0x0000000601c00000, 0x0000000601800000| Untracked 
|   7|0x0000000601c00000, 0x0000000602000000, 0x0000000602000000|100%| O|  |TAMS 0x0000000602000000, 0x0000000601c00000| Untracked 
|   8|0x0000000602000000, 0x0000000602400000, 0x0000000602400000|100%| O|  |TAMS 0x0000000602400000, 0x0000000602000000| Untracked 
|   9|0x0000000602400000, 0x0000000602800000, 0x0000000602800000|100%|HS|  |TAMS 0x0000000602800000, 0x0000000602400000| Complete 
|  10|0x0000000602800000, 0x0000000602c00000, 0x0000000602c00000|100%|HS|  |TAMS 0x0000000602c00000, 0x0000000602800000| Complete 
|  11|0x0000000602c00000, 0x0000000603000000, 0x0000000603000000|100%| O|  |TAMS 0x0000000602c00000, 0x0000000602c00000| Untracked 
|  12|0x0000000603000000, 0x0000000603400000, 0x0000000603400000|100%| O|  |TAMS 0x0000000603400000, 0x0000000603000000| Untracked 
|  13|0x0000000603400000, 0x0000000603800000, 0x0000000603800000|100%| O|  |TAMS 0x0000000603800000, 0x0000000603400000| Untracked 
|  14|0x0000000603800000, 0x0000000603c00000, 0x0000000603c00000|100%| O|  |TAMS 0x0000000603c00000, 0x0000000603800000| Untracked 
|  15|0x0000000603c00000, 0x0000000604000000, 0x0000000604000000|100%| O|  |TAMS 0x0000000604000000, 0x0000000603c00000| Untracked 
|  16|0x0000000604000000, 0x0000000604400000, 0x0000000604400000|100%| O|  |TAMS 0x0000000604400000, 0x0000000604000000| Untracked 
|  17|0x0000000604400000, 0x0000000604800000, 0x0000000604800000|100%| O|  |TAMS 0x0000000604800000, 0x0000000604400000| Untracked 
|  18|0x0000000604800000, 0x0000000604c00000, 0x0000000604c00000|100%| O|  |TAMS 0x0000000604c00000, 0x0000000604800000| Untracked 
|  19|0x0000000604c00000, 0x0000000605000000, 0x0000000605000000|100%| O|  |TAMS 0x0000000604c00000, 0x0000000604c00000| Untracked 
|  20|0x0000000605000000, 0x0000000605400000, 0x0000000605400000|100%| O|  |TAMS 0x0000000605400000, 0x0000000605000000| Untracked 
|  21|0x0000000605400000, 0x0000000605800000, 0x0000000605800000|100%| O|  |TAMS 0x0000000605800000, 0x0000000605400000| Untracked 
|  22|0x0000000605800000, 0x0000000605c00000, 0x0000000605c00000|100%| O|  |TAMS 0x0000000605c00000, 0x0000000605800000| Untracked 
|  23|0x0000000605c00000, 0x0000000606000000, 0x0000000606000000|100%| O|  |TAMS 0x0000000606000000, 0x0000000605c00000| Untracked 
|  24|0x0000000606000000, 0x0000000606400000, 0x0000000606400000|100%|HS|  |TAMS 0x0000000606400000, 0x0000000606000000| Complete 
|  25|0x0000000606400000, 0x0000000606800000, 0x0000000606800000|100%| O|  |TAMS 0x0000000606800000, 0x0000000606400000| Untracked 
|  26|0x0000000606800000, 0x0000000606c00000, 0x0000000606c00000|100%| O|  |TAMS 0x0000000606c00000, 0x0000000606800000| Untracked 
|  27|0x0000000606c00000, 0x0000000607000000, 0x0000000607000000|100%| O|  |TAMS 0x0000000607000000, 0x0000000606c00000| Untracked 
|  28|0x0000000607000000, 0x0000000607400000, 0x0000000607400000|100%| O|  |TAMS 0x0000000607400000, 0x0000000607000000| Untracked 
|  29|0x0000000607400000, 0x0000000607800000, 0x0000000607800000|100%| O|  |TAMS 0x0000000607800000, 0x0000000607400000| Untracked 
|  30|0x0000000607800000, 0x0000000607c00000, 0x0000000607c00000|100%| O|  |TAMS 0x0000000607c00000, 0x0000000607800000| Untracked 
|  31|0x0000000607c00000, 0x0000000608000000, 0x0000000608000000|100%| O|  |TAMS 0x0000000608000000, 0x0000000607c00000| Untracked 
|  32|0x0000000608000000, 0x0000000608400000, 0x0000000608400000|100%| O|  |TAMS 0x0000000608400000, 0x0000000608000000| Untracked 
|  33|0x0000000608400000, 0x0000000608800000, 0x0000000608800000|100%| O|  |TAMS 0x0000000608800000, 0x0000000608400000| Untracked 
|  34|0x0000000608800000, 0x0000000608c00000, 0x0000000608c00000|100%| O|  |TAMS 0x0000000608c00000, 0x0000000608800000| Untracked 
|  35|0x0000000608c00000, 0x0000000609000000, 0x0000000609000000|100%| O|  |TAMS 0x0000000609000000, 0x0000000608c00000| Untracked 
|  36|0x0000000609000000, 0x0000000609400000, 0x0000000609400000|100%| O|  |TAMS 0x0000000609400000, 0x0000000609000000| Untracked 
|  37|0x0000000609400000, 0x0000000609800000, 0x0000000609800000|100%| O|  |TAMS 0x0000000609800000, 0x0000000609400000| Untracked 
|  38|0x0000000609800000, 0x0000000609c00000, 0x0000000609c00000|100%| O|  |TAMS 0x0000000609c00000, 0x0000000609800000| Untracked 
|  39|0x0000000609c00000, 0x000000060a000000, 0x000000060a000000|100%| O|  |TAMS 0x000000060a000000, 0x0000000609c00000| Untracked 
|  40|0x000000060a000000, 0x000000060a400000, 0x000000060a400000|100%| O|  |TAMS 0x000000060a400000, 0x000000060a000000| Untracked 
|  41|0x000000060a400000, 0x000000060a800000, 0x000000060a800000|100%| O|  |TAMS 0x000000060a467c00, 0x000000060a400000| Untracked 
|  42|0x000000060a800000, 0x000000060ac00000, 0x000000060ac00000|100%| O|  |TAMS 0x000000060a800000, 0x000000060a800000| Untracked 
|  43|0x000000060ac00000, 0x000000060b000000, 0x000000060b000000|100%| O|  |TAMS 0x000000060ac00000, 0x000000060ac00000| Untracked 
|  44|0x000000060b000000, 0x000000060b400000, 0x000000060b400000|100%| O|  |TAMS 0x000000060b000000, 0x000000060b000000| Untracked 
|  45|0x000000060b400000, 0x000000060b800000, 0x000000060b800000|100%| O|  |TAMS 0x000000060b400000, 0x000000060b400000| Untracked 
|  46|0x000000060b800000, 0x000000060bc00000, 0x000000060bc00000|100%| O|  |TAMS 0x000000060b800000, 0x000000060b800000| Untracked 
|  47|0x000000060bc00000, 0x000000060c000000, 0x000000060c000000|100%| O|  |TAMS 0x000000060bc00000, 0x000000060bc00000| Untracked 
|  48|0x000000060c000000, 0x000000060c400000, 0x000000060c400000|100%| O|  |TAMS 0x000000060c000000, 0x000000060c000000| Untracked 
|  49|0x000000060c400000, 0x000000060c800000, 0x000000060c800000|100%| O|  |TAMS 0x000000060c400000, 0x000000060c400000| Untracked 
|  50|0x000000060c800000, 0x000000060cc00000, 0x000000060cc00000|100%| O|  |TAMS 0x000000060c800000, 0x000000060c800000| Untracked 
|  51|0x000000060cc00000, 0x000000060d000000, 0x000000060d000000|100%| O|  |TAMS 0x000000060cc00000, 0x000000060cc00000| Untracked 
|  52|0x000000060d000000, 0x000000060d400000, 0x000000060d400000|100%| O|  |TAMS 0x000000060d000000, 0x000000060d000000| Untracked 
|  53|0x000000060d400000, 0x000000060d800000, 0x000000060d800000|100%| O|  |TAMS 0x000000060d400000, 0x000000060d400000| Untracked 
|  54|0x000000060d800000, 0x000000060dc00000, 0x000000060dc00000|100%| O|  |TAMS 0x000000060d800000, 0x000000060d800000| Untracked 
|  55|0x000000060dc00000, 0x000000060e000000, 0x000000060e000000|100%| O|  |TAMS 0x000000060dc00000, 0x000000060dc00000| Untracked 
|  56|0x000000060e000000, 0x000000060e400000, 0x000000060e400000|100%| O|  |TAMS 0x000000060e000000, 0x000000060e000000| Untracked 
|  57|0x000000060e400000, 0x000000060e800000, 0x000000060e800000|100%| O|  |TAMS 0x000000060e400000, 0x000000060e400000| Untracked 
|  58|0x000000060e800000, 0x000000060ec00000, 0x000000060ec00000|100%| O|  |TAMS 0x000000060e800000, 0x000000060e800000| Untracked 
|  59|0x000000060ec00000, 0x000000060f000000, 0x000000060f000000|100%| O|  |TAMS 0x000000060ec00000, 0x000000060ec00000| Untracked 
|  60|0x000000060f000000, 0x000000060f400000, 0x000000060f400000|100%| O|  |TAMS 0x000000060f000000, 0x000000060f000000| Untracked 
|  61|0x000000060f400000, 0x000000060f57ec00, 0x000000060f800000| 37%| O|  |TAMS 0x000000060f400000, 0x000000060f400000| Untracked 
|  62|0x000000060f800000, 0x000000060f800000, 0x000000060fc00000|  0%| F|  |TAMS 0x000000060f800000, 0x000000060f800000| Untracked 
|  63|0x000000060fc00000, 0x000000060fc00000, 0x0000000610000000|  0%| F|  |TAMS 0x000000060fc00000, 0x000000060fc00000| Untracked 
|  64|0x0000000610000000, 0x0000000610000000, 0x0000000610400000|  0%| F|  |TAMS 0x0000000610000000, 0x0000000610000000| Untracked 
|  65|0x0000000610400000, 0x0000000610400000, 0x0000000610800000|  0%| F|  |TAMS 0x0000000610400000, 0x0000000610400000| Untracked 
|  66|0x0000000610800000, 0x0000000610800000, 0x0000000610c00000|  0%| F|  |TAMS 0x0000000610800000, 0x0000000610800000| Untracked 
|  67|0x0000000610c00000, 0x0000000610c00000, 0x0000000611000000|  0%| F|  |TAMS 0x0000000610c00000, 0x0000000610c00000| Untracked 
|  68|0x0000000611000000, 0x0000000611000000, 0x0000000611400000|  0%| F|  |TAMS 0x0000000611000000, 0x0000000611000000| Untracked 
|  69|0x0000000611400000, 0x0000000611400000, 0x0000000611800000|  0%| F|  |TAMS 0x0000000611400000, 0x0000000611400000| Untracked 
|  70|0x0000000611800000, 0x0000000611800000, 0x0000000611c00000|  0%| F|  |TAMS 0x0000000611800000, 0x0000000611800000| Untracked 
|  71|0x0000000611c00000, 0x0000000611c00000, 0x0000000612000000|  0%| F|  |TAMS 0x0000000611c00000, 0x0000000611c00000| Untracked 
|  72|0x0000000612000000, 0x0000000612000000, 0x0000000612400000|  0%| F|  |TAMS 0x0000000612000000, 0x0000000612000000| Untracked 
|  73|0x0000000612400000, 0x0000000612400000, 0x0000000612800000|  0%| F|  |TAMS 0x0000000612400000, 0x0000000612400000| Untracked 
|  74|0x0000000612800000, 0x0000000612800000, 0x0000000612c00000|  0%| F|  |TAMS 0x0000000612800000, 0x0000000612800000| Untracked 
|  75|0x0000000612c00000, 0x0000000612c00000, 0x0000000613000000|  0%| F|  |TAMS 0x0000000612c00000, 0x0000000612c00000| Untracked 
|  76|0x0000000613000000, 0x0000000613000000, 0x0000000613400000|  0%| F|  |TAMS 0x0000000613000000, 0x0000000613000000| Untracked 
|  77|0x0000000613400000, 0x0000000613400000, 0x0000000613800000|  0%| F|  |TAMS 0x0000000613400000, 0x0000000613400000| Untracked 
|  78|0x0000000613800000, 0x0000000613800000, 0x0000000613c00000|  0%| F|  |TAMS 0x0000000613800000, 0x0000000613800000| Untracked 
|  79|0x0000000613c00000, 0x0000000613c00000, 0x0000000614000000|  0%| F|  |TAMS 0x0000000613c00000, 0x0000000613c00000| Untracked 
|  80|0x0000000614000000, 0x0000000614000000, 0x0000000614400000|  0%| F|  |TAMS 0x0000000614000000, 0x0000000614000000| Untracked 
|  81|0x0000000614400000, 0x0000000614400000, 0x0000000614800000|  0%| F|  |TAMS 0x0000000614400000, 0x0000000614400000| Untracked 
|  82|0x0000000614800000, 0x0000000614800000, 0x0000000614c00000|  0%| F|  |TAMS 0x0000000614800000, 0x0000000614800000| Untracked 
|  83|0x0000000614c00000, 0x0000000614e7bf58, 0x0000000615000000| 62%| S|CS|TAMS 0x0000000614c00000, 0x0000000614c00000| Complete 
|  84|0x0000000615000000, 0x0000000615400000, 0x0000000615400000|100%| S|CS|TAMS 0x0000000615000000, 0x0000000615000000| Complete 
|  85|0x0000000615400000, 0x0000000615800000, 0x0000000615800000|100%| S|CS|TAMS 0x0000000615400000, 0x0000000615400000| Complete 
|  86|0x0000000615800000, 0x0000000615800000, 0x0000000615c00000|  0%| F|  |TAMS 0x0000000615800000, 0x0000000615800000| Untracked 
|  87|0x0000000615c00000, 0x0000000615c00000, 0x0000000616000000|  0%| F|  |TAMS 0x0000000615c00000, 0x0000000615c00000| Untracked 
|  88|0x0000000616000000, 0x0000000616000000, 0x0000000616400000|  0%| F|  |TAMS 0x0000000616000000, 0x0000000616000000| Untracked 
|  89|0x0000000616400000, 0x0000000616800000, 0x0000000616800000|100%| S|CS|TAMS 0x0000000616400000, 0x0000000616400000| Complete 
|  90|0x0000000616800000, 0x0000000616c00000, 0x0000000616c00000|100%| S|CS|TAMS 0x0000000616800000, 0x0000000616800000| Complete 
|  91|0x0000000616c00000, 0x0000000617000000, 0x0000000617000000|100%| S|CS|TAMS 0x0000000616c00000, 0x0000000616c00000| Complete 
|  92|0x0000000617000000, 0x0000000617000000, 0x0000000617400000|  0%| F|  |TAMS 0x0000000617000000, 0x0000000617000000| Untracked 
|  93|0x0000000617400000, 0x0000000617400000, 0x0000000617800000|  0%| F|  |TAMS 0x0000000617400000, 0x0000000617400000| Untracked 
|  94|0x0000000617800000, 0x0000000617800000, 0x0000000617c00000|  0%| F|  |TAMS 0x0000000617800000, 0x0000000617800000| Untracked 
|  95|0x0000000617c00000, 0x0000000617c00000, 0x0000000618000000|  0%| F|  |TAMS 0x0000000617c00000, 0x0000000617c00000| Untracked 
|  96|0x0000000618000000, 0x0000000618000000, 0x0000000618400000|  0%| F|  |TAMS 0x0000000618000000, 0x0000000618000000| Untracked 
|  97|0x0000000618400000, 0x0000000618400000, 0x0000000618800000|  0%| F|  |TAMS 0x0000000618400000, 0x0000000618400000| Untracked 
|  98|0x0000000618800000, 0x0000000618800000, 0x0000000618c00000|  0%| F|  |TAMS 0x0000000618800000, 0x0000000618800000| Untracked 
|  99|0x0000000618c00000, 0x0000000618c00000, 0x0000000619000000|  0%| F|  |TAMS 0x0000000618c00000, 0x0000000618c00000| Untracked 
| 100|0x0000000619000000, 0x0000000619000000, 0x0000000619400000|  0%| F|  |TAMS 0x0000000619000000, 0x0000000619000000| Untracked 
| 101|0x0000000619400000, 0x0000000619400000, 0x0000000619800000|  0%| F|  |TAMS 0x0000000619400000, 0x0000000619400000| Untracked 
| 102|0x0000000619800000, 0x00000006199a1c00, 0x0000000619c00000| 40%| E|  |TAMS 0x0000000619800000, 0x0000000619800000| Complete 
| 103|0x0000000619c00000, 0x000000061a000000, 0x000000061a000000|100%| E|CS|TAMS 0x0000000619c00000, 0x0000000619c00000| Complete 
| 104|0x000000061a000000, 0x000000061a400000, 0x000000061a400000|100%| E|CS|TAMS 0x000000061a000000, 0x000000061a000000| Complete 
| 105|0x000000061a400000, 0x000000061a800000, 0x000000061a800000|100%| E|CS|TAMS 0x000000061a400000, 0x000000061a400000| Complete 
| 106|0x000000061a800000, 0x000000061ac00000, 0x000000061ac00000|100%| E|CS|TAMS 0x000000061a800000, 0x000000061a800000| Complete 
| 107|0x000000061ac00000, 0x000000061b000000, 0x000000061b000000|100%| E|CS|TAMS 0x000000061ac00000, 0x000000061ac00000| Complete 
| 108|0x000000061b000000, 0x000000061b400000, 0x000000061b400000|100%| E|CS|TAMS 0x000000061b000000, 0x000000061b000000| Complete 
| 109|0x000000061b400000, 0x000000061b800000, 0x000000061b800000|100%| E|CS|TAMS 0x000000061b400000, 0x000000061b400000| Complete 
| 110|0x000000061b800000, 0x000000061bc00000, 0x000000061bc00000|100%| E|CS|TAMS 0x000000061b800000, 0x000000061b800000| Complete 
| 111|0x000000061bc00000, 0x000000061c000000, 0x000000061c000000|100%| E|CS|TAMS 0x000000061bc00000, 0x000000061bc00000| Complete 
| 112|0x000000061c000000, 0x000000061c400000, 0x000000061c400000|100%| E|CS|TAMS 0x000000061c000000, 0x000000061c000000| Complete 
| 113|0x000000061c400000, 0x000000061c800000, 0x000000061c800000|100%| E|CS|TAMS 0x000000061c400000, 0x000000061c400000| Complete 
| 114|0x000000061c800000, 0x000000061cc00000, 0x000000061cc00000|100%| E|CS|TAMS 0x000000061c800000, 0x000000061c800000| Complete 
| 115|0x000000061cc00000, 0x000000061d000000, 0x000000061d000000|100%| E|CS|TAMS 0x000000061cc00000, 0x000000061cc00000| Complete 
| 116|0x000000061d000000, 0x000000061d400000, 0x000000061d400000|100%| E|CS|TAMS 0x000000061d000000, 0x000000061d000000| Complete 
| 117|0x000000061d400000, 0x000000061d800000, 0x000000061d800000|100%| E|CS|TAMS 0x000000061d400000, 0x000000061d400000| Complete 
| 118|0x000000061d800000, 0x000000061dc00000, 0x000000061dc00000|100%| E|CS|TAMS 0x000000061d800000, 0x000000061d800000| Complete 
| 119|0x000000061dc00000, 0x000000061e000000, 0x000000061e000000|100%| E|CS|TAMS 0x000000061dc00000, 0x000000061dc00000| Complete 
| 120|0x000000061e000000, 0x000000061e400000, 0x000000061e400000|100%| E|CS|TAMS 0x000000061e000000, 0x000000061e000000| Complete 
| 121|0x000000061e400000, 0x000000061e800000, 0x000000061e800000|100%| E|CS|TAMS 0x000000061e400000, 0x000000061e400000| Complete 
| 122|0x000000061e800000, 0x000000061ec00000, 0x000000061ec00000|100%| E|CS|TAMS 0x000000061e800000, 0x000000061e800000| Complete 
| 123|0x000000061ec00000, 0x000000061f000000, 0x000000061f000000|100%| E|CS|TAMS 0x000000061ec00000, 0x000000061ec00000| Complete 
| 124|0x000000061f000000, 0x000000061f400000, 0x000000061f400000|100%| E|CS|TAMS 0x000000061f000000, 0x000000061f000000| Complete 
| 125|0x000000061f400000, 0x000000061f800000, 0x000000061f800000|100%| E|CS|TAMS 0x000000061f400000, 0x000000061f400000| Complete 
| 126|0x000000061f800000, 0x000000061fc00000, 0x000000061fc00000|100%| E|CS|TAMS 0x000000061f800000, 0x000000061f800000| Complete 
| 127|0x000000061fc00000, 0x0000000620000000, 0x0000000620000000|100%| E|CS|TAMS 0x000000061fc00000, 0x000000061fc00000| Complete 
| 128|0x0000000620000000, 0x0000000620400000, 0x0000000620400000|100%| E|CS|TAMS 0x0000000620000000, 0x0000000620000000| Complete 
| 129|0x0000000620400000, 0x0000000620800000, 0x0000000620800000|100%| E|CS|TAMS 0x0000000620400000, 0x0000000620400000| Complete 
| 130|0x0000000620800000, 0x0000000620c00000, 0x0000000620c00000|100%| E|CS|TAMS 0x0000000620800000, 0x0000000620800000| Complete 
| 131|0x0000000620c00000, 0x0000000621000000, 0x0000000621000000|100%| E|CS|TAMS 0x0000000620c00000, 0x0000000620c00000| Complete 
| 132|0x0000000621000000, 0x0000000621400000, 0x0000000621400000|100%| E|CS|TAMS 0x0000000621000000, 0x0000000621000000| Complete 
| 133|0x0000000621400000, 0x0000000621800000, 0x0000000621800000|100%| E|CS|TAMS 0x0000000621400000, 0x0000000621400000| Complete 
| 134|0x0000000621800000, 0x0000000621c00000, 0x0000000621c00000|100%| E|CS|TAMS 0x0000000621800000, 0x0000000621800000| Complete 
| 135|0x0000000621c00000, 0x0000000622000000, 0x0000000622000000|100%| E|CS|TAMS 0x0000000621c00000, 0x0000000621c00000| Complete 
| 136|0x0000000622000000, 0x0000000622400000, 0x0000000622400000|100%| E|CS|TAMS 0x0000000622000000, 0x0000000622000000| Complete 
| 137|0x0000000622400000, 0x0000000622800000, 0x0000000622800000|100%| E|CS|TAMS 0x0000000622400000, 0x0000000622400000| Complete 
| 138|0x0000000622800000, 0x0000000622c00000, 0x0000000622c00000|100%| E|CS|TAMS 0x0000000622800000, 0x0000000622800000| Complete 
| 139|0x0000000622c00000, 0x0000000623000000, 0x0000000623000000|100%| E|CS|TAMS 0x0000000622c00000, 0x0000000622c00000| Complete 
| 140|0x0000000623000000, 0x0000000623400000, 0x0000000623400000|100%| E|CS|TAMS 0x0000000623000000, 0x0000000623000000| Complete 
| 141|0x0000000623400000, 0x0000000623800000, 0x0000000623800000|100%| E|CS|TAMS 0x0000000623400000, 0x0000000623400000| Complete 
| 142|0x0000000623800000, 0x0000000623c00000, 0x0000000623c00000|100%| E|CS|TAMS 0x0000000623800000, 0x0000000623800000| Complete 
| 143|0x0000000623c00000, 0x0000000624000000, 0x0000000624000000|100%| E|CS|TAMS 0x0000000623c00000, 0x0000000623c00000| Complete 

Card table byte_map: [0x0000025b2e9a0000,0x0000025b2f9a0000] _byte_map_base: 0x0000025b2b9a0000

Marking Bits (Prev, Next): (CMBitMap*) 0x0000025b17134ae0, (CMBitMap*) 0x0000025b17134b20
 Prev Bits: [0x0000025b309a0000, 0x0000025b389a0000)
 Next Bits: [0x0000025b389a0000, 0x0000025b409a0000)

Polling page: 0x0000025b14f80000

Metaspace:

Usage:
  Non-class:    101.43 MB used.
      Class:     16.51 MB used.
       Both:    117.94 MB used.

Virtual space:
  Non-class space:      128.00 MB reserved,     102.62 MB ( 80%) committed,  2 nodes.
      Class space:      832.00 MB reserved,      17.56 MB (  2%) committed,  1 nodes.
             Both:      960.00 MB reserved,     120.19 MB ( 13%) committed. 

Chunk freelists:
   Non-Class:  9.41 MB
       Class:  14.32 MB
        Both:  23.73 MB

MaxMetaspaceSize: 1.00 GB
CompressedClassSpaceSize: 832.00 MB
Initial GC threshold: 21.00 MB
Current GC threshold: 174.81 MB
CDS: on
MetaspaceReclaimPolicy: balanced
 - commit_granule_bytes: 65536.
 - commit_granule_words: 8192.
 - virtual_space_node_default_size: 8388608.
 - enlarge_chunks_in_place: 1.
 - new_chunks_are_fully_committed: 0.
 - uncommit_free_chunks: 1.
 - use_allocation_guard: 0.
 - handle_deallocations: 1.


Internal statistics:

num_allocs_failed_limit: 9.
num_arena_births: 3348.
num_arena_deaths: 0.
num_vsnodes_births: 3.
num_vsnodes_deaths: 0.
num_space_committed: 1923.
num_space_uncommitted: 0.
num_chunks_returned_to_freelist: 9.
num_chunks_taken_from_freelist: 9487.
num_chunk_merges: 9.
num_chunk_splits: 5861.
num_chunks_enlarged: 3313.
num_inconsistent_stats: 0.

CodeHeap 'non-profiled nmethods': size=120000Kb used=14159Kb max_used=14159Kb free=105840Kb
 bounds [0x0000025b26470000, 0x0000025b27250000, 0x0000025b2d9a0000]
CodeHeap 'profiled nmethods': size=120000Kb used=31718Kb max_used=31718Kb free=88282Kb
 bounds [0x0000025b1e9a0000, 0x0000025b208a0000, 0x0000025b25ed0000]
CodeHeap 'non-nmethods': size=5760Kb used=2494Kb max_used=2558Kb free=3265Kb
 bounds [0x0000025b25ed0000, 0x0000025b26160000, 0x0000025b26470000]
 total_blobs=17108 nmethods=16080 adapters=939
 compilation: enabled
              stopped_count=0, restarted_count=0
 full_count=0

Compilation events (20 events):
Event: 66.175 Thread 0x0000025b7c006940 19503       3       com.sun.xml.bind.v2.model.impl.PropertyInfoImpl::getIndividualType (112 bytes)
Event: 66.177 Thread 0x0000025b7c006940 nmethod 19503 0x0000025b20894690 code [0x0000025b20894a00, 0x0000025b20896368]
Event: 66.183 Thread 0x0000025b7c006940 19504       3       com.sun.xml.bind.v2.model.impl.ClassInfoImpl::hasJAXBAnnotation (13 bytes)
Event: 66.183 Thread 0x0000025b7c006940 nmethod 19504 0x0000025b20896b90 code [0x0000025b20896d40, 0x0000025b20896ea8]
Event: 66.183 Thread 0x0000025b7c006940 19505       3       com.sun.xml.bind.v2.model.impl.ClassInfoImpl::getSomeJAXBAnnotation (36 bytes)
Event: 66.184 Thread 0x0000025b7c006940 nmethod 19505 0x0000025b20896f90 code [0x0000025b20897160, 0x0000025b20897638]
Event: 66.184 Thread 0x0000025b7c006940 19506       3       com.sun.xml.bind.v2.model.nav.ReflectionNavigator::asDecl (9 bytes)
Event: 66.185 Thread 0x0000025b7c006940 nmethod 19506 0x0000025b20897810 code [0x0000025b208979e0, 0x0000025b20897e08]
Event: 66.185 Thread 0x0000025b7c006940 19507       3       com.sun.xml.bind.v2.model.nav.ReflectionNavigator::asDecl (6 bytes)
Event: 66.185 Thread 0x0000025b7c006940 nmethod 19507 0x0000025b20897f10 code [0x0000025b208980c0, 0x0000025b20898368]
Event: 66.188 Thread 0x0000025b7c006940 19508       1       com.sun.xml.bind.v2.model.impl.ClassInfoImpl::getClazz (5 bytes)
Event: 66.188 Thread 0x0000025b7c006940 nmethod 19508 0x0000025b27243690 code [0x0000025b27243820, 0x0000025b272438f8]
Event: 66.188 Thread 0x0000025b7c006940 19509   !   3       com.sun.xml.bind.v2.model.annotation.LocatableAnnotation::invoke (63 bytes)
Event: 66.189 Thread 0x0000025b7c006940 nmethod 19509 0x0000025b20898490 code [0x0000025b20898740, 0x0000025b20899468]
Event: 66.189 Thread 0x0000025b7c006940 19510       1       com.sun.xml.bind.v2.model.impl.PropertyInfoImpl::getAdapter (5 bytes)
Event: 66.190 Thread 0x0000025b7c006940 nmethod 19510 0x0000025b27243990 code [0x0000025b27243b20, 0x0000025b27243bf8]
Event: 66.200 Thread 0x0000025b7c006940 19511       2       java.util.AbstractList::equals (117 bytes)
Event: 66.201 Thread 0x0000025b7c006940 nmethod 19511 0x0000025b20899990 code [0x0000025b20899bc0, 0x0000025b2089a048]
Event: 66.204 Thread 0x0000025b7c006940 19512       3       com.sun.xml.bind.v2.model.nav.ReflectionNavigator::getFieldType (43 bytes)
Event: 66.205 Thread 0x0000025b7c006940 nmethod 19512 0x0000025b2089a210 code [0x0000025b2089a560, 0x0000025b2089bd38]

GC Heap History (20 events):
Event: 32.420 GC heap before
{Heap before GC invocations=43 (full 0):
 garbage-first heap   total 282624K, used 224833K [0x0000000600000000, 0x0000000800000000)
  region size 4096K, 23 young (94208K), 2 survivors (8192K)
 Metaspace       used 105402K, committed 106880K, reserved 983040K
  class space    used 14804K, committed 15488K, reserved 851968K
}
Event: 32.437 GC heap after
{Heap after GC invocations=44 (full 0):
 garbage-first heap   total 282624K, used 158817K [0x0000000600000000, 0x0000000800000000)
  region size 4096K, 3 young (12288K), 3 survivors (12288K)
 Metaspace       used 105402K, committed 106880K, reserved 983040K
  class space    used 14804K, committed 15488K, reserved 851968K
}
Event: 33.481 GC heap before
{Heap before GC invocations=45 (full 0):
 garbage-first heap   total 294912K, used 220257K [0x0000000600000000, 0x0000000800000000)
  region size 4096K, 18 young (73728K), 3 survivors (12288K)
 Metaspace       used 105797K, committed 107264K, reserved 983040K
  class space    used 14848K, committed 15552K, reserved 851968K
}
Event: 33.499 GC heap after
{Heap after GC invocations=46 (full 0):
 garbage-first heap   total 294912K, used 167237K [0x0000000600000000, 0x0000000800000000)
  region size 4096K, 2 young (8192K), 2 survivors (8192K)
 Metaspace       used 105797K, committed 107264K, reserved 983040K
  class space    used 14848K, committed 15552K, reserved 851968K
}
Event: 33.520 GC heap before
{Heap before GC invocations=46 (full 0):
 garbage-first heap   total 294912K, used 167237K [0x0000000600000000, 0x0000000800000000)
  region size 4096K, 3 young (12288K), 2 survivors (8192K)
 Metaspace       used 105797K, committed 107264K, reserved 983040K
  class space    used 14848K, committed 15552K, reserved 851968K
}
Event: 33.536 GC heap after
{Heap after GC invocations=47 (full 0):
 garbage-first heap   total 294912K, used 166511K [0x0000000600000000, 0x0000000800000000)
  region size 4096K, 1 young (4096K), 1 survivors (4096K)
 Metaspace       used 105797K, committed 107264K, reserved 983040K
  class space    used 14848K, committed 15552K, reserved 851968K
}
Event: 34.202 GC heap before
{Heap before GC invocations=47 (full 0):
 garbage-first heap   total 294912K, used 227951K [0x0000000600000000, 0x0000000800000000)
  region size 4096K, 16 young (65536K), 1 survivors (4096K)
 Metaspace       used 105827K, committed 107328K, reserved 983040K
  class space    used 14853K, committed 15552K, reserved 851968K
}
Event: 34.216 GC heap after
{Heap after GC invocations=48 (full 0):
 garbage-first heap   total 589824K, used 168945K [0x0000000600000000, 0x0000000800000000)
  region size 4096K, 2 young (8192K), 2 survivors (8192K)
 Metaspace       used 105827K, committed 107328K, reserved 983040K
  class space    used 14853K, committed 15552K, reserved 851968K
}
Event: 40.099 GC heap before
{Heap before GC invocations=49 (full 0):
 garbage-first heap   total 589824K, used 443377K [0x0000000600000000, 0x0000000800000000)
  region size 4096K, 69 young (282624K), 2 survivors (8192K)
 Metaspace       used 108938K, committed 110784K, reserved 983040K
  class space    used 15248K, committed 16128K, reserved 851968K
}
Event: 40.153 GC heap after
{Heap after GC invocations=50 (full 0):
 garbage-first heap   total 589824K, used 200418K [0x0000000600000000, 0x0000000800000000)
  region size 4096K, 9 young (36864K), 9 survivors (36864K)
 Metaspace       used 108938K, committed 110784K, reserved 983040K
  class space    used 15248K, committed 16128K, reserved 851968K
}
Event: 40.212 GC heap before
{Heap before GC invocations=50 (full 0):
 garbage-first heap   total 589824K, used 204514K [0x0000000600000000, 0x0000000800000000)
  region size 4096K, 10 young (40960K), 9 survivors (36864K)
 Metaspace       used 108990K, committed 110848K, reserved 983040K
  class space    used 15258K, committed 16128K, reserved 851968K
}
Event: 40.269 GC heap after
{Heap after GC invocations=51 (full 0):
 garbage-first heap   total 589824K, used 202185K [0x0000000600000000, 0x0000000800000000)
  region size 4096K, 2 young (8192K), 2 survivors (8192K)
 Metaspace       used 108990K, committed 110848K, reserved 983040K
  class space    used 15258K, committed 16128K, reserved 851968K
}
Event: 43.101 GC heap before
{Heap before GC invocations=51 (full 0):
 garbage-first heap   total 589824K, used 439753K [0x0000000600000000, 0x0000000800000000)
  region size 4096K, 61 young (249856K), 2 survivors (8192K)
 Metaspace       used 109312K, committed 111232K, reserved 983040K
  class space    used 15309K, committed 16192K, reserved 851968K
}
Event: 43.129 GC heap after
{Heap after GC invocations=52 (full 0):
 garbage-first heap   total 589824K, used 217387K [0x0000000600000000, 0x0000000800000000)
  region size 4096K, 5 young (20480K), 5 survivors (20480K)
 Metaspace       used 109312K, committed 111232K, reserved 983040K
  class space    used 15309K, committed 16192K, reserved 851968K
}
Event: 47.024 GC heap before
{Heap before GC invocations=52 (full 0):
 garbage-first heap   total 589824K, used 450859K [0x0000000600000000, 0x0000000800000000)
  region size 4096K, 63 young (258048K), 5 survivors (20480K)
 Metaspace       used 111344K, committed 113536K, reserved 983040K
  class space    used 15657K, committed 16704K, reserved 851968K
}
Event: 47.118 GC heap after
{Heap after GC invocations=53 (full 0):
 garbage-first heap   total 589824K, used 238207K [0x0000000600000000, 0x0000000800000000)
  region size 4096K, 6 young (24576K), 6 survivors (24576K)
 Metaspace       used 111344K, committed 113536K, reserved 983040K
  class space    used 15657K, committed 16704K, reserved 851968K
}
Event: 49.787 GC heap before
{Heap before GC invocations=53 (full 0):
 garbage-first heap   total 589824K, used 459391K [0x0000000600000000, 0x0000000800000000)
  region size 4096K, 61 young (249856K), 6 survivors (24576K)
 Metaspace       used 111728K, committed 113984K, reserved 983040K
  class space    used 15713K, committed 16768K, reserved 851968K
}
Event: 49.850 GC heap after
{Heap after GC invocations=54 (full 0):
 garbage-first heap   total 589824K, used 254196K [0x0000000600000000, 0x0000000800000000)
  region size 4096K, 5 young (20480K), 5 survivors (20480K)
 Metaspace       used 111728K, committed 113984K, reserved 983040K
  class space    used 15713K, committed 16768K, reserved 851968K
}
Event: 54.199 GC heap before
{Heap before GC invocations=54 (full 0):
 garbage-first heap   total 589824K, used 463092K [0x0000000600000000, 0x0000000800000000)
  region size 4096K, 57 young (233472K), 5 survivors (20480K)
 Metaspace       used 114038K, committed 116288K, reserved 983040K
  class space    used 16023K, committed 17088K, reserved 851968K
}
Event: 54.340 GC heap after
{Heap after GC invocations=55 (full 0):
 garbage-first heap   total 589824K, used 274349K [0x0000000600000000, 0x0000000800000000)
  region size 4096K, 6 young (24576K), 6 survivors (24576K)
 Metaspace       used 114038K, committed 116288K, reserved 983040K
  class space    used 16023K, committed 17088K, reserved 851968K
}

Deoptimization events (20 events):
Event: 65.834 Thread 0x0000025b7d7d7060 Uncommon trap: trap_request=0xffffffc6 fr.pc=0x0000025b26fcf9b8 relative=0x00000000000014f8
Event: 65.835 Thread 0x0000025b7d7d7060 Uncommon trap: reason=bimorphic_or_optimized_type_check action=maybe_recompile pc=0x0000025b26fcf9b8 method=java.util.AbstractList.equals(Ljava/lang/Object;)Z @ 25 c2
Event: 65.835 Thread 0x0000025b7d7d7060 DEOPT PACKING pc=0x0000025b26fcf9b8 sp=0x0000009fa90f74f0
Event: 65.835 Thread 0x0000025b7d7d7060 DEOPT UNPACKING pc=0x0000025b25f25ba3 sp=0x0000009fa90f74c0 mode 2
Event: 65.835 Thread 0x0000025b7d7d7060 Uncommon trap: trap_request=0xffffffc6 fr.pc=0x0000025b26fcf9b8 relative=0x00000000000014f8
Event: 65.835 Thread 0x0000025b7d7d7060 Uncommon trap: reason=bimorphic_or_optimized_type_check action=maybe_recompile pc=0x0000025b26fcf9b8 method=java.util.AbstractList.equals(Ljava/lang/Object;)Z @ 25 c2
Event: 65.835 Thread 0x0000025b7d7d7060 DEOPT PACKING pc=0x0000025b26fcf9b8 sp=0x0000009fa90f7200
Event: 65.835 Thread 0x0000025b7d7d7060 DEOPT UNPACKING pc=0x0000025b25f25ba3 sp=0x0000009fa90f71d0 mode 2
Event: 65.860 Thread 0x0000025b7d7d7060 Uncommon trap: trap_request=0xffffffc6 fr.pc=0x0000025b26fcf9b8 relative=0x00000000000014f8
Event: 65.860 Thread 0x0000025b7d7d7060 Uncommon trap: reason=bimorphic_or_optimized_type_check action=maybe_recompile pc=0x0000025b26fcf9b8 method=java.util.AbstractList.equals(Ljava/lang/Object;)Z @ 25 c2
Event: 65.860 Thread 0x0000025b7d7d7060 DEOPT PACKING pc=0x0000025b26fcf9b8 sp=0x0000009fa90f6d10
Event: 65.860 Thread 0x0000025b7d7d7060 DEOPT UNPACKING pc=0x0000025b25f25ba3 sp=0x0000009fa90f6ce0 mode 2
Event: 65.889 Thread 0x0000025b7d7d7060 Uncommon trap: trap_request=0xffffffc6 fr.pc=0x0000025b26fcf9b8 relative=0x00000000000014f8
Event: 65.889 Thread 0x0000025b7d7d7060 Uncommon trap: reason=bimorphic_or_optimized_type_check action=maybe_recompile pc=0x0000025b26fcf9b8 method=java.util.AbstractList.equals(Ljava/lang/Object;)Z @ 25 c2
Event: 65.889 Thread 0x0000025b7d7d7060 DEOPT PACKING pc=0x0000025b26fcf9b8 sp=0x0000009fa90f6f20
Event: 65.889 Thread 0x0000025b7d7d7060 DEOPT UNPACKING pc=0x0000025b25f25ba3 sp=0x0000009fa90f6ef0 mode 2
Event: 65.963 Thread 0x0000025b7d7d7060 Uncommon trap: trap_request=0xffffff45 fr.pc=0x0000025b27135308 relative=0x0000000000000a88
Event: 65.963 Thread 0x0000025b7d7d7060 Uncommon trap: reason=unstable_if action=reinterpret pc=0x0000025b27135308 method=java.util.HashMap.removeNode(ILjava/lang/Object;Ljava/lang/Object;ZZ)Ljava/util/HashMap$Node; @ 133 c2
Event: 65.963 Thread 0x0000025b7d7d7060 DEOPT PACKING pc=0x0000025b27135308 sp=0x0000009fa90f6ec0
Event: 65.963 Thread 0x0000025b7d7d7060 DEOPT UNPACKING pc=0x0000025b25f25ba3 sp=0x0000009fa90f6e58 mode 2

Classes unloaded (0 events):
No events

Classes redefined (0 events):
No events

Internal exceptions (20 events):
Event: 59.278 Thread 0x0000025b7d7d7060 Exception <a 'java/lang/ClassNotFoundException'{0x00000006201e2db0}: com/facebook/react/tasks/GenerateCodegenSchemaTask_DecoratedCustomizer> (0x00000006201e2db0) 
thrown [s\open\src\hotspot\share\classfile\systemDictionary.cpp, line 256]
Event: 59.730 Thread 0x0000025b7d7d7060 Exception <a 'java/lang/ClassNotFoundException'{0x000000061f814670}: com/android/build/gradle/internal/tasks/AndroidVariantTask_DecoratedBeanInfo> (0x000000061f814670) 
thrown [s\open\src\hotspot\share\classfile\systemDictionary.cpp, line 256]
Event: 59.734 Thread 0x0000025b7d7d7060 Exception <a 'java/lang/ClassNotFoundException'{0x000000061f823a98}: com/android/build/gradle/internal/tasks/AndroidVariantTask_DecoratedCustomizer> (0x000000061f823a98) 
thrown [s\open\src\hotspot\share\classfile\systemDictionary.cpp, line 256]
Event: 59.909 Thread 0x0000025b7d7d7060 Exception <a 'java/lang/ClassNotFoundException'{0x000000061f642f58}: com/android/build/gradle/internal/tasks/MergeNativeLibsTask_DecoratedBeanInfo> (0x000000061f642f58) 
thrown [s\open\src\hotspot\share\classfile\systemDictionary.cpp, line 256]
Event: 59.910 Thread 0x0000025b7d7d7060 Exception <a 'java/lang/ClassNotFoundException'{0x000000061f652198}: com/android/build/gradle/internal/tasks/MergeNativeLibsTaskBeanInfo> (0x000000061f652198) 
thrown [s\open\src\hotspot\share\classfile\systemDictionary.cpp, line 256]
Event: 59.911 Thread 0x0000025b7d7d7060 Exception <a 'java/lang/ClassNotFoundException'{0x000000061f6613a8}: com/android/build/gradle/internal/tasks/MergeNativeLibsTaskCustomizer> (0x000000061f6613a8) 
thrown [s\open\src\hotspot\share\classfile\systemDictionary.cpp, line 256]
Event: 59.913 Thread 0x0000025b7d7d7060 Exception <a 'java/lang/ClassNotFoundException'{0x000000061f695a70}: com/android/build/gradle/internal/tasks/MergeNativeLibsTask_DecoratedCustomizer> (0x000000061f695a70) 
thrown [s\open\src\hotspot\share\classfile\systemDictionary.cpp, line 256]
Event: 60.401 Thread 0x0000025b7d7d7060 Implicit null exception at 0x0000025b264dc393 to 0x0000025b264dc504
Event: 60.476 Thread 0x0000025b7d7d7060 Implicit null exception at 0x0000025b271c6a8d to 0x0000025b271c6ee8
Event: 60.495 Thread 0x0000025b7d7d7060 Implicit null exception at 0x0000025b271c7ad6 to 0x0000025b271c84a4
Event: 60.576 Thread 0x0000025b7d7d7060 Implicit null exception at 0x0000025b26b09e5a to 0x0000025b26b0a8d0
Event: 60.576 Thread 0x0000025b7d7d7060 Implicit null exception at 0x0000025b271cac36 to 0x0000025b271cc63c
Event: 60.685 Thread 0x0000025b7d7d7060 Implicit null exception at 0x0000025b271d0c7f to 0x0000025b271d23e8
Event: 61.535 Thread 0x0000025b7d7d7060 Exception <a 'sun/nio/fs/WindowsException'{0x000000061cf05048}> (0x000000061cf05048) 
thrown [s\open\src\hotspot\share\prims\jni.cpp, line 516]
Event: 64.440 Thread 0x0000025b7d7d7060 Exception <a 'sun/nio/fs/WindowsException'{0x000000061b026aa0}> (0x000000061b026aa0) 
thrown [s\open\src\hotspot\share\prims\jni.cpp, line 516]
Event: 64.442 Thread 0x0000025b7d7d7060 Exception <a 'sun/nio/fs/WindowsException'{0x000000061b027fa8}> (0x000000061b027fa8) 
thrown [s\open\src\hotspot\share\prims\jni.cpp, line 516]
Event: 64.442 Thread 0x0000025b7d7d7060 Exception <a 'sun/nio/fs/WindowsException'{0x000000061b029500}> (0x000000061b029500) 
thrown [s\open\src\hotspot\share\prims\jni.cpp, line 516]
Event: 64.442 Thread 0x0000025b7d7d7060 Exception <a 'sun/nio/fs/WindowsException'{0x000000061b02aa58}> (0x000000061b02aa58) 
thrown [s\open\src\hotspot\share\prims\jni.cpp, line 516]
Event: 65.363 Thread 0x0000025b7d7d7060 Exception <a 'java/lang/NullPointerException'{0x000000061a407888}> (0x000000061a407888) 
thrown [s\open\src\hotspot\share\interpreter\linkResolver.cpp, line 1433]
Event: 65.806 Thread 0x0000025b7d7d7060 Implicit null exception at 0x0000025b265bfed8 to 0x0000025b265c7b44

VM Operations (20 events):
Event: 60.129 Executing VM operation: ICBufferFull
Event: 60.130 Executing VM operation: ICBufferFull done
Event: 60.130 Executing VM operation: HandshakeAllThreads
Event: 60.130 Executing VM operation: HandshakeAllThreads done
Event: 61.134 Executing VM operation: Cleanup
Event: 61.136 Executing VM operation: Cleanup done
Event: 61.553 Executing VM operation: HandshakeAllThreads
Event: 61.553 Executing VM operation: HandshakeAllThreads done
Event: 61.594 Executing VM operation: HandshakeAllThreads
Event: 61.595 Executing VM operation: HandshakeAllThreads done
Event: 61.606 Executing VM operation: HandshakeAllThreads
Event: 61.606 Executing VM operation: HandshakeAllThreads done
Event: 62.610 Executing VM operation: Cleanup
Event: 62.610 Executing VM operation: Cleanup done
Event: 63.615 Executing VM operation: Cleanup
Event: 63.615 Executing VM operation: Cleanup done
Event: 64.619 Executing VM operation: Cleanup
Event: 64.635 Executing VM operation: Cleanup done
Event: 65.644 Executing VM operation: Cleanup
Event: 65.645 Executing VM operation: Cleanup done

Events (20 events):
Event: 65.456 loading class java/awt/image/BufferedImage
Event: 65.458 loading class java/awt/image/WritableRenderedImage
Event: 65.458 loading class java/awt/image/WritableRenderedImage done
Event: 65.458 loading class java/awt/Transparency
Event: 65.459 loading class java/awt/Transparency done
Event: 65.459 loading class java/awt/image/BufferedImage done
Event: 65.475 loading class java/awt/datatransfer/Transferable
Event: 65.475 loading class java/awt/datatransfer/Transferable done
Event: 65.485 loading class javax/xml/transform/Result
Event: 65.485 loading class javax/xml/transform/Result done
Event: 65.487 loading class javax/xml/datatype/XMLGregorianCalendar
Event: 65.488 loading class javax/xml/datatype/XMLGregorianCalendar done
Event: 65.513 loading class javax/xml/namespace/NamespaceContext
Event: 65.514 loading class javax/xml/namespace/NamespaceContext done
Event: 65.515 loading class javax/xml/datatype/Duration
Event: 65.517 loading class javax/xml/datatype/Duration done
Event: 65.787 loading class java/lang/Short$ShortCache
Event: 65.792 loading class java/lang/Short$ShortCache done
Event: 66.062 loading class java/lang/Package$1PackageInfoProxy
Event: 66.064 loading class java/lang/Package$1PackageInfoProxy done


Dynamic libraries:
0x00007ff672d50000 - 0x00007ff672d60000 	C:\Program Files\Java\jdk-17\bin\java.exe
0x00007ffbed8c0000 - 0x00007ffbedb26000 	C:\WINDOWS\SYSTEM32\ntdll.dll
0x00007ffbed1b0000 - 0x00007ffbed279000 	C:\WINDOWS\System32\KERNEL32.DLL
0x00007ffbead90000 - 0x00007ffbeb18a000 	C:\WINDOWS\System32\KERNELBASE.dll
0x00007ffbeb4e0000 - 0x00007ffbeb62c000 	C:\WINDOWS\System32\ucrtbase.dll
0x00007ffbc1200000 - 0x00007ffbc121b000 	C:\Program Files\Java\jdk-17\bin\VCRUNTIME140.dll
0x00007ffbc76e0000 - 0x00007ffbc76f9000 	C:\Program Files\Java\jdk-17\bin\jli.dll
0x00007ffbec740000 - 0x00007ffbec7f6000 	C:\WINDOWS\System32\ADVAPI32.dll
0x00007ffbec800000 - 0x00007ffbec8a9000 	C:\WINDOWS\System32\msvcrt.dll
0x00007ffbecb20000 - 0x00007ffbecbca000 	C:\WINDOWS\System32\sechost.dll
0x00007ffbed6e0000 - 0x00007ffbed7f8000 	C:\WINDOWS\System32\RPCRT4.dll
0x00007ffbebce0000 - 0x00007ffbebea7000 	C:\WINDOWS\System32\USER32.dll
0x00007ffbcb690000 - 0x00007ffbcb922000 	C:\WINDOWS\WinSxS\amd64_microsoft.windows.common-controls_6595b64144ccf1df_6.0.26100.8521_none_3e08b75ce33403b3\COMCTL32.dll
0x00007ffbeb2d0000 - 0x00007ffbeb2f7000 	C:\WINDOWS\System32\win32u.dll
0x00007ffbed2b0000 - 0x00007ffbed2db000 	C:\WINDOWS\System32\GDI32.dll
0x00007ffbeb300000 - 0x00007ffbeb42b000 	C:\WINDOWS\System32\gdi32full.dll
0x00007ffbeb190000 - 0x00007ffbeb233000 	C:\WINDOWS\System32\msvcp_win.dll
0x00007ffbd7430000 - 0x00007ffbd743b000 	C:\WINDOWS\SYSTEM32\VERSION.dll
0x00007ffbece80000 - 0x00007ffbeceb2000 	C:\WINDOWS\System32\IMM32.DLL
0x00007ffbc76d0000 - 0x00007ffbc76dc000 	C:\Program Files\Java\jdk-17\bin\vcruntime140_1.dll
0x00007ffbb1280000 - 0x00007ffbb130e000 	C:\Program Files\Java\jdk-17\bin\msvcp140.dll
0x00007ffb108b0000 - 0x00007ffb11490000 	C:\Program Files\Java\jdk-17\bin\server\jvm.dll
0x00007ffbeca10000 - 0x00007ffbeca18000 	C:\WINDOWS\System32\PSAPI.DLL
0x00007ffbc1090000 - 0x00007ffbc109a000 	C:\WINDOWS\SYSTEM32\WSOCK32.dll
0x00007ffbdee10000 - 0x00007ffbdee46000 	C:\WINDOWS\SYSTEM32\WINMM.dll
0x00007ffbecd70000 - 0x00007ffbecdf0000 	C:\WINDOWS\System32\WS2_32.dll
0x00007ffbe98e0000 - 0x00007ffbe98fb000 	C:\WINDOWS\SYSTEM32\kernel.appcore.dll
0x00007ffbc1080000 - 0x00007ffbc108a000 	C:\Program Files\Java\jdk-17\bin\jimage.dll
0x00007ffbe81f0000 - 0x00007ffbe8432000 	C:\WINDOWS\SYSTEM32\DBGHELP.DLL
0x00007ffbed350000 - 0x00007ffbed6d3000 	C:\WINDOWS\System32\combase.dll
0x00007ffbeb6b0000 - 0x00007ffbeb789000 	C:\WINDOWS\System32\OLEAUT32.dll
0x00007ffbca5f0000 - 0x00007ffbca62b000 	C:\WINDOWS\SYSTEM32\dbgcore.DLL
0x00007ffbeb430000 - 0x00007ffbeb4d8000 	C:\WINDOWS\System32\bcryptPrimitives.dll
0x00007ffbc1000000 - 0x00007ffbc100e000 	C:\Program Files\Java\jdk-17\bin\instrument.dll
0x00007ffbb84b0000 - 0x00007ffbb84d5000 	C:\Program Files\Java\jdk-17\bin\java.dll
0x00007ffbc1100000 - 0x00007ffbc11d7000 	C:\Program Files\Java\jdk-17\bin\jsvml.dll
0x00007ffbebeb0000 - 0x00007ffbec634000 	C:\WINDOWS\System32\SHELL32.dll
0x00007ffbe8700000 - 0x00007ffbe8f80000 	C:\WINDOWS\SYSTEM32\windows.storage.dll
0x00007ffbed0b0000 - 0x00007ffbed1a6000 	C:\WINDOWS\System32\SHCORE.dll
0x00007ffbec640000 - 0x00007ffbec6a7000 	C:\WINDOWS\System32\shlwapi.dll
0x00007ffbeaa70000 - 0x00007ffbeaa99000 	C:\WINDOWS\SYSTEM32\profapi.dll
0x00007ffbc10e0000 - 0x00007ffbc10f8000 	C:\Program Files\Java\jdk-17\bin\zip.dll
0x00007ffbc10c0000 - 0x00007ffbc10d9000 	C:\Program Files\Java\jdk-17\bin\net.dll
0x00007ffbda280000 - 0x00007ffbda3a9000 	C:\WINDOWS\SYSTEM32\WINHTTP.dll
0x00007ffbe9e50000 - 0x00007ffbe9ebc000 	C:\WINDOWS\system32\mswsock.dll
0x00007ffbc10a0000 - 0x00007ffbc10b6000 	C:\Program Files\Java\jdk-17\bin\nio.dll
0x00007ffbc0ff0000 - 0x00007ffbc1000000 	C:\Program Files\Java\jdk-17\bin\verify.dll
0x00007ffbb1820000 - 0x00007ffbb1847000 	C:\Users\ag913\.gradle\native\1def1411415f61bf3af743bc5b6707747c0891f09f0c88961ee8f79bc544acac\windows-amd64\native-platform.dll
0x00007ffb93fc0000 - 0x00007ffb94037000 	C:\Users\ag913\.gradle\native\0.2.8\x86_64-windows-gnu\gradle-fileevents.dll
0x00007ffbbdc00000 - 0x00007ffbbdc0a000 	C:\Program Files\Java\jdk-17\bin\management.dll
0x00007ffbbdbf0000 - 0x00007ffbbdbfb000 	C:\Program Files\Java\jdk-17\bin\management_ext.dll
0x00007ffbe9360000 - 0x00007ffbe9393000 	C:\WINDOWS\SYSTEM32\IPHLPAPI.DLL
0x00007ffbed800000 - 0x00007ffbed80a000 	C:\WINDOWS\System32\NSI.dll
0x00007ffbda510000 - 0x00007ffbda52d000 	C:\WINDOWS\SYSTEM32\dhcpcsvc6.DLL
0x00007ffbda3b0000 - 0x00007ffbda3d5000 	C:\WINDOWS\SYSTEM32\dhcpcsvc.DLL
0x00007ffbe93a0000 - 0x00007ffbe94ea000 	C:\WINDOWS\SYSTEM32\DNSAPI.dll
0x00007ffbe9c50000 - 0x00007ffbe9c5d000 	C:\WINDOWS\SYSTEM32\DSPARSE.dll
0x00007ffbea130000 - 0x00007ffbea14b000 	C:\WINDOWS\SYSTEM32\CRYPTSP.dll
0x00007ffbe9840000 - 0x00007ffbe9879000 	C:\WINDOWS\system32\rsaenh.dll
0x00007ffbe9f00000 - 0x00007ffbe9f33000 	C:\WINDOWS\SYSTEM32\USERENV.dll
0x00007ffbeaa40000 - 0x00007ffbeaa6a000 	C:\WINDOWS\SYSTEM32\bcrypt.dll
0x00007ffbea150000 - 0x00007ffbea15c000 	C:\WINDOWS\SYSTEM32\CRYPTBASE.dll
0x00007ffbbb390000 - 0x00007ffbbb39e000 	C:\Program Files\Java\jdk-17\bin\sunmscapi.dll
0x00007ffbeab50000 - 0x00007ffbeacc8000 	C:\WINDOWS\System32\CRYPT32.dll
0x00007ffbea350000 - 0x00007ffbea380000 	C:\WINDOWS\SYSTEM32\ncrypt.dll
0x00007ffbea300000 - 0x00007ffbea33f000 	C:\WINDOWS\SYSTEM32\NTASN1.dll
0x00007ffb9e110000 - 0x00007ffb9e118000 	C:\WINDOWS\system32\wshunix.dll

dbghelp: loaded successfully - version: 4.0.5 - missing functions: none
symbol engine: initialized successfully - sym options: 0x614 - pdb path: .;C:\Program Files\Java\jdk-17\bin;C:\WINDOWS\SYSTEM32;C:\WINDOWS\WinSxS\amd64_microsoft.windows.common-controls_6595b64144ccf1df_6.0.26100.8521_none_3e08b75ce33403b3;C:\Program Files\Java\jdk-17\bin\server;C:\Users\ag913\.gradle\native\1def1411415f61bf3af743bc5b6707747c0891f09f0c88961ee8f79bc544acac\windows-amd64;C:\Users\ag913\.gradle\native\0.2.8\x86_64-windows-gnu

VM Arguments:
jvm_args: --add-opens=java.base/java.lang=ALL-UNNAMED --add-opens=java.base/java.lang.invoke=ALL-UNNAMED --add-opens=java.base/java.util=ALL-UNNAMED --add-opens=java.prefs/java.util.prefs=ALL-UNNAMED --add-exports=jdk.compiler/com.sun.tools.javac.api=ALL-UNNAMED --add-exports=jdk.compiler/com.sun.tools.javac.util=ALL-UNNAMED --add-opens=java.base/java.util=ALL-UNNAMED --add-opens=java.prefs/java.util.prefs=ALL-UNNAMED --add-opens=java.base/java.nio.charset=ALL-UNNAMED --add-opens=java.base/java.net=ALL-UNNAMED --add-opens=java.base/java.util.concurrent=ALL-UNNAMED --add-opens=java.base/java.util.concurrent.atomic=ALL-UNNAMED --add-opens=java.xml/javax.xml.namespace=ALL-UNNAMED -XX:MaxMetaspaceSize=1024m -XX:+HeapDumpOnOutOfMemoryError -Xmx8192m -Dfile.encoding=UTF-8 -Duser.country=IN -Duser.language=en -Duser.variant -javaagent:C:\Users\ag913\.gradle\wrapper\dists\gradle-9.0.0-bin\d6wjpkvcgsg3oed0qlfss3wgl\gradle-9.0.0\lib\agents\gradle-instrumentation-agent-9.0.0.jar 
java_command: org.gradle.launcher.daemon.bootstrap.GradleDaemon 9.0.0
java_class_path (initial): C:\Users\ag913\.gradle\wrapper\dists\gradle-9.0.0-bin\d6wjpkvcgsg3oed0qlfss3wgl\gradle-9.0.0\lib\gradle-daemon-main-9.0.0.jar
Launcher Type: SUN_STANDARD

[Global flags]
     intx CICompilerCount                          = 3                                         {product} {ergonomic}
   size_t CompressedClassSpaceSize                 = 872415232                                 {product} {ergonomic}
     uint ConcGCThreads                            = 1                                         {product} {ergonomic}
     uint G1ConcRefinementThreads                  = 4                                         {product} {ergonomic}
   size_t G1HeapRegionSize                         = 4194304                                   {product} {ergonomic}
    uintx GCDrainStackTargetSize                   = 64                                        {product} {ergonomic}
     bool HeapDumpOnOutOfMemoryError               = true                                   {manageable} {command line}
   size_t InitialHeapSize                          = 130023424                                 {product} {ergonomic}
   size_t MarkStackSize                            = 4194304                                   {product} {ergonomic}
   size_t MaxHeapSize                              = 8589934592                                {product} {command line}
   size_t MaxMetaspaceSize                         = 1073741824                                {product} {command line}
   size_t MaxNewSize                               = 5150605312                                {product} {ergonomic}
   size_t MinHeapDeltaBytes                        = 4194304                                   {product} {ergonomic}
   size_t MinHeapSize                              = 8388608                                   {product} {ergonomic}
    uintx NonNMethodCodeHeapSize                   = 5832780                                {pd product} {ergonomic}
    uintx NonProfiledCodeHeapSize                  = 122912730                              {pd product} {ergonomic}
    uintx ProfiledCodeHeapSize                     = 122912730                              {pd product} {ergonomic}
    uintx ReservedCodeCacheSize                    = 251658240                              {pd product} {ergonomic}
     bool SegmentedCodeCache                       = true                                      {product} {ergonomic}
   size_t SoftMaxHeapSize                          = 8589934592                             {manageable} {ergonomic}
     bool UseCompressedClassPointers               = true                           {product lp64_product} {ergonomic}
     bool UseCompressedOops                        = true                           {product lp64_product} {ergonomic}
     bool UseG1GC                                  = true                                      {product} {ergonomic}
     bool UseLargePagesIndividualAllocation        = false                                  {pd product} {ergonomic}

Logging:
Log output configuration:
 #0: stdout all=warning uptime,level,tags
 #1: stderr all=off uptime,level,tags

Environment Variables:
JAVA_HOME=C:\Program Files\Java\jdk-17
PATH=C:\Program Files\Common Files\Oracle\Java\javapath;C:\WINDOWS\system32;C:\WINDOWS;C:\WINDOWS\System32\Wbem;C:\WINDOWS\System32\WindowsPowerShell\v1.0\;C:\WINDOWS\System32\OpenSSH\C:\Users\ag913\Downloads;C:\ProgramData\chocolatey\bin;C:\WINDOWS\System32\OpenSSH\;C:\Users\ag913\AppData\Local\Android\Sdk\platforms;C:\Users\ag913\AppData\Local\Android\Sdk;C:\Users\ag913\AppData\Local\Android\Sdk\platform-tools;C:\Users\ag913\AppData\Local\Android\Sdk\platforms;C:\Users\ag913\AppData\Local\Android\Sdk\emulator;C:\Program Files\Microsoft\jdk-17.0.15.6-hotspot\bin;C:\Program Files\nodejs\;C:\Users\ag913\AppData\Local\Android\Sdk\emulator;C:\Users\ag913\AppData\Local\Android\Sdk\tools;C:\Users\ag913\AppData\Local\Android\Sdk\tools\bin;C:\Users\ag913\AppData\Local\Android\Sdk\platform-tools;A:\AI_LOGS\Git LFS;C:\Program Files\Git LFS;C:\Program Files\Java\jdk-17.0.17\bin;C:\Program Files\Java\jdk-17\bin;C:\Program Files\Git\cmd;C:\Program Files\PowerShell\7\;C:\Program Files\Redis\;C:\Program Files\Qoder\bin;C:\Users\ag913\AppData\Local\Programs\Python\Python312\Scripts\;C:\Users\ag913\AppData\Local\Programs\Python\Python312\;C:\Users\ag913\AppData\Local\Programs\Python\Launcher\;C:\Users\ag913\AppData\Local\jdk-11.0.2\bin;C:\Users\ag913\AppData\Local\Microsoft\WindowsApps;C:\Users\ag913\AppData\Local\GitHubDesktop\bin;C:\Users\ag913\AppData\Local\Programs\Microsoft VS Code\bin;C:\Users\ag913\.fly\bin;C:\Users\ag913\AppData\Local\Android\Sdk\platform-tools;C:\Users\ag913\AppData\Local\Android\Sdk\build-tools;C:\Users\ag913\AppData\Local\Android\Sdk\emulator;C:\Users\ag913\AppData\Local\Android\Sdk\platforms;C:\Program Files\Microsoft\jdk-17.0.15.6-hotspot\bin;C:\Users\ag913\AppData\Roaming\npm;C:\Program Files\Microsoft\jdk-17.0.15.6-hotspot;C:\Users\ag913\AppData\Local\Android\Sdk\emulator;C:\Users\ag913\AppData\Local\Android\Sdk\tools;C:\Users\ag913\AppData\Local\Android\Sdk\tools\bin;C:\Users\ag913\AppData\Local\Android\Sdk\platform-tools;C:\Users\ag913\AppData\Local\P
USERNAME=ag913
OS=Windows_NT
PROCESSOR_IDENTIFIER=Intel64 Family 6 Model 140 Stepping 1, GenuineIntel



---------------  S Y S T E M  ---------------

OS:
 Windows 11 , 64 bit Build 26100 (10.0.26100.8521)
OS uptime: 0 days 2:15 hours
Hyper-V role detected

CPU: total 4 (initial active 4) (2 cores per cpu, 2 threads per core) family 6 model 140 stepping 1 microcode 0xb4, cx8, cmov, fxsr, ht, mmx, 3dnowpref, sse, sse2, sse3, ssse3, sse4.1, sse4.2, popcnt, lzcnt, tsc, tscinvbit, avx, avx2, aes, erms, clmul, bmi1, bmi2, adx, avx512f, avx512dq, avx512cd, avx512bw, avx512vl, sha, fma, vzeroupper, avx512_vpopcntdq, avx512_vpclmulqdq, avx512_vaes, avx512_vnni, clflush, clflushopt, clwb, avx512_vbmi2, avx512_vbmi, hv

Memory: 4k page, system-wide physical 7834M (149M free)
TotalPageFile size 31386M (AvailPageFile size 24M)
current process WorkingSet (physical memory assigned to process): 444M, peak: 722M
current process commit charge ("private bytes"): 987M, peak: 992M

vm_info: Java HotSpot(TM) 64-Bit Server VM (17.0.17+8-LTS-360) for windows-amd64 JRE (17.0.17+8-LTS-360), built on Sep 27 2025 05:17:01 by "mach5run" with MS VC++ 17.6 (VS2022)

END.
