#
# There is insufficient memory for the Java Runtime Environment to continue.
# Native memory allocation (mmap) failed to map 142606336 bytes for G1 virtual space
# Possible reasons:
#   The system is out of physical RAM or swap space
#   The process is running with CompressedOops enabled, and the Java Heap may be blocking the growth of the native heap
# Possible solutions:
#   Reduce memory load on the system
#   Increase physical memory or swap space
#   Check if swap backing store is full
#   Decrease Java heap size (-Xmx/-Xms)
#   Decrease number of Java threads
#   Decrease Java thread stack sizes (-Xss)
#   Set larger code cache with -XX:ReservedCodeCacheSize=
#   JVM is running with Zero Based Compressed Oops mode in which the Java heap is
#     placed in the first 32GB address space. The Java Heap base address is the
#     maximum limit for the native heap growth. Please use -XX:HeapBaseMinAddress
#     to set the Java Heap base and to place the Java Heap above 32GB virtual address.
# This output file may be truncated or incomplete.
#
#  Out of Memory Error (os_windows.cpp:3551), pid=20040, tid=24072
#
# JRE version: Java(TM) SE Runtime Environment (17.0.17+8) (build 17.0.17+8-LTS-360)
# Java VM: Java HotSpot(TM) 64-Bit Server VM (17.0.17+8-LTS-360, mixed mode, sharing, tiered, compressed oops, compressed class ptrs, g1 gc, windows-amd64)
# No core dump will be written. Minidumps are not enabled by default on client versions of Windows
#

---------------  S U M M A R Y ------------

Command Line: --add-opens=java.base/java.lang=ALL-UNNAMED --add-opens=java.base/java.lang.invoke=ALL-UNNAMED --add-opens=java.base/java.util=ALL-UNNAMED --add-opens=java.prefs/java.util.prefs=ALL-UNNAMED --add-exports=jdk.compiler/com.sun.tools.javac.api=ALL-UNNAMED --add-exports=jdk.compiler/com.sun.tools.javac.util=ALL-UNNAMED --add-opens=java.base/java.util=ALL-UNNAMED --add-opens=java.prefs/java.util.prefs=ALL-UNNAMED --add-opens=java.base/java.nio.charset=ALL-UNNAMED --add-opens=java.base/java.net=ALL-UNNAMED --add-opens=java.base/java.util.concurrent=ALL-UNNAMED --add-opens=java.base/java.util.concurrent.atomic=ALL-UNNAMED --add-opens=java.xml/javax.xml.namespace=ALL-UNNAMED -XX:MaxMetaspaceSize=1024m -XX:+HeapDumpOnOutOfMemoryError -Xmx8192m -Dfile.encoding=UTF-8 -Duser.country=IN -Duser.language=en -Duser.variant -javaagent:C:\Users\ag913\.gradle\wrapper\dists\gradle-9.0.0-bin\d6wjpkvcgsg3oed0qlfss3wgl\gradle-9.0.0\lib\agents\gradle-instrumentation-agent-9.0.0.jar org.gradle.launcher.daemon.bootstrap.GradleDaemon 9.0.0

Host: 11th Gen Intel(R) Core(TM) i3-1115G4 @ 3.00GHz, 4 cores, 7G,  Windows 11 , 64 bit Build 26100 (10.0.26100.8521)
Time: Tue Jun  2 09:53:21 2026 India Standard Time elapsed time: 138.519190 seconds (0d 0h 2m 18s)

---------------  T H R E A D  ---------------

Current thread (0x000001937f2ab4f0):  VMThread "VM Thread" [stack: 0x0000002a8d100000,0x0000002a8d200000] [id=24072]

Stack: [0x0000002a8d100000,0x0000002a8d200000]
Native frames: (J=compiled Java code, j=interpreted, Vv=VM code, C=native code)
V  [jvm.dll+0x67a0ea]
V  [jvm.dll+0x7da56d]
V  [jvm.dll+0x7dbeb3]
V  [jvm.dll+0x7dc523]
V  [jvm.dll+0x2453af]
V  [jvm.dll+0x677119]
V  [jvm.dll+0x66bda2]
V  [jvm.dll+0x3022a6]
V  [jvm.dll+0x309846]
V  [jvm.dll+0x35a25e]
V  [jvm.dll+0x35a48f]
V  [jvm.dll+0x2d9378]
V  [jvm.dll+0x2d77ad]
V  [jvm.dll+0x2d6dfc]
V  [jvm.dll+0x31a95b]
V  [jvm.dll+0x7e0e1b]
V  [jvm.dll+0x7e1b54]
V  [jvm.dll+0x7e206d]
V  [jvm.dll+0x7e2444]
V  [jvm.dll+0x7e2510]
V  [jvm.dll+0x78af4a]
V  [jvm.dll+0x678fd5]
C  [ucrtbase.dll+0x2cd30]
C  [KERNEL32.DLL+0x2e957]
C  [ntdll.dll+0x87c1c]

VM_Operation (0x0000002a8edfe760): G1CollectForAllocation, mode: safepoint, requested by thread 0x000001935e7f8540


---------------  P R O C E S S  ---------------

Threads class SMR info:
_java_thread_list=0x0000019363859ee0, length=93, elements={
0x00000193777f8c40, 0x000001937f2b2160, 0x000001937f2b3790, 0x000001937f2c9430,
0x000001937f2c9cf0, 0x000001937f2ca5b0, 0x000001937f2cae70, 0x000001937f2cda70,
0x000001937f30dc00, 0x000001937f786b00, 0x000001937f29c4f0, 0x000001937f8bfa50,
0x000001935db57660, 0x000001935dbcf1c0, 0x000001935e0d13f0, 0x000001935d90e670,
0x000001935d633990, 0x000001935e5efb00, 0x000001935e7f7b50, 0x000001935e7f8a10,
0x000001935e7f8ee0, 0x000001935e7fb560, 0x000001935e7f8070, 0x000001935e7fb090,
0x000001935e7f8540, 0x000001935e7f9880, 0x000001935e7f9d50, 0x000001935e7fabc0,
0x000001935e7fa220, 0x000001935e7f93b0, 0x000001935e7fa6f0, 0x000001935e7fba30,
0x0000019360860050, 0x0000019360863540, 0x0000019360863a10, 0x00000193608626d0,
0x0000019360862200, 0x0000019360861390, 0x000001935e669ff0, 0x000001935e66a4c0,
0x000001935e6687e0, 0x000001935e66b330, 0x000001935e66a990, 0x000001935e669650,
0x000001935e669b20, 0x000001935e668cb0, 0x000001935e669180, 0x000001935f50f530,
0x000001935f50fa00, 0x000001935f512a20, 0x000001935f512080, 0x000001935f512550,
0x000001935f50f060, 0x000001935f510d40, 0x000001935f5103a0, 0x00000193620809a0,
0x000001936207f660, 0x000001936207e7f0, 0x0000019362082680, 0x00000193620856a0,
0x00000193620834f0, 0x00000193620821b0, 0x0000019362084360, 0x0000019362082b50,
0x0000019362084830, 0x00000193620839c0, 0x0000019362083020, 0x0000019362084d00,
0x00000193620851d0, 0x0000019362081ce0, 0x0000019362083e90, 0x0000019362085b70,
0x0000019360860ec0, 0x0000019361106d40, 0x0000019361107bb0, 0x0000019361105530,
0x0000019361107210, 0x00000193611076e0, 0x0000019361108080, 0x0000019361105ed0,
0x0000019361108550, 0x0000019361108a20, 0x00000193611063a0, 0x0000019361105a00,
0x0000019361109890, 0x000001936110a700, 0x000001935f6854d0, 0x000001935f684190,
0x0000019363962150, 0x0000019363963e30, 0x00000193639647d0, 0x0000019363961c80,
0x000001935da57230
}

Java Threads: ( => current thread )
  0x00000193777f8c40 JavaThread "main" [_thread_blocked, id=24304, stack(0x0000002a8ca00000,0x0000002a8cb00000)]
  0x000001937f2b2160 JavaThread "Reference Handler" daemon [_thread_blocked, id=22408, stack(0x0000002a8d200000,0x0000002a8d300000)]
  0x000001937f2b3790 JavaThread "Finalizer" daemon [_thread_blocked, id=24716, stack(0x0000002a8d300000,0x0000002a8d400000)]
  0x000001937f2c9430 JavaThread "Signal Dispatcher" daemon [_thread_blocked, id=25352, stack(0x0000002a8d400000,0x0000002a8d500000)]
  0x000001937f2c9cf0 JavaThread "Attach Listener" daemon [_thread_blocked, id=25420, stack(0x0000002a8d500000,0x0000002a8d600000)]
  0x000001937f2ca5b0 JavaThread "Service Thread" daemon [_thread_blocked, id=4892, stack(0x0000002a8d600000,0x0000002a8d700000)]
  0x000001937f2cae70 JavaThread "Monitor Deflation Thread" daemon [_thread_blocked, id=25788, stack(0x0000002a8d700000,0x0000002a8d800000)]
  0x000001937f2cda70 JavaThread "C2 CompilerThread0" daemon [_thread_blocked, id=24580, stack(0x0000002a8d800000,0x0000002a8d900000)]
  0x000001937f30dc00 JavaThread "C1 CompilerThread0" daemon [_thread_blocked, id=26108, stack(0x0000002a8d900000,0x0000002a8da00000)]
  0x000001937f786b00 JavaThread "Sweeper thread" daemon [_thread_blocked, id=16348, stack(0x0000002a8da00000,0x0000002a8db00000)]
  0x000001937f29c4f0 JavaThread "Common-Cleaner" daemon [_thread_blocked, id=7320, stack(0x0000002a8db00000,0x0000002a8dc00000)]
  0x000001937f8bfa50 JavaThread "Notification Thread" daemon [_thread_blocked, id=21684, stack(0x0000002a8dc00000,0x0000002a8dd00000)]
  0x000001935db57660 JavaThread "Daemon health stats" [_thread_blocked, id=15004, stack(0x0000002a8e100000,0x0000002a8e200000)]
  0x000001935dbcf1c0 JavaThread "Incoming local TCP Connector on port 58864" [_thread_in_native, id=24356, stack(0x0000002a8e200000,0x0000002a8e300000)]
  0x000001935e0d13f0 JavaThread "Daemon periodic checks" [_thread_blocked, id=9212, stack(0x0000002a8e300000,0x0000002a8e400000)]
  0x000001935d90e670 JavaThread "Daemon" [_thread_blocked, id=9948, stack(0x0000002a8e400000,0x0000002a8e500000)]
  0x000001935d633990 JavaThread "Handler for socket connection from /127.0.0.1:58864 to /127.0.0.1:58865" [_thread_in_native, id=23676, stack(0x0000002a8e500000,0x0000002a8e600000)]
  0x000001935e5efb00 JavaThread "Cancel handler" [_thread_blocked, id=19204, stack(0x0000002a8e600000,0x0000002a8e700000)]
  0x000001935e7f7b50 JavaThread "Daemon worker" [_thread_blocked, id=25524, stack(0x0000002a8e700000,0x0000002a8e800000)]
  0x000001935e7f8a10 JavaThread "Asynchronous log dispatcher for DefaultDaemonConnection: socket connection from /127.0.0.1:58864 to /127.0.0.1:58865" [_thread_blocked, id=10812, stack(0x0000002a8e800000,0x0000002a8e900000)]
  0x000001935e7f8ee0 JavaThread "Stdin handler" [_thread_blocked, id=25912, stack(0x0000002a8e900000,0x0000002a8ea00000)]
  0x000001935e7fb560 JavaThread "Daemon client event forwarder" [_thread_blocked, id=22628, stack(0x0000002a8ea00000,0x0000002a8eb00000)]
  0x000001935e7f8070 JavaThread "Cache worker for journal cache (C:\Users\ag913\.gradle\caches\journal-1)" [_thread_blocked, id=25072, stack(0x0000002a8eb00000,0x0000002a8ec00000)]
  0x000001935e7fb090 JavaThread "File lock request listener" [_thread_in_native, id=21668, stack(0x0000002a8ec00000,0x0000002a8ed00000)]
  0x000001935e7f8540 JavaThread "Cache worker for file hash cache (C:\Users\ag913\.gradle\caches\9.0.0\fileHashes)" [_thread_blocked, id=14440, stack(0x0000002a8ed00000,0x0000002a8ee00000)]
  0x000001935e7f9880 JavaThread "Cache worker for file hash cache (C:\rnapp\mobile\android\.gradle\9.0.0\fileHashes)" [_thread_blocked, id=6512, stack(0x0000002a8ee00000,0x0000002a8ef00000)]
  0x000001935e7f9d50 JavaThread "Cache worker for Build Output Cleanup Cache (C:\rnapp\mobile\android\.gradle\buildOutputCleanup)" [_thread_blocked, id=4784, stack(0x0000002a8ef00000,0x0000002a8f000000)]
  0x000001935e7fabc0 JavaThread "File watcher server" daemon [_thread_in_native, id=26376, stack(0x0000002a8f000000,0x0000002a8f100000)]
  0x000001935e7fa220 JavaThread "File watcher consumer" daemon [_thread_blocked, id=25868, stack(0x0000002a8f100000,0x0000002a8f200000)]
  0x000001935e7f93b0 JavaThread "jar transforms" [_thread_blocked, id=20972, stack(0x0000002a8f200000,0x0000002a8f300000)]
  0x000001935e7fa6f0 JavaThread "jar transforms Thread 2" [_thread_blocked, id=18720, stack(0x0000002a8f300000,0x0000002a8f400000)]
  0x000001935e7fba30 JavaThread "jar transforms Thread 3" [_thread_blocked, id=19992, stack(0x0000002a8f400000,0x0000002a8f500000)]
  0x0000019360860050 JavaThread "Cache worker for checksums cache (C:\rnapp\mobile\android\.gradle\9.0.0\checksums)" [_thread_blocked, id=17576, stack(0x0000002a8f600000,0x0000002a8f700000)]
  0x0000019360863540 JavaThread "Cache worker for file content cache (C:\Users\ag913\.gradle\caches\9.0.0\fileContent)" [_thread_blocked, id=19688, stack(0x0000002a8f700000,0x0000002a8f800000)]
  0x0000019360863a10 JavaThread "Cache worker for cache directory md-supplier (C:\Users\ag913\.gradle\caches\9.0.0\md-supplier)" [_thread_blocked, id=20904, stack(0x0000002a8f500000,0x0000002a8f600000)]
  0x00000193608626d0 JavaThread "Cache worker for cache directory md-rule (C:\Users\ag913\.gradle\caches\9.0.0\md-rule)" [_thread_blocked, id=26252, stack(0x0000002a8f800000,0x0000002a8f900000)]
  0x0000019360862200 JavaThread "jar transforms Thread 4" [_thread_blocked, id=18696, stack(0x0000002a8f900000,0x0000002a8fa00000)]
  0x0000019360861390 JavaThread "Cache worker for Build Output Cleanup Cache (C:\rnapp\mobile\node_modules\@react-native\gradle-plugin\.gradle\buildOutputCleanup)" [_thread_blocked, id=20508, stack(0x0000002a8fa00000,0x0000002a8fb00000)]
  0x000001935e669ff0 JavaThread "Unconstrained build operations" [_thread_blocked, id=21608, stack(0x0000002a8fb00000,0x0000002a8fc00000)]
  0x000001935e66a4c0 JavaThread "Unconstrained build operations Thread 2" [_thread_blocked, id=4252, stack(0x0000002a8fd00000,0x0000002a8fe00000)]
  0x000001935e6687e0 JavaThread "Unconstrained build operations Thread 3" [_thread_blocked, id=25584, stack(0x0000002a8fe00000,0x0000002a8ff00000)]
  0x000001935e66b330 JavaThread "Unconstrained build operations Thread 4" [_thread_blocked, id=22512, stack(0x0000002a8ff00000,0x0000002a90000000)]
  0x000001935e66a990 JavaThread "Unconstrained build operations Thread 5" [_thread_blocked, id=26608, stack(0x0000002a90000000,0x0000002a90100000)]
  0x000001935e669650 JavaThread "Unconstrained build operations Thread 6" [_thread_blocked, id=19868, stack(0x0000002a90100000,0x0000002a90200000)]
  0x000001935e669b20 JavaThread "Unconstrained build operations Thread 7" [_thread_blocked, id=24292, stack(0x0000002a90200000,0x0000002a90300000)]
  0x000001935e668cb0 JavaThread "Unconstrained build operations Thread 8" [_thread_blocked, id=6328, stack(0x0000002a90300000,0x0000002a90400000)]
  0x000001935e669180 JavaThread "Unconstrained build operations Thread 9" [_thread_blocked, id=24268, stack(0x0000002a90400000,0x0000002a90500000)]
  0x000001935f50f530 JavaThread "Unconstrained build operations Thread 10" [_thread_blocked, id=24436, stack(0x0000002a90500000,0x0000002a90600000)]
  0x000001935f50fa00 JavaThread "Unconstrained build operations Thread 11" [_thread_blocked, id=26276, stack(0x0000002a90600000,0x0000002a90700000)]
  0x000001935f512a20 JavaThread "Unconstrained build operations Thread 12" [_thread_blocked, id=25748, stack(0x0000002a90700000,0x0000002a90800000)]
  0x000001935f512080 JavaThread "Unconstrained build operations Thread 13" [_thread_blocked, id=26404, stack(0x0000002a90800000,0x0000002a90900000)]
  0x000001935f512550 JavaThread "Unconstrained build operations Thread 14" [_thread_blocked, id=20472, stack(0x0000002a90900000,0x0000002a90a00000)]
  0x000001935f50f060 JavaThread "Unconstrained build operations Thread 15" [_thread_blocked, id=25252, stack(0x0000002a90a00000,0x0000002a90b00000)]
  0x000001935f510d40 JavaThread "build event listener" [_thread_blocked, id=25636, stack(0x0000002a90b00000,0x0000002a90c00000)]
  0x000001935f5103a0 JavaThread "Memory manager" [_thread_blocked, id=21012, stack(0x0000002a90c00000,0x0000002a90d00000)]
  0x00000193620809a0 JavaThread "ForkJoinPool.commonPool-worker-1" daemon [_thread_blocked, id=22616, stack(0x0000002a90d00000,0x0000002a90e00000)]
  0x000001936207f660 JavaThread "ForkJoinPool.commonPool-worker-3" daemon [_thread_blocked, id=22556, stack(0x0000002a91100000,0x0000002a91200000)]
  0x000001936207e7f0 JavaThread "Execution worker" [_thread_blocked, id=22292, stack(0x0000002a91600000,0x0000002a91700000)]
  0x0000019362082680 JavaThread "Execution worker Thread 2" [_thread_blocked, id=16792, stack(0x0000002a91700000,0x0000002a91800000)]
  0x00000193620856a0 JavaThread "Execution worker Thread 3" [_thread_blocked, id=13780, stack(0x0000002a91800000,0x0000002a91900000)]
  0x00000193620834f0 JavaThread "Cache worker for execution history cache (C:\rnapp\mobile\node_modules\@react-native\gradle-plugin\.gradle\9.0.0\executionHistory)" [_thread_blocked, id=20868, stack(0x0000002a91900000,0x0000002a91a00000)]
  0x00000193620821b0 JavaThread "Unconstrained build operations Thread 16" [_thread_blocked, id=18512, stack(0x0000002a91a00000,0x0000002a91b00000)]
  0x0000019362084360 JavaThread "Unconstrained build operations Thread 17" [_thread_blocked, id=26548, stack(0x0000002a91b00000,0x0000002a91c00000)]
  0x0000019362082b50 JavaThread "Unconstrained build operations Thread 18" [_thread_blocked, id=23780, stack(0x0000002a91c00000,0x0000002a91d00000)]
  0x0000019362084830 JavaThread "Unconstrained build operations Thread 19" [_thread_blocked, id=26096, stack(0x0000002a91d00000,0x0000002a91e00000)]
  0x00000193620839c0 JavaThread "Unconstrained build operations Thread 20" [_thread_blocked, id=11428, stack(0x0000002a91e00000,0x0000002a91f00000)]
  0x0000019362083020 JavaThread "Unconstrained build operations Thread 21" [_thread_blocked, id=23844, stack(0x0000002a91f00000,0x0000002a92000000)]
  0x0000019362084d00 JavaThread "Unconstrained build operations Thread 22" [_thread_blocked, id=25880, stack(0x0000002a92000000,0x0000002a92100000)]
  0x00000193620851d0 JavaThread "Unconstrained build operations Thread 23" [_thread_blocked, id=7472, stack(0x0000002a92100000,0x0000002a92200000)]
  0x0000019362081ce0 JavaThread "Unconstrained build operations Thread 24" [_thread_blocked, id=25060, stack(0x0000002a92200000,0x0000002a92300000)]
  0x0000019362083e90 JavaThread "Unconstrained build operations Thread 25" [_thread_blocked, id=24420, stack(0x0000002a92300000,0x0000002a92400000)]
  0x0000019362085b70 JavaThread "Unconstrained build operations Thread 26" [_thread_blocked, id=4204, stack(0x0000002a92400000,0x0000002a92500000)]
  0x0000019360860ec0 JavaThread "Unconstrained build operations Thread 27" [_thread_blocked, id=20028, stack(0x0000002a92500000,0x0000002a92600000)]
  0x0000019361106d40 JavaThread "Unconstrained build operations Thread 28" [_thread_blocked, id=25232, stack(0x0000002a92600000,0x0000002a92700000)]
  0x0000019361107bb0 JavaThread "Unconstrained build operations Thread 29" [_thread_blocked, id=14468, stack(0x0000002a92700000,0x0000002a92800000)]
  0x0000019361105530 JavaThread "Unconstrained build operations Thread 30" [_thread_blocked, id=17384, stack(0x0000002a92800000,0x0000002a92900000)]
  0x0000019361107210 JavaThread "Unconstrained build operations Thread 31" [_thread_blocked, id=19492, stack(0x0000002a92900000,0x0000002a92a00000)]
  0x00000193611076e0 JavaThread "Unconstrained build operations Thread 32" [_thread_blocked, id=24144, stack(0x0000002a92a00000,0x0000002a92b00000)]
  0x0000019361108080 JavaThread "Unconstrained build operations Thread 33" [_thread_blocked, id=9796, stack(0x0000002a92b00000,0x0000002a92c00000)]
  0x0000019361105ed0 JavaThread "Unconstrained build operations Thread 34" [_thread_blocked, id=25508, stack(0x0000002a92c00000,0x0000002a92d00000)]
  0x0000019361108550 JavaThread "Unconstrained build operations Thread 35" [_thread_blocked, id=21196, stack(0x0000002a92d00000,0x0000002a92e00000)]
  0x0000019361108a20 JavaThread "Unconstrained build operations Thread 36" [_thread_blocked, id=18056, stack(0x0000002a92e00000,0x0000002a92f00000)]
  0x00000193611063a0 JavaThread "Unconstrained build operations Thread 37" [_thread_blocked, id=9068, stack(0x0000002a92f00000,0x0000002a93000000)]
  0x0000019361105a00 JavaThread "Unconstrained build operations Thread 38" [_thread_blocked, id=16956, stack(0x0000002a93000000,0x0000002a93100000)]
  0x0000019361109890 JavaThread "Unconstrained build operations Thread 39" [_thread_blocked, id=25392, stack(0x0000002a93100000,0x0000002a93200000)]
  0x000001936110a700 JavaThread "Unconstrained build operations Thread 40" [_thread_blocked, id=5048, stack(0x0000002a93200000,0x0000002a93300000)]
  0x000001935f6854d0 JavaThread "build event listener" [_thread_blocked, id=10700, stack(0x0000002a8c900000,0x0000002a8ca00000)]
  0x000001935f684190 JavaThread "Problems report writer" [_thread_blocked, id=23908, stack(0x0000002a8cb00000,0x0000002a8cc00000)]
  0x0000019363962150 JavaThread "File lock release action executor" [_thread_blocked, id=26280, stack(0x0000002a93300000,0x0000002a93400000)]
  0x0000019363963e30 JavaThread "Exec process" [_thread_blocked, id=21980, stack(0x0000002a93400000,0x0000002a93500000)]
  0x00000193639647d0 JavaThread "Exec process Thread 2" [_thread_blocked, id=3908, stack(0x0000002a93500000,0x0000002a93600000)]
  0x0000019363961c80 JavaThread "Exec process Thread 3" [_thread_blocked, id=3692, stack(0x0000002a93600000,0x0000002a93700000)]
  0x000001935da57230 JavaThread "C2 CompilerThread1" daemon [_thread_blocked, id=6572, stack(0x0000002a90e00000,0x0000002a90f00000)]

Other Threads:
=>0x000001937f2ab4f0 VMThread "VM Thread" [stack: 0x0000002a8d100000,0x0000002a8d200000] [id=24072]
  0x000001937f86d000 WatcherThread [stack: 0x0000002a8dd00000,0x0000002a8de00000] [id=17220]
  0x00000193778a8b40 GCTaskThread "GC Thread#0" [stack: 0x0000002a8cc00000,0x0000002a8cd00000] [id=24440]
  0x000001937fa01620 GCTaskThread "GC Thread#1" [stack: 0x0000002a8de00000,0x0000002a8df00000] [id=21956]
  0x000001937fa06da0 GCTaskThread "GC Thread#2" [stack: 0x0000002a8df00000,0x0000002a8e000000] [id=18284]
  0x000001935dbf79d0 GCTaskThread "GC Thread#3" [stack: 0x0000002a8e000000,0x0000002a8e100000] [id=7684]
  0x00000193778b99a0 ConcurrentGCThread "G1 Main Marker" [stack: 0x0000002a8cd00000,0x0000002a8ce00000] [id=26020]
  0x00000193778bb2d0 ConcurrentGCThread "G1 Conc#0" [stack: 0x0000002a8ce00000,0x0000002a8cf00000] [id=23776]
  0x00000193778bec20 ConcurrentGCThread "G1 Refine#0" [stack: 0x0000002a8cf00000,0x0000002a8d000000] [id=12756]
  0x000001937f161d00 ConcurrentGCThread "G1 Service" [stack: 0x0000002a8d000000,0x0000002a8d100000] [id=2932]

Threads with active compile tasks:
C2 CompilerThread0   138570 18599   !   4       org.gradle.api.internal.artifacts.ivyservice.resolveengine.artifact.VariantResolvingArtifactSet::select (178 bytes)

VM state: at safepoint (normal execution)

VM Mutex/Monitor currently owned by a thread:  ([mutex/lock_event])
[0x00000193777f3b40] Threads_lock - owner thread: 0x000001937f2ab4f0
[0x00000193777f47a0] Heap_lock - owner thread: 0x000001935e7f8540

Heap address: 0x0000000600000000, size: 8192 MB, Compressed Oops mode: Zero based, Oop shift amount: 3

CDS archive(s) mapped at: [0x0000019324000000-0x0000019324bd0000-0x0000019324bd0000), size 12386304, SharedBaseAddress: 0x0000019324000000, ArchiveRelocationMode: 1.
Compressed class space mapped at: 0x0000019325000000-0x0000019359000000, reserved size: 872415232
Narrow klass base: 0x0000019324000000, Narrow klass shift: 0, Narrow klass range: 0x100000000

GC Precious Log:
 CPUs: 4 total, 4 available
 Memory: 7834M
 Large Page Support: Disabled
 NUMA Support: Disabled
 Compressed Oops: Enabled (Zero based)
 Heap Region Size: 4M
 Heap Min Capacity: 8M
 Heap Initial Capacity: 124M
 Heap Max Capacity: 8G
 Pre-touch: Disabled
 Parallel Workers: 4
 Concurrent Workers: 1
 Concurrent Refinement Workers: 4
 Periodic GC: Disabled

Heap:
 garbage-first heap   total 409600K, used 268545K [0x0000000600000000, 0x0000000800000000)
  region size 4096K, 2 young (8192K), 2 survivors (8192K)
 Metaspace       used 118926K, committed 121280K, reserved 983040K
  class space    used 16584K, committed 17664K, reserved 851968K

Heap Regions: E=young(eden), S=young(survivor), O=old, HS=humongous(starts), HC=humongous(continues), CS=collection set, F=free, OA=open archive, CA=closed archive, TAMS=top-at-mark-start (previous, next)
|   0|0x0000000600000000, 0x0000000600400000, 0x0000000600400000|100%|HS|  |TAMS 0x0000000600400000, 0x0000000600000000| Complete 
|   1|0x0000000600400000, 0x0000000600800000, 0x0000000600800000|100%| O|  |TAMS 0x0000000600800000, 0x0000000600400000| Untracked 
|   2|0x0000000600800000, 0x0000000600c00000, 0x0000000600c00000|100%| O|  |TAMS 0x0000000600c00000, 0x0000000600800000| Untracked 
|   3|0x0000000600c00000, 0x0000000601000000, 0x0000000601000000|100%| O|  |TAMS 0x0000000601000000, 0x0000000600c00000| Untracked 
|   4|0x0000000601000000, 0x0000000601400000, 0x0000000601400000|100%| O|  |TAMS 0x0000000601400000, 0x0000000601000000| Untracked 
|   5|0x0000000601400000, 0x0000000601800000, 0x0000000601800000|100%| O|  |TAMS 0x0000000601800000, 0x0000000601400000| Untracked 
|   6|0x0000000601800000, 0x0000000601c00000, 0x0000000601c00000|100%| O|  |TAMS 0x0000000601c00000, 0x0000000601800000| Untracked 
|   7|0x0000000601c00000, 0x0000000602000000, 0x0000000602000000|100%| O|  |TAMS 0x0000000602000000, 0x0000000601c00000| Untracked 
|   8|0x0000000602000000, 0x0000000602400000, 0x0000000602400000|100%| O|  |TAMS 0x0000000602400000, 0x0000000602000000| Untracked 
|   9|0x0000000602400000, 0x0000000602800000, 0x0000000602800000|100%| O|  |TAMS 0x0000000602800000, 0x0000000602400000| Untracked 
|  10|0x0000000602800000, 0x0000000602c00000, 0x0000000602c00000|100%| O|  |TAMS 0x0000000602c00000, 0x0000000602800000| Untracked 
|  11|0x0000000602c00000, 0x0000000603000000, 0x0000000603000000|100%| O|  |TAMS 0x0000000603000000, 0x0000000602c00000| Untracked 
|  12|0x0000000603000000, 0x0000000603400000, 0x0000000603400000|100%| O|  |TAMS 0x0000000603400000, 0x0000000603000000| Untracked 
|  13|0x0000000603400000, 0x0000000603800000, 0x0000000603800000|100%|HS|  |TAMS 0x0000000603800000, 0x0000000603400000| Complete 
|  14|0x0000000603800000, 0x0000000603c00000, 0x0000000603c00000|100%| O|  |TAMS 0x0000000603c00000, 0x0000000603800000| Untracked 
|  15|0x0000000603c00000, 0x0000000604000000, 0x0000000604000000|100%|HS|  |TAMS 0x0000000604000000, 0x0000000603c00000| Complete 
|  16|0x0000000604000000, 0x0000000604400000, 0x0000000604400000|100%| O|  |TAMS 0x0000000604400000, 0x0000000604000000| Untracked 
|  17|0x0000000604400000, 0x0000000604800000, 0x0000000604800000|100%| O|  |TAMS 0x0000000604800000, 0x0000000604400000| Untracked 
|  18|0x0000000604800000, 0x0000000604c00000, 0x0000000604c00000|100%| O|  |TAMS 0x0000000604c00000, 0x0000000604800000| Untracked 
|  19|0x0000000604c00000, 0x0000000605000000, 0x0000000605000000|100%| O|  |TAMS 0x0000000604c00000, 0x0000000604c00000| Untracked 
|  20|0x0000000605000000, 0x0000000605400000, 0x0000000605400000|100%| O|  |TAMS 0x0000000605400000, 0x0000000605000000| Untracked 
|  21|0x0000000605400000, 0x0000000605800000, 0x0000000605800000|100%| O|  |TAMS 0x0000000605400000, 0x0000000605400000| Untracked 
|  22|0x0000000605800000, 0x0000000605c00000, 0x0000000605c00000|100%| O|  |TAMS 0x0000000605c00000, 0x0000000605800000| Untracked 
|  23|0x0000000605c00000, 0x0000000606000000, 0x0000000606000000|100%| O|  |TAMS 0x0000000605c38a00, 0x0000000605c00000| Untracked 
|  24|0x0000000606000000, 0x0000000606400000, 0x0000000606400000|100%| O|  |TAMS 0x0000000606000000, 0x0000000606000000| Untracked 
|  25|0x0000000606400000, 0x0000000606800000, 0x0000000606800000|100%| O|  |TAMS 0x0000000606400000, 0x0000000606400000| Untracked 
|  26|0x0000000606800000, 0x0000000606c00000, 0x0000000606c00000|100%| O|  |TAMS 0x0000000606800000, 0x0000000606800000| Untracked 
|  27|0x0000000606c00000, 0x0000000607000000, 0x0000000607000000|100%|HS|  |TAMS 0x0000000606c00000, 0x0000000606c00000| Complete 
|  28|0x0000000607000000, 0x0000000607400000, 0x0000000607400000|100%| O|  |TAMS 0x0000000607000000, 0x0000000607000000| Untracked 
|  29|0x0000000607400000, 0x0000000607800000, 0x0000000607800000|100%| O|  |TAMS 0x0000000607400000, 0x0000000607400000| Untracked 
|  30|0x0000000607800000, 0x0000000607c00000, 0x0000000607c00000|100%| O|  |TAMS 0x0000000607800000, 0x0000000607800000| Untracked 
|  31|0x0000000607c00000, 0x0000000608000000, 0x0000000608000000|100%| O|  |TAMS 0x0000000607c00000, 0x0000000607c00000| Untracked 
|  32|0x0000000608000000, 0x0000000608400000, 0x0000000608400000|100%| O|  |TAMS 0x0000000608000000, 0x0000000608000000| Untracked 
|  33|0x0000000608400000, 0x0000000608800000, 0x0000000608800000|100%| O|  |TAMS 0x0000000608400000, 0x0000000608400000| Untracked 
|  34|0x0000000608800000, 0x0000000608c00000, 0x0000000608c00000|100%| O|  |TAMS 0x0000000608800000, 0x0000000608800000| Untracked 
|  35|0x0000000608c00000, 0x0000000609000000, 0x0000000609000000|100%| O|  |TAMS 0x0000000608c00000, 0x0000000608c00000| Untracked 
|  36|0x0000000609000000, 0x0000000609400000, 0x0000000609400000|100%| O|  |TAMS 0x0000000609000000, 0x0000000609000000| Untracked 
|  37|0x0000000609400000, 0x0000000609800000, 0x0000000609800000|100%| O|  |TAMS 0x0000000609400000, 0x0000000609400000| Untracked 
|  38|0x0000000609800000, 0x0000000609c00000, 0x0000000609c00000|100%| O|  |TAMS 0x0000000609800000, 0x0000000609800000| Untracked 
|  39|0x0000000609c00000, 0x000000060a000000, 0x000000060a000000|100%| O|  |TAMS 0x0000000609c00000, 0x0000000609c00000| Untracked 
|  40|0x000000060a000000, 0x000000060a400000, 0x000000060a400000|100%| O|  |TAMS 0x000000060a000000, 0x000000060a000000| Untracked 
|  41|0x000000060a400000, 0x000000060a800000, 0x000000060a800000|100%| O|  |TAMS 0x000000060a400000, 0x000000060a400000| Untracked 
|  42|0x000000060a800000, 0x000000060ac00000, 0x000000060ac00000|100%| O|  |TAMS 0x000000060a800000, 0x000000060a800000| Untracked 
|  43|0x000000060ac00000, 0x000000060b000000, 0x000000060b000000|100%| O|  |TAMS 0x000000060ac00000, 0x000000060ac00000| Untracked 
|  44|0x000000060b000000, 0x000000060b400000, 0x000000060b400000|100%| O|  |TAMS 0x000000060b000000, 0x000000060b000000| Untracked 
|  45|0x000000060b400000, 0x000000060b800000, 0x000000060b800000|100%| O|  |TAMS 0x000000060b400000, 0x000000060b400000| Untracked 
|  46|0x000000060b800000, 0x000000060bc00000, 0x000000060bc00000|100%| O|  |TAMS 0x000000060b800000, 0x000000060b800000| Untracked 
|  47|0x000000060bc00000, 0x000000060c000000, 0x000000060c000000|100%| O|  |TAMS 0x000000060bc00000, 0x000000060bc00000| Untracked 
|  48|0x000000060c000000, 0x000000060c400000, 0x000000060c400000|100%| O|  |TAMS 0x000000060c000000, 0x000000060c000000| Untracked 
|  49|0x000000060c400000, 0x000000060c800000, 0x000000060c800000|100%| O|  |TAMS 0x000000060c400000, 0x000000060c400000| Untracked 
|  50|0x000000060c800000, 0x000000060cc00000, 0x000000060cc00000|100%| O|  |TAMS 0x000000060c800000, 0x000000060c800000| Untracked 
|  51|0x000000060cc00000, 0x000000060d000000, 0x000000060d000000|100%| O|  |TAMS 0x000000060cc00000, 0x000000060cc00000| Untracked 
|  52|0x000000060d000000, 0x000000060d400000, 0x000000060d400000|100%| O|  |TAMS 0x000000060d000000, 0x000000060d000000| Untracked 
|  53|0x000000060d400000, 0x000000060d800000, 0x000000060d800000|100%| O|  |TAMS 0x000000060d400000, 0x000000060d400000| Untracked 
|  54|0x000000060d800000, 0x000000060dc00000, 0x000000060dc00000|100%| O|  |TAMS 0x000000060d800000, 0x000000060d800000| Untracked 
|  55|0x000000060dc00000, 0x000000060e000000, 0x000000060e000000|100%| O|  |TAMS 0x000000060dc00000, 0x000000060dc00000| Untracked 
|  56|0x000000060e000000, 0x000000060e400000, 0x000000060e400000|100%| O|  |TAMS 0x000000060e000000, 0x000000060e000000| Untracked 
|  57|0x000000060e400000, 0x000000060e800000, 0x000000060e800000|100%| O|  |TAMS 0x000000060e400000, 0x000000060e400000| Untracked 
|  58|0x000000060e800000, 0x000000060ec00000, 0x000000060ec00000|100%| O|  |TAMS 0x000000060e800000, 0x000000060e800000| Untracked 
|  59|0x000000060ec00000, 0x000000060f000000, 0x000000060f000000|100%| O|  |TAMS 0x000000060ec00000, 0x000000060ec00000| Untracked 
|  60|0x000000060f000000, 0x000000060f400000, 0x000000060f400000|100%| O|  |TAMS 0x000000060f000000, 0x000000060f000000| Untracked 
|  61|0x000000060f400000, 0x000000060f800000, 0x000000060f800000|100%| O|  |TAMS 0x000000060f400000, 0x000000060f400000| Untracked 
|  62|0x000000060f800000, 0x000000060fc00000, 0x000000060fc00000|100%| O|  |TAMS 0x000000060f800000, 0x000000060f800000| Untracked 
|  63|0x000000060fc00000, 0x0000000610000000, 0x0000000610000000|100%| O|  |TAMS 0x000000060fc00000, 0x000000060fc00000| Untracked 
|  64|0x0000000610000000, 0x00000006100aec00, 0x0000000610400000| 17%| O|  |TAMS 0x0000000610000000, 0x0000000610000000| Untracked 
|  65|0x0000000610400000, 0x0000000610400000, 0x0000000610800000|  0%| F|  |TAMS 0x0000000610400000, 0x0000000610400000| Untracked 
|  66|0x0000000610800000, 0x0000000610800000, 0x0000000610c00000|  0%| F|  |TAMS 0x0000000610800000, 0x0000000610800000| Untracked 
|  67|0x0000000610c00000, 0x0000000610c00000, 0x0000000611000000|  0%| F|  |TAMS 0x0000000610c00000, 0x0000000610c00000| Untracked 
|  68|0x0000000611000000, 0x0000000611000000, 0x0000000611400000|  0%| F|  |TAMS 0x0000000611000000, 0x0000000611000000| Untracked 
|  69|0x0000000611400000, 0x0000000611400000, 0x0000000611800000|  0%| F|  |TAMS 0x0000000611400000, 0x0000000611400000| Untracked 
|  70|0x0000000611800000, 0x0000000611800000, 0x0000000611c00000|  0%| F|  |TAMS 0x0000000611800000, 0x0000000611800000| Untracked 
|  71|0x0000000611c00000, 0x0000000611c00000, 0x0000000612000000|  0%| F|  |TAMS 0x0000000611c00000, 0x0000000611c00000| Untracked 
|  72|0x0000000612000000, 0x0000000612000000, 0x0000000612400000|  0%| F|  |TAMS 0x0000000612000000, 0x0000000612000000| Untracked 
|  73|0x0000000612400000, 0x0000000612400000, 0x0000000612800000|  0%| F|  |TAMS 0x0000000612400000, 0x0000000612400000| Untracked 
|  74|0x0000000612800000, 0x0000000612800000, 0x0000000612c00000|  0%| F|  |TAMS 0x0000000612800000, 0x0000000612800000| Untracked 
|  75|0x0000000612c00000, 0x0000000612c00000, 0x0000000613000000|  0%| F|  |TAMS 0x0000000612c00000, 0x0000000612c00000| Untracked 
|  76|0x0000000613000000, 0x0000000613000000, 0x0000000613400000|  0%| F|  |TAMS 0x0000000613000000, 0x0000000613000000| Untracked 
|  77|0x0000000613400000, 0x0000000613400000, 0x0000000613800000|  0%| F|  |TAMS 0x0000000613400000, 0x0000000613400000| Untracked 
|  78|0x0000000613800000, 0x0000000613800000, 0x0000000613c00000|  0%| F|  |TAMS 0x0000000613800000, 0x0000000613800000| Untracked 
|  79|0x0000000613c00000, 0x0000000613c00000, 0x0000000614000000|  0%| F|  |TAMS 0x0000000613c00000, 0x0000000613c00000| Untracked 
|  80|0x0000000614000000, 0x0000000614000000, 0x0000000614400000|  0%| F|  |TAMS 0x0000000614000000, 0x0000000614000000| Untracked 
|  81|0x0000000614400000, 0x0000000614400000, 0x0000000614800000|  0%| F|  |TAMS 0x0000000614400000, 0x0000000614400000| Untracked 
|  82|0x0000000614800000, 0x0000000614991ba8, 0x0000000614c00000| 39%| S|CS|TAMS 0x0000000614800000, 0x0000000614800000| Complete 
|  83|0x0000000614c00000, 0x0000000615000000, 0x0000000615000000|100%| S|CS|TAMS 0x0000000614c00000, 0x0000000614c00000| Complete 
|  84|0x0000000615000000, 0x0000000615000000, 0x0000000615400000|  0%| F|  |TAMS 0x0000000615000000, 0x0000000615000000| Untracked 
|  85|0x0000000615400000, 0x0000000615400000, 0x0000000615800000|  0%| F|  |TAMS 0x0000000615400000, 0x0000000615400000| Untracked 
|  86|0x0000000615800000, 0x0000000615800000, 0x0000000615c00000|  0%| F|  |TAMS 0x0000000615800000, 0x0000000615800000| Untracked 
|  87|0x0000000615c00000, 0x0000000615c00000, 0x0000000616000000|  0%| F|  |TAMS 0x0000000615c00000, 0x0000000615c00000| Untracked 
|  88|0x0000000616000000, 0x0000000616000000, 0x0000000616400000|  0%| F|  |TAMS 0x0000000616000000, 0x0000000616000000| Untracked 
|  89|0x0000000616400000, 0x0000000616400000, 0x0000000616800000|  0%| F|  |TAMS 0x0000000616400000, 0x0000000616400000| Untracked 
|  90|0x0000000616800000, 0x0000000616800000, 0x0000000616c00000|  0%| F|  |TAMS 0x0000000616800000, 0x0000000616800000| Untracked 
|  91|0x0000000616c00000, 0x0000000616c00000, 0x0000000617000000|  0%| F|  |TAMS 0x0000000616c00000, 0x0000000616c00000| Untracked 
|  92|0x0000000617000000, 0x0000000617000000, 0x0000000617400000|  0%| F|  |TAMS 0x0000000617000000, 0x0000000617000000| Untracked 
|  93|0x0000000617400000, 0x0000000617400000, 0x0000000617800000|  0%| F|  |TAMS 0x0000000617400000, 0x0000000617400000| Untracked 
|  94|0x0000000617800000, 0x0000000617800000, 0x0000000617c00000|  0%| F|  |TAMS 0x0000000617800000, 0x0000000617800000| Untracked 
|  95|0x0000000617c00000, 0x0000000617c00000, 0x0000000618000000|  0%| F|  |TAMS 0x0000000617c00000, 0x0000000617c00000| Untracked 
|  96|0x0000000618000000, 0x0000000618000000, 0x0000000618400000|  0%| F|  |TAMS 0x0000000618000000, 0x0000000618000000| Untracked 
|  97|0x0000000618400000, 0x0000000618400000, 0x0000000618800000|  0%| F|  |TAMS 0x0000000618400000, 0x0000000618400000| Untracked 
|  98|0x0000000618800000, 0x0000000618800000, 0x0000000618c00000|  0%| F|  |TAMS 0x0000000618800000, 0x0000000618800000| Untracked 
|  99|0x0000000618c00000, 0x0000000618c00000, 0x0000000619000000|  0%| F|  |TAMS 0x0000000618c00000, 0x0000000618c00000| Untracked 

Card table byte_map: [0x0000019310000000,0x0000019311000000] _byte_map_base: 0x000001930d000000

Marking Bits (Prev, Next): (CMBitMap*) 0x00000193778a9070, (CMBitMap*) 0x00000193778a90b0
 Prev Bits: [0x0000019312000000, 0x000001931a000000)
 Next Bits: [0x000001931a000000, 0x0000019322000000)

Polling page: 0x0000019376fc0000

Metaspace:

Usage:
  Non-class:     99.94 MB used.
      Class:     16.20 MB used.
       Both:    116.14 MB used.

Virtual space:
  Non-class space:      128.00 MB reserved,     101.19 MB ( 79%) committed,  2 nodes.
      Class space:      832.00 MB reserved,      17.25 MB (  2%) committed,  1 nodes.
             Both:      960.00 MB reserved,     118.44 MB ( 12%) committed. 

Chunk freelists:
   Non-Class:  10.42 MB
       Class:  14.62 MB
        Both:  25.04 MB

MaxMetaspaceSize: 1.00 GB
CompressedClassSpaceSize: 832.00 MB
Initial GC threshold: 21.00 MB
Current GC threshold: 133.44 MB
CDS: on
MetaspaceReclaimPolicy: balanced
 - commit_granule_bytes: 65536.
 - commit_granule_words: 8192.
 - virtual_space_node_default_size: 8388608.
 - enlarge_chunks_in_place: 1.
 - new_chunks_are_fully_committed: 0.
 - uncommit_free_chunks: 1.
 - use_allocation_guard: 0.
 - handle_deallocations: 1.


Internal statistics:

num_allocs_failed_limit: 9.
num_arena_births: 3272.
num_arena_deaths: 0.
num_vsnodes_births: 3.
num_vsnodes_deaths: 0.
num_space_committed: 1895.
num_space_uncommitted: 0.
num_chunks_returned_to_freelist: 9.
num_chunks_taken_from_freelist: 9104.
num_chunk_merges: 6.
num_chunk_splits: 5635.
num_chunks_enlarged: 3207.
num_inconsistent_stats: 0.

CodeHeap 'non-profiled nmethods': size=120000Kb used=12693Kb max_used=12813Kb free=107306Kb
 bounds [0x0000019307ad0000, 0x0000019308780000, 0x000001930f000000]
CodeHeap 'profiled nmethods': size=120000Kb used=28699Kb max_used=31139Kb free=91300Kb
 bounds [0x0000019300000000, 0x0000019301e70000, 0x0000019307530000]
CodeHeap 'non-nmethods': size=5760Kb used=2528Kb max_used=2588Kb free=3231Kb
 bounds [0x0000019307530000, 0x00000193077c0000, 0x0000019307ad0000]
 total_blobs=15967 nmethods=14908 adapters=969
 compilation: enabled
              stopped_count=0, restarted_count=0
 full_count=0

Compilation events (20 events):
Event: 136.578 Thread 0x000001937f2cda70 nmethod 18587 0x0000019308752090 code [0x00000193087525a0, 0x0000019308758310]
Event: 136.579 Thread 0x000001937f2cda70 18593       4       java.util.concurrent.locks.AbstractQueuedSynchronizer$ConditionNode::isReleasable (23 bytes)
Event: 136.579 Thread 0x000001937f2cda70 nmethod 18593 0x00000193083d1390 code [0x00000193083d1500, 0x00000193083d15b8]
Event: 136.579 Thread 0x000001937f2cda70 18588       4       com.google.common.collect.ImmutableCollection::spliterator (8 bytes)
Event: 136.580 Thread 0x000001937f2cda70 nmethod 18588 0x0000019307b6f390 code [0x0000019307b6f520, 0x0000019307b6f638]
Event: 136.617 Thread 0x000001937f30dc00 18594       3       org.gradle.api.internal.artifacts.transform.ConsumerProvidedVariantFinder::doFindTransformedVariants (450 bytes)
Event: 136.619 Thread 0x000001937f2cda70 18596       4       org.gradle.api.internal.artifacts.ivyservice.resolveengine.artifact.DefaultResolvedVariantSet::getCandidates (5 bytes)
Event: 136.620 Thread 0x000001937f2cda70 nmethod 18596 0x0000019307b6ee10 code [0x0000019307b6ef80, 0x0000019307b6eff8]
Event: 136.620 Thread 0x000001937f2cda70 18597   !   4       org.gradle.api.internal.artifacts.transform.AttributeMatchingArtifactVariantSelector::select (29 bytes)
Event: 136.621 Thread 0x000001937f30dc00 nmethod 18594 0x00000193008e5b10 code [0x00000193008e6120, 0x00000193008ea0a8]
Event: 136.621 Thread 0x000001937f30dc00 18595       3       java.util.BitSet::or (105 bytes)
Event: 136.622 Thread 0x000001937f30dc00 nmethod 18595 0x0000019300bccd10 code [0x0000019300bccf00, 0x0000019300bcd428]
Event: 137.178 Thread 0x000001937f2cda70 nmethod 18597 0x000001930875b610 code [0x000001930875be60, 0x0000019308765b10]
Event: 137.179 Thread 0x000001937f2cda70 18599   !   4       org.gradle.api.internal.artifacts.ivyservice.resolveengine.artifact.VariantResolvingArtifactSet::select (178 bytes)
Event: 137.179 Thread 0x000001935da57230 18598       4       org.gradle.api.internal.artifacts.transform.AttributeMatchingArtifactVariantSelector::doSelect (180 bytes)
Event: 137.663 Thread 0x000001935da57230 nmethod 18598 0x000001930876b910 code [0x000001930876c180, 0x0000019308774de0]
Event: 137.666 Thread 0x000001935da57230 18602       4       sun.nio.fs.WindowsPath::subpath (133 bytes)
Event: 137.708 Thread 0x000001935da57230 nmethod 18602 0x0000019308565090 code [0x00000193085652e0, 0x0000019308566f50]
Event: 137.750 Thread 0x000001935da57230 18603       4       java.util.stream.ReferencePipeline$7::opWrapSink (10 bytes)
Event: 137.752 Thread 0x000001935da57230 nmethod 18603 0x000001930856e390 code [0x000001930856e520, 0x000001930856e6f8]

GC Heap History (20 events):
Event: 97.889 GC heap after
{Heap after GC invocations=75 (full 0):
 garbage-first heap   total 339968K, used 208224K [0x0000000600000000, 0x0000000800000000)
  region size 4096K, 2 young (8192K), 2 survivors (8192K)
 Metaspace       used 114422K, committed 116288K, reserved 983040K
  class space    used 15926K, committed 16832K, reserved 851968K
}
Event: 105.550 GC heap before
{Heap before GC invocations=75 (full 0):
 garbage-first heap   total 339968K, used 273760K [0x0000000600000000, 0x0000000800000000)
  region size 4096K, 19 young (77824K), 2 survivors (8192K)
 Metaspace       used 115093K, committed 117056K, reserved 983040K
  class space    used 16030K, committed 16960K, reserved 851968K
}
Event: 105.714 GC heap after
{Heap after GC invocations=76 (full 0):
 garbage-first heap   total 339968K, used 217197K [0x0000000600000000, 0x0000000800000000)
  region size 4096K, 3 young (12288K), 3 survivors (12288K)
 Metaspace       used 115093K, committed 117056K, reserved 983040K
  class space    used 16030K, committed 16960K, reserved 851968K
}
Event: 109.865 GC heap before
{Heap before GC invocations=76 (full 0):
 garbage-first heap   total 339968K, used 274541K [0x0000000600000000, 0x0000000800000000)
  region size 4096K, 17 young (69632K), 3 survivors (12288K)
 Metaspace       used 116755K, committed 118784K, reserved 983040K
  class space    used 16219K, committed 17152K, reserved 851968K
}
Event: 109.893 GC heap after
{Heap after GC invocations=77 (full 0):
 garbage-first heap   total 339968K, used 225643K [0x0000000600000000, 0x0000000800000000)
  region size 4096K, 3 young (12288K), 3 survivors (12288K)
 Metaspace       used 116755K, committed 118784K, reserved 983040K
  class space    used 16219K, committed 17152K, reserved 851968K
}
Event: 110.628 GC heap before
{Heap before GC invocations=77 (full 0):
 garbage-first heap   total 339968K, used 270699K [0x0000000600000000, 0x0000000800000000)
  region size 4096K, 15 young (61440K), 3 survivors (12288K)
 Metaspace       used 116765K, committed 118784K, reserved 983040K
  class space    used 16219K, committed 17152K, reserved 851968K
}
Event: 110.651 GC heap after
{Heap after GC invocations=78 (full 0):
 garbage-first heap   total 339968K, used 231187K [0x0000000600000000, 0x0000000800000000)
  region size 4096K, 2 young (8192K), 2 survivors (8192K)
 Metaspace       used 116765K, committed 118784K, reserved 983040K
  class space    used 16219K, committed 17152K, reserved 851968K
}
Event: 111.022 GC heap before
{Heap before GC invocations=78 (full 0):
 garbage-first heap   total 339968K, used 276243K [0x0000000600000000, 0x0000000800000000)
  region size 4096K, 13 young (53248K), 2 survivors (8192K)
 Metaspace       used 116765K, committed 118784K, reserved 983040K
  class space    used 16219K, committed 17152K, reserved 851968K
}
Event: 111.034 GC heap after
{Heap after GC invocations=79 (full 0):
 garbage-first heap   total 339968K, used 231747K [0x0000000600000000, 0x0000000800000000)
  region size 4096K, 1 young (4096K), 1 survivors (4096K)
 Metaspace       used 116765K, committed 118784K, reserved 983040K
  class space    used 16219K, committed 17152K, reserved 851968K
}
Event: 111.616 GC heap before
{Heap before GC invocations=79 (full 0):
 garbage-first heap   total 339968K, used 276803K [0x0000000600000000, 0x0000000800000000)
  region size 4096K, 13 young (53248K), 1 survivors (4096K)
 Metaspace       used 116847K, committed 118912K, reserved 983040K
  class space    used 16230K, committed 17152K, reserved 851968K
}
Event: 111.626 GC heap after
{Heap after GC invocations=80 (full 0):
 garbage-first heap   total 409600K, used 235517K [0x0000000600000000, 0x0000000800000000)
  region size 4096K, 2 young (8192K), 2 survivors (8192K)
 Metaspace       used 116847K, committed 118912K, reserved 983040K
  class space    used 16230K, committed 17152K, reserved 851968K
}
Event: 114.495 GC heap before
{Heap before GC invocations=80 (full 0):
 garbage-first heap   total 409600K, used 329725K [0x0000000600000000, 0x0000000800000000)
  region size 4096K, 26 young (106496K), 2 survivors (8192K)
 Metaspace       used 116948K, committed 118976K, reserved 983040K
  class space    used 16244K, committed 17152K, reserved 851968K
}
Event: 114.514 GC heap after
{Heap after GC invocations=81 (full 0):
 garbage-first heap   total 409600K, used 243733K [0x0000000600000000, 0x0000000800000000)
  region size 4096K, 4 young (16384K), 4 survivors (16384K)
 Metaspace       used 116948K, committed 118976K, reserved 983040K
  class space    used 16244K, committed 17152K, reserved 851968K
}
Event: 115.434 GC heap before
{Heap before GC invocations=81 (full 0):
 garbage-first heap   total 409600K, used 329749K [0x0000000600000000, 0x0000000800000000)
  region size 4096K, 25 young (102400K), 4 survivors (16384K)
 Metaspace       used 116949K, committed 118976K, reserved 983040K
  class space    used 16244K, committed 17152K, reserved 851968K
}
Event: 115.459 GC heap after
{Heap after GC invocations=82 (full 0):
 garbage-first heap   total 409600K, used 244871K [0x0000000600000000, 0x0000000800000000)
  region size 4096K, 2 young (8192K), 2 survivors (8192K)
 Metaspace       used 116949K, committed 118976K, reserved 983040K
  class space    used 16244K, committed 17152K, reserved 851968K
}
Event: 130.403 GC heap before
{Heap before GC invocations=82 (full 0):
 garbage-first heap   total 409600K, used 330887K [0x0000000600000000, 0x0000000800000000)
  region size 4096K, 24 young (98304K), 2 survivors (8192K)
 Metaspace       used 118366K, committed 120640K, reserved 983040K
  class space    used 16512K, committed 17536K, reserved 851968K
}
Event: 131.882 GC heap after
{Heap after GC invocations=83 (full 0):
 garbage-first heap   total 409600K, used 256476K [0x0000000600000000, 0x0000000800000000)
  region size 4096K, 3 young (12288K), 3 survivors (12288K)
 Metaspace       used 118366K, committed 120640K, reserved 983040K
  class space    used 16512K, committed 17536K, reserved 851968K
}
Event: 136.451 GC heap before
{Heap before GC invocations=83 (full 0):
 garbage-first heap   total 409600K, used 297436K [0x0000000600000000, 0x0000000800000000)
  region size 4096K, 13 young (53248K), 3 survivors (12288K)
 Metaspace       used 118918K, committed 121280K, reserved 983040K
  class space    used 16584K, committed 17664K, reserved 851968K
}
Event: 136.505 GC heap after
{Heap after GC invocations=84 (full 0):
 garbage-first heap   total 409600K, used 263628K [0x0000000600000000, 0x0000000800000000)
  region size 4096K, 2 young (8192K), 2 survivors (8192K)
 Metaspace       used 118918K, committed 121280K, reserved 983040K
  class space    used 16584K, committed 17664K, reserved 851968K
}
Event: 137.760 GC heap before
{Heap before GC invocations=84 (full 0):
 garbage-first heap   total 409600K, used 316876K [0x0000000600000000, 0x0000000800000000)
  region size 4096K, 16 young (65536K), 2 survivors (8192K)
 Metaspace       used 118926K, committed 121280K, reserved 983040K
  class space    used 16584K, committed 17664K, reserved 851968K
}

Deoptimization events (20 events):
Event: 134.282 Thread 0x000001935e7f7b50 Uncommon trap: trap_request=0xffffff45 fr.pc=0x00000193085caabc relative=0x00000000000023fc
Event: 134.282 Thread 0x000001935e7f7b50 Uncommon trap: reason=unstable_if action=reinterpret pc=0x00000193085caabc method=groovy.lang.MetaClassImpl.establishStaticMetaProperty(Lgroovy/lang/MetaProperty;)Lgroovy/lang/MetaProperty; @ 69 c2
Event: 134.282 Thread 0x000001935e7f7b50 DEOPT PACKING pc=0x00000193085caabc sp=0x0000002a8e7eee60
Event: 134.282 Thread 0x000001935e7f7b50 DEOPT UNPACKING pc=0x0000019307585ba3 sp=0x0000002a8e7eee20 mode 2
Event: 135.790 Thread 0x000001935e7f7b50 Uncommon trap: trap_request=0xffffffd6 fr.pc=0x00000193086fcbc8 relative=0x0000000000000528
Event: 135.790 Thread 0x000001935e7f7b50 Uncommon trap: reason=array_check action=maybe_recompile pc=0x00000193086fcbc8 method=java.util.HashMap.valuesToArray([Ljava/lang/Object;)[Ljava/lang/Object; @ 62 c2
Event: 135.790 Thread 0x000001935e7f7b50 DEOPT PACKING pc=0x00000193086fcbc8 sp=0x0000002a8e7f5190
Event: 135.790 Thread 0x000001935e7f7b50 DEOPT UNPACKING pc=0x0000019307585ba3 sp=0x0000002a8e7f5138 mode 2
Event: 135.819 Thread 0x000001935e7f7b50 Uncommon trap: trap_request=0xffffffd6 fr.pc=0x00000193087433a4 relative=0x0000000000000484
Event: 135.819 Thread 0x000001935e7f7b50 Uncommon trap: reason=array_check action=maybe_recompile pc=0x00000193087433a4 method=java.util.HashMap.valuesToArray([Ljava/lang/Object;)[Ljava/lang/Object; @ 62 c2
Event: 135.819 Thread 0x000001935e7f7b50 DEOPT PACKING pc=0x00000193087433a4 sp=0x0000002a8e7f5390
Event: 135.819 Thread 0x000001935e7f7b50 DEOPT UNPACKING pc=0x0000019307585ba3 sp=0x0000002a8e7f5328 mode 2
Event: 135.821 Thread 0x000001935e7f7b50 Uncommon trap: trap_request=0xffffff45 fr.pc=0x0000019308725a5c relative=0x000000000000601c
Event: 135.821 Thread 0x000001935e7f7b50 Uncommon trap: reason=unstable_if action=reinterpret pc=0x0000019308725a5c method=org.codehaus.groovy.vmplugin.v8.CacheableCallSite$1.removeEldestEntry(Ljava/util/Map$Entry;)Z @ 7 c2
Event: 135.821 Thread 0x000001935e7f7b50 DEOPT PACKING pc=0x0000019308725a5c sp=0x0000002a8e7f5cc0
Event: 135.821 Thread 0x000001935e7f7b50 DEOPT UNPACKING pc=0x0000019307585ba3 sp=0x0000002a8e7f58e0 mode 2
Event: 135.983 Thread 0x000001935e7f7b50 Uncommon trap: trap_request=0xffffffd6 fr.pc=0x00000193087433a4 relative=0x0000000000000484
Event: 135.983 Thread 0x000001935e7f7b50 Uncommon trap: reason=array_check action=maybe_recompile pc=0x00000193087433a4 method=java.util.HashMap.valuesToArray([Ljava/lang/Object;)[Ljava/lang/Object; @ 62 c2
Event: 135.983 Thread 0x000001935e7f7b50 DEOPT PACKING pc=0x00000193087433a4 sp=0x0000002a8e7f8010
Event: 135.983 Thread 0x000001935e7f7b50 DEOPT UNPACKING pc=0x0000019307585ba3 sp=0x0000002a8e7f7fa8 mode 2

Classes unloaded (0 events):
No events

Classes redefined (0 events):
No events

Internal exceptions (20 events):
Event: 134.170 Thread 0x000001935e7f7b50 Exception <a 'java/lang/ClassNotFoundException'{0x000000061873c740}: org/gradle/api/internal/artifacts/dependencies/DefaultFileCollectionDependencyBeanInfo> (0x000000061873c740) 
thrown [s\open\src\hotspot\share\classfile\systemDictionary.cpp, line 256]
Event: 134.172 Thread 0x000001935e7f7b50 Exception <a 'java/lang/ClassNotFoundException'{0x00000006187602b0}: org/gradle/api/internal/artifacts/dependencies/DefaultFileCollectionDependencyCustomizer> (0x00000006187602b0) 
thrown [s\open\src\hotspot\share\classfile\systemDictionary.cpp, line 256]
Event: 134.179 Thread 0x000001935e7f7b50 Exception <a 'java/lang/ClassNotFoundException'{0x000000061878c3c8}: org/gradle/api/internal/artifacts/dependencies/DefaultFileCollectionDependency_DecoratedCustomizer> (0x000000061878c3c8) 
thrown [s\open\src\hotspot\share\classfile\systemDictionary.cpp, line 256]
Event: 134.280 Thread 0x000001935e7f7b50 Exception <a 'java/lang/ClassNotFoundException'{0x0000000618094c08}: java/lang/SystemBeanInfo> (0x0000000618094c08) 
thrown [s\open\src\hotspot\share\classfile\systemDictionary.cpp, line 256]
Event: 134.281 Thread 0x000001935e7f7b50 Exception <a 'java/lang/ClassNotFoundException'{0x00000006180a9118}: java/lang/SystemCustomizer> (0x00000006180a9118) 
thrown [s\open\src\hotspot\share\classfile\systemDictionary.cpp, line 256]
Event: 134.283 Thread 0x000001935e7f7b50 Exception <a 'java/lang/NoSuchMethodError'{0x00000006180babf8}: 'long java.lang.invoke.DirectMethodHandle$Holder.invokeStatic(java.lang.Object)'> (0x00000006180babf8) 
thrown [s\open\src\hotspot\share\interpreter\linkResolver.cpp, line 759]
Event: 134.284 Thread 0x000001935e7f7b50 Exception <a 'java/lang/NoSuchMethodError'{0x00000006180c03d8}: 'long java.lang.invoke.DirectMethodHandle$Holder.invokeSpecial(java.lang.Object, java.lang.Object)'> (0x00000006180c03d8) 
thrown [s\open\src\hotspot\share\interpreter\linkResolver.cpp, line 759]
Event: 134.285 Thread 0x000001935e7f7b50 Exception <a 'java/lang/NoSuchMethodError'{0x00000006180c5648}: 'long java.lang.invoke.DelegatingMethodHandle$Holder.reinvoke_L(java.lang.Object)'> (0x00000006180c5648) 
thrown [s\open\src\hotspot\share\interpreter\linkResolver.cpp, line 759]
Event: 134.287 Thread 0x000001935e7f7b50 Exception <a 'java/lang/NoSuchMethodError'{0x00000006180d6610}: 'long java.lang.invoke.DirectMethodHandle$Holder.invokeStatic(java.lang.Object, java.lang.Object, int)'> (0x00000006180d6610) 
thrown [s\open\src\hotspot\share\interpreter\linkResolver.cpp, line 759]
Event: 134.289 Thread 0x000001935e7f7b50 Exception <a 'java/lang/NoSuchMethodError'{0x00000006180e6450}: 'int java.lang.invoke.DelegatingMethodHandle$Holder.reinvoke_L(java.lang.Object, java.lang.Object, long)'> (0x00000006180e6450) 
thrown [s\open\src\hotspot\share\interpreter\linkResolver.cpp, line 759]
Event: 134.852 Thread 0x000001935e7f7b50 Exception <a 'java/lang/ClassNotFoundException'{0x0000000617d41a98}: com/android/build/gradle/internal/api/LibraryVariantImpl_DecoratedBeanInfo> (0x0000000617d41a98) 
thrown [s\open\src\hotspot\share\classfile\systemDictionary.cpp, line 256]
Event: 134.861 Thread 0x000001935e7f7b50 Exception <a 'java/lang/ClassNotFoundException'{0x0000000617d591c0}: com/android/build/gradle/internal/api/LibraryVariantImplBeanInfo> (0x0000000617d591c0) 
thrown [s\open\src\hotspot\share\classfile\systemDictionary.cpp, line 256]
Event: 134.862 Thread 0x000001935e7f7b50 Exception <a 'java/lang/ClassNotFoundException'{0x0000000617d70910}: com/android/build/gradle/internal/api/LibraryVariantImplCustomizer> (0x0000000617d70910) 
thrown [s\open\src\hotspot\share\classfile\systemDictionary.cpp, line 256]
Event: 134.910 Thread 0x000001935e7f7b50 Exception <a 'java/lang/ClassNotFoundException'{0x0000000617da0c70}: com/android/build/gradle/internal/api/LibraryVariantImpl_DecoratedCustomizer> (0x0000000617da0c70) 
thrown [s\open\src\hotspot\share\classfile\systemDictionary.cpp, line 256]
Event: 135.785 Thread 0x000001935e7f7b50 Exception <a 'java/lang/ClassNotFoundException'{0x0000000616c67200}: com/android/build/gradle/tasks/ExternalNativeBuildTask_DecoratedBeanInfo> (0x0000000616c67200) 
thrown [s\open\src\hotspot\share\classfile\systemDictionary.cpp, line 256]
Event: 135.785 Thread 0x000001935e7f7b50 Exception <a 'java/lang/ClassNotFoundException'{0x0000000616c79120}: com/android/build/gradle/tasks/ExternalNativeBuildTaskBeanInfo> (0x0000000616c79120) 
thrown [s\open\src\hotspot\share\classfile\systemDictionary.cpp, line 256]
Event: 135.786 Thread 0x000001935e7f7b50 Exception <a 'java/lang/ClassNotFoundException'{0x0000000616c8b130}: com/android/build/gradle/tasks/ExternalNativeBuildTaskCustomizer> (0x0000000616c8b130) 
thrown [s\open\src\hotspot\share\classfile\systemDictionary.cpp, line 256]
Event: 135.819 Thread 0x000001935e7f7b50 Exception <a 'java/lang/ClassNotFoundException'{0x0000000616d0aa98}: com/android/build/gradle/tasks/ExternalNativeBuildTask_DecoratedCustomizer> (0x0000000616d0aa98) 
thrown [s\open\src\hotspot\share\classfile\systemDictionary.cpp, line 256]
Event: 135.982 Thread 0x000001935e7f7b50 Exception <a 'java/lang/ClassNotFoundException'{0x0000000616ebf7b0}: build_2gnpur7etab1l0et2ogtpinzgBeanInfo> (0x0000000616ebf7b0) 
thrown [s\open\src\hotspot\share\classfile\systemDictionary.cpp, line 256]
Event: 135.983 Thread 0x000001935e7f7b50 Exception <a 'java/lang/ClassNotFoundException'{0x0000000616ec7ba0}: build_2gnpur7etab1l0et2ogtpinzgCustomizer> (0x0000000616ec7ba0) 
thrown [s\open\src\hotspot\share\classfile\systemDictionary.cpp, line 256]

VM Operations (20 events):
Event: 129.937 Executing VM operation: Cleanup done
Event: 130.386 Executing VM operation: G1CollectForAllocation
Event: 131.904 Executing VM operation: G1CollectForAllocation done
Event: 132.907 Executing VM operation: Cleanup
Event: 133.269 Executing VM operation: Cleanup done
Event: 134.283 Executing VM operation: Cleanup
Event: 134.284 Executing VM operation: Cleanup done
Event: 135.298 Executing VM operation: Cleanup
Event: 135.314 Executing VM operation: Cleanup done
Event: 135.603 Executing VM operation: HandshakeAllThreads
Event: 135.619 Executing VM operation: HandshakeAllThreads done
Event: 135.966 Executing VM operation: HandshakeAllThreads
Event: 135.967 Executing VM operation: HandshakeAllThreads done
Event: 136.451 Executing VM operation: G1CollectForAllocation
Event: 136.505 Executing VM operation: G1CollectForAllocation done
Event: 136.578 Executing VM operation: HandshakeAllThreads
Event: 136.579 Executing VM operation: HandshakeAllThreads done
Event: 137.587 Executing VM operation: Cleanup
Event: 137.587 Executing VM operation: Cleanup done
Event: 137.760 Executing VM operation: G1CollectForAllocation

Events (20 events):
Event: 136.613 Thread 0x000001937f786b00 flushing nmethod 0x0000019301973e90
Event: 136.614 Thread 0x000001937f786b00 flushing nmethod 0x0000019301a27190
Event: 136.614 Thread 0x000001937f786b00 flushing nmethod 0x0000019301a5f490
Event: 136.614 Thread 0x000001937f786b00 flushing nmethod 0x0000019301a78690
Event: 136.614 Thread 0x000001937f786b00 flushing nmethod 0x0000019301a78c10
Event: 136.614 Thread 0x000001937f786b00 flushing nmethod 0x0000019301aa8290
Event: 136.614 Thread 0x000001937f786b00 flushing nmethod 0x0000019301acd110
Event: 136.614 Thread 0x000001937f786b00 flushing nmethod 0x0000019301ad1b10
Event: 136.614 Thread 0x000001937f786b00 flushing nmethod 0x0000019301ad1e90
Event: 136.614 Thread 0x000001937f786b00 flushing nmethod 0x0000019301ad2210
Event: 136.615 Thread 0x000001937f786b00 flushing nmethod 0x0000019301b39010
Event: 136.615 Thread 0x000001937f786b00 flushing nmethod 0x0000019301b70a90
Event: 136.615 Thread 0x000001937f786b00 flushing nmethod 0x0000019301b72d10
Event: 136.615 Thread 0x000001937f786b00 flushing nmethod 0x0000019301b7d790
Event: 136.615 Thread 0x000001937f786b00 flushing nmethod 0x0000019301b83710
Event: 136.615 Thread 0x000001937f786b00 flushing nmethod 0x0000019301b8df10
Event: 136.615 Thread 0x000001937f786b00 flushing nmethod 0x0000019301b97a10
Event: 136.615 Thread 0x000001937f786b00 flushing nmethod 0x0000019301bb7210
Event: 136.616 Thread 0x000001937f786b00 flushing nmethod 0x0000019301d23290
Event: 137.179 Thread 0x000001935da57230 Thread added: 0x000001935da57230


Dynamic libraries:
0x00007ff672d50000 - 0x00007ff672d60000 	C:\Program Files\Java\jdk-17\bin\java.exe
0x00007ffbed8c0000 - 0x00007ffbedb26000 	C:\WINDOWS\SYSTEM32\ntdll.dll
0x00007ffbed1b0000 - 0x00007ffbed279000 	C:\WINDOWS\System32\KERNEL32.DLL
0x00007ffbead90000 - 0x00007ffbeb18a000 	C:\WINDOWS\System32\KERNELBASE.dll
0x00007ffbeb4e0000 - 0x00007ffbeb62c000 	C:\WINDOWS\System32\ucrtbase.dll
0x00007ffbc76e0000 - 0x00007ffbc76f9000 	C:\Program Files\Java\jdk-17\bin\jli.dll
0x00007ffbec740000 - 0x00007ffbec7f6000 	C:\WINDOWS\System32\ADVAPI32.dll
0x00007ffbec800000 - 0x00007ffbec8a9000 	C:\WINDOWS\System32\msvcrt.dll
0x00007ffbecb20000 - 0x00007ffbecbca000 	C:\WINDOWS\System32\sechost.dll
0x00007ffbed6e0000 - 0x00007ffbed7f8000 	C:\WINDOWS\System32\RPCRT4.dll
0x00007ffbebce0000 - 0x00007ffbebea7000 	C:\WINDOWS\System32\USER32.dll
0x00007ffbeb2d0000 - 0x00007ffbeb2f7000 	C:\WINDOWS\System32\win32u.dll
0x00007ffbed2b0000 - 0x00007ffbed2db000 	C:\WINDOWS\System32\GDI32.dll
0x00007ffbeb300000 - 0x00007ffbeb42b000 	C:\WINDOWS\System32\gdi32full.dll
0x00007ffbeb190000 - 0x00007ffbeb233000 	C:\WINDOWS\System32\msvcp_win.dll
0x00007ffbc1200000 - 0x00007ffbc121b000 	C:\Program Files\Java\jdk-17\bin\VCRUNTIME140.dll
0x00007ffbcb690000 - 0x00007ffbcb922000 	C:\WINDOWS\WinSxS\amd64_microsoft.windows.common-controls_6595b64144ccf1df_6.0.26100.8521_none_3e08b75ce33403b3\COMCTL32.dll
0x00007ffbd7430000 - 0x00007ffbd743b000 	C:\WINDOWS\SYSTEM32\VERSION.dll
0x00007ffbece80000 - 0x00007ffbeceb2000 	C:\WINDOWS\System32\IMM32.DLL
0x00007ffbc76d0000 - 0x00007ffbc76dc000 	C:\Program Files\Java\jdk-17\bin\vcruntime140_1.dll
0x00007ffbb1280000 - 0x00007ffbb130e000 	C:\Program Files\Java\jdk-17\bin\msvcp140.dll
0x00007ffb108b0000 - 0x00007ffb11490000 	C:\Program Files\Java\jdk-17\bin\server\jvm.dll
0x00007ffbeca10000 - 0x00007ffbeca18000 	C:\WINDOWS\System32\PSAPI.DLL
0x00007ffbc1090000 - 0x00007ffbc109a000 	C:\WINDOWS\SYSTEM32\WSOCK32.dll
0x00007ffbecd70000 - 0x00007ffbecdf0000 	C:\WINDOWS\System32\WS2_32.dll
0x00007ffbdee10000 - 0x00007ffbdee46000 	C:\WINDOWS\SYSTEM32\WINMM.dll
0x00007ffbe98e0000 - 0x00007ffbe98fb000 	C:\WINDOWS\SYSTEM32\kernel.appcore.dll
0x00007ffbc1080000 - 0x00007ffbc108a000 	C:\Program Files\Java\jdk-17\bin\jimage.dll
0x00007ffbe81f0000 - 0x00007ffbe8432000 	C:\WINDOWS\SYSTEM32\DBGHELP.DLL
0x00007ffbed350000 - 0x00007ffbed6d3000 	C:\WINDOWS\System32\combase.dll
0x00007ffbeb6b0000 - 0x00007ffbeb789000 	C:\WINDOWS\System32\OLEAUT32.dll
0x00007ffbca5f0000 - 0x00007ffbca62b000 	C:\WINDOWS\SYSTEM32\dbgcore.DLL
0x00007ffbeb430000 - 0x00007ffbeb4d8000 	C:\WINDOWS\System32\bcryptPrimitives.dll
0x00007ffbc1000000 - 0x00007ffbc100e000 	C:\Program Files\Java\jdk-17\bin\instrument.dll
0x00007ffbb84b0000 - 0x00007ffbb84d5000 	C:\Program Files\Java\jdk-17\bin\java.dll
0x00007ffbc1100000 - 0x00007ffbc11d7000 	C:\Program Files\Java\jdk-17\bin\jsvml.dll
0x00007ffbebeb0000 - 0x00007ffbec634000 	C:\WINDOWS\System32\SHELL32.dll
0x00007ffbe8700000 - 0x00007ffbe8f80000 	C:\WINDOWS\SYSTEM32\windows.storage.dll
0x00007ffbed0b0000 - 0x00007ffbed1a6000 	C:\WINDOWS\System32\SHCORE.dll
0x00007ffbec640000 - 0x00007ffbec6a7000 	C:\WINDOWS\System32\shlwapi.dll
0x00007ffbeaa70000 - 0x00007ffbeaa99000 	C:\WINDOWS\SYSTEM32\profapi.dll
0x00007ffbc10e0000 - 0x00007ffbc10f8000 	C:\Program Files\Java\jdk-17\bin\zip.dll
0x00007ffbc10c0000 - 0x00007ffbc10d9000 	C:\Program Files\Java\jdk-17\bin\net.dll
0x00007ffbda280000 - 0x00007ffbda3a9000 	C:\WINDOWS\SYSTEM32\WINHTTP.dll
0x00007ffbe9e50000 - 0x00007ffbe9ebc000 	C:\WINDOWS\system32\mswsock.dll
0x00007ffbc10a0000 - 0x00007ffbc10b6000 	C:\Program Files\Java\jdk-17\bin\nio.dll
0x00007ffbc0ff0000 - 0x00007ffbc1000000 	C:\Program Files\Java\jdk-17\bin\verify.dll
0x00007ffbb1820000 - 0x00007ffbb1847000 	C:\Users\ag913\.gradle\native\1def1411415f61bf3af743bc5b6707747c0891f09f0c88961ee8f79bc544acac\windows-amd64\native-platform.dll
0x00007ffbb8630000 - 0x00007ffbb86a7000 	C:\Users\ag913\.gradle\native\0.2.8\x86_64-windows-gnu\gradle-fileevents.dll
0x00007ffbbdc00000 - 0x00007ffbbdc0a000 	C:\Program Files\Java\jdk-17\bin\management.dll
0x00007ffbbdbf0000 - 0x00007ffbbdbfb000 	C:\Program Files\Java\jdk-17\bin\management_ext.dll
0x00007ffbe9360000 - 0x00007ffbe9393000 	C:\WINDOWS\SYSTEM32\IPHLPAPI.DLL
0x00007ffbed800000 - 0x00007ffbed80a000 	C:\WINDOWS\System32\NSI.dll
0x00007ffbda510000 - 0x00007ffbda52d000 	C:\WINDOWS\SYSTEM32\dhcpcsvc6.DLL
0x00007ffbda3b0000 - 0x00007ffbda3d5000 	C:\WINDOWS\SYSTEM32\dhcpcsvc.DLL
0x00007ffbe93a0000 - 0x00007ffbe94ea000 	C:\WINDOWS\SYSTEM32\DNSAPI.dll
0x00007ffbe9c50000 - 0x00007ffbe9c5d000 	C:\WINDOWS\SYSTEM32\DSPARSE.dll
0x00007ffbea130000 - 0x00007ffbea14b000 	C:\WINDOWS\SYSTEM32\CRYPTSP.dll
0x00007ffbe9840000 - 0x00007ffbe9879000 	C:\WINDOWS\system32\rsaenh.dll
0x00007ffbe9f00000 - 0x00007ffbe9f33000 	C:\WINDOWS\SYSTEM32\USERENV.dll
0x00007ffbeaa40000 - 0x00007ffbeaa6a000 	C:\WINDOWS\SYSTEM32\bcrypt.dll
0x00007ffbea150000 - 0x00007ffbea15c000 	C:\WINDOWS\SYSTEM32\CRYPTBASE.dll
0x00007ffbbb390000 - 0x00007ffbbb39e000 	C:\Program Files\Java\jdk-17\bin\sunmscapi.dll
0x00007ffbeab50000 - 0x00007ffbeacc8000 	C:\WINDOWS\System32\CRYPT32.dll
0x00007ffbea350000 - 0x00007ffbea380000 	C:\WINDOWS\SYSTEM32\ncrypt.dll
0x00007ffbea300000 - 0x00007ffbea33f000 	C:\WINDOWS\SYSTEM32\NTASN1.dll
0x00007ffb9e110000 - 0x00007ffb9e118000 	C:\WINDOWS\system32\wshunix.dll
0x00007ffbdec40000 - 0x00007ffbdec4b000 	C:\Windows\System32\rasadhlp.dll
0x00007ffbdebb0000 - 0x00007ffbdec36000 	C:\WINDOWS\System32\fwpuclnt.dll

dbghelp: loaded successfully - version: 4.0.5 - missing functions: none
symbol engine: initialized successfully - sym options: 0x614 - pdb path: .;C:\Program Files\Java\jdk-17\bin;C:\WINDOWS\SYSTEM32;C:\WINDOWS\WinSxS\amd64_microsoft.windows.common-controls_6595b64144ccf1df_6.0.26100.8521_none_3e08b75ce33403b3;C:\Program Files\Java\jdk-17\bin\server;C:\Users\ag913\.gradle\native\1def1411415f61bf3af743bc5b6707747c0891f09f0c88961ee8f79bc544acac\windows-amd64;C:\Users\ag913\.gradle\native\0.2.8\x86_64-windows-gnu

VM Arguments:
jvm_args: --add-opens=java.base/java.lang=ALL-UNNAMED --add-opens=java.base/java.lang.invoke=ALL-UNNAMED --add-opens=java.base/java.util=ALL-UNNAMED --add-opens=java.prefs/java.util.prefs=ALL-UNNAMED --add-exports=jdk.compiler/com.sun.tools.javac.api=ALL-UNNAMED --add-exports=jdk.compiler/com.sun.tools.javac.util=ALL-UNNAMED --add-opens=java.base/java.util=ALL-UNNAMED --add-opens=java.prefs/java.util.prefs=ALL-UNNAMED --add-opens=java.base/java.nio.charset=ALL-UNNAMED --add-opens=java.base/java.net=ALL-UNNAMED --add-opens=java.base/java.util.concurrent=ALL-UNNAMED --add-opens=java.base/java.util.concurrent.atomic=ALL-UNNAMED --add-opens=java.xml/javax.xml.namespace=ALL-UNNAMED -XX:MaxMetaspaceSize=1024m -XX:+HeapDumpOnOutOfMemoryError -Xmx8192m -Dfile.encoding=UTF-8 -Duser.country=IN -Duser.language=en -Duser.variant -javaagent:C:\Users\ag913\.gradle\wrapper\dists\gradle-9.0.0-bin\d6wjpkvcgsg3oed0qlfss3wgl\gradle-9.0.0\lib\agents\gradle-instrumentation-agent-9.0.0.jar 
java_command: org.gradle.launcher.daemon.bootstrap.GradleDaemon 9.0.0
java_class_path (initial): C:\Users\ag913\.gradle\wrapper\dists\gradle-9.0.0-bin\d6wjpkvcgsg3oed0qlfss3wgl\gradle-9.0.0\lib\gradle-daemon-main-9.0.0.jar
Launcher Type: SUN_STANDARD

[Global flags]
     intx CICompilerCount                          = 3                                         {product} {ergonomic}
   size_t CompressedClassSpaceSize                 = 872415232                                 {product} {ergonomic}
     uint ConcGCThreads                            = 1                                         {product} {ergonomic}
     uint G1ConcRefinementThreads                  = 4                                         {product} {ergonomic}
   size_t G1HeapRegionSize                         = 4194304                                   {product} {ergonomic}
    uintx GCDrainStackTargetSize                   = 64                                        {product} {ergonomic}
     bool HeapDumpOnOutOfMemoryError               = true                                   {manageable} {command line}
   size_t InitialHeapSize                          = 130023424                                 {product} {ergonomic}
   size_t MarkStackSize                            = 4194304                                   {product} {ergonomic}
   size_t MaxHeapSize                              = 8589934592                                {product} {command line}
   size_t MaxMetaspaceSize                         = 1073741824                                {product} {command line}
   size_t MaxNewSize                               = 5150605312                                {product} {ergonomic}
   size_t MinHeapDeltaBytes                        = 4194304                                   {product} {ergonomic}
   size_t MinHeapSize                              = 8388608                                   {product} {ergonomic}
    uintx NonNMethodCodeHeapSize                   = 5832780                                {pd product} {ergonomic}
    uintx NonProfiledCodeHeapSize                  = 122912730                              {pd product} {ergonomic}
    uintx ProfiledCodeHeapSize                     = 122912730                              {pd product} {ergonomic}
    uintx ReservedCodeCacheSize                    = 251658240                              {pd product} {ergonomic}
     bool SegmentedCodeCache                       = true                                      {product} {ergonomic}
   size_t SoftMaxHeapSize                          = 8589934592                             {manageable} {ergonomic}
     bool UseCompressedClassPointers               = true                           {product lp64_product} {ergonomic}
     bool UseCompressedOops                        = true                           {product lp64_product} {ergonomic}
     bool UseG1GC                                  = true                                      {product} {ergonomic}
     bool UseLargePagesIndividualAllocation        = false                                  {pd product} {ergonomic}

Logging:
Log output configuration:
 #0: stdout all=warning uptime,level,tags
 #1: stderr all=off uptime,level,tags

Environment Variables:
JAVA_HOME=C:\Program Files\Java\jdk-17
PATH=C:\Program Files\Common Files\Oracle\Java\javapath;C:\WINDOWS\system32;C:\WINDOWS;C:\WINDOWS\System32\Wbem;C:\WINDOWS\System32\WindowsPowerShell\v1.0\;C:\WINDOWS\System32\OpenSSH\C:\Users\ag913\Downloads;C:\ProgramData\chocolatey\bin;C:\WINDOWS\System32\OpenSSH\;C:\Users\ag913\AppData\Local\Android\Sdk\platforms;C:\Users\ag913\AppData\Local\Android\Sdk;C:\Users\ag913\AppData\Local\Android\Sdk\platform-tools;C:\Users\ag913\AppData\Local\Android\Sdk\platforms;C:\Users\ag913\AppData\Local\Android\Sdk\emulator;C:\Program Files\Microsoft\jdk-17.0.15.6-hotspot\bin;C:\Program Files\nodejs\;C:\Users\ag913\AppData\Local\Android\Sdk\emulator;C:\Users\ag913\AppData\Local\Android\Sdk\tools;C:\Users\ag913\AppData\Local\Android\Sdk\tools\bin;C:\Users\ag913\AppData\Local\Android\Sdk\platform-tools;A:\AI_LOGS\Git LFS;C:\Program Files\Git LFS;C:\Program Files\Java\jdk-17.0.17\bin;C:\Program Files\Java\jdk-17\bin;C:\Program Files\Git\cmd;C:\Program Files\PowerShell\7\;C:\Program Files\Redis\;C:\Program Files\Qoder\bin;C:\Users\ag913\AppData\Local\Programs\Python\Python312\Scripts\;C:\Users\ag913\AppData\Local\Programs\Python\Python312\;C:\Users\ag913\AppData\Local\Programs\Python\Launcher\;C:\Users\ag913\AppData\Local\jdk-11.0.2\bin;C:\Users\ag913\AppData\Local\Microsoft\WindowsApps;C:\Users\ag913\AppData\Local\GitHubDesktop\bin;C:\Users\ag913\AppData\Local\Programs\Microsoft VS Code\bin;C:\Users\ag913\.fly\bin;C:\Users\ag913\AppData\Local\Android\Sdk\platform-tools;C:\Users\ag913\AppData\Local\Android\Sdk\build-tools;C:\Users\ag913\AppData\Local\Android\Sdk\emulator;C:\Users\ag913\AppData\Local\Android\Sdk\platforms;C:\Program Files\Microsoft\jdk-17.0.15.6-hotspot\bin;C:\Users\ag913\AppData\Roaming\npm;C:\Program Files\Microsoft\jdk-17.0.15.6-hotspot;C:\Users\ag913\AppData\Local\Android\Sdk\emulator;C:\Users\ag913\AppData\Local\Android\Sdk\tools;C:\Users\ag913\AppData\Local\Android\Sdk\tools\bin;C:\Users\ag913\AppData\Local\Android\Sdk\platform-tools;C:\Users\ag913\AppData\Local\P
USERNAME=ag913
OS=Windows_NT
PROCESSOR_IDENTIFIER=Intel64 Family 6 Model 140 Stepping 1, GenuineIntel



---------------  S Y S T E M  ---------------

OS:
 Windows 11 , 64 bit Build 26100 (10.0.26100.8521)
OS uptime: 0 days 1:41 hours
Hyper-V role detected

CPU: total 4 (initial active 4) (2 cores per cpu, 2 threads per core) family 6 model 140 stepping 1 microcode 0xb4, cx8, cmov, fxsr, ht, mmx, 3dnowpref, sse, sse2, sse3, ssse3, sse4.1, sse4.2, popcnt, lzcnt, tsc, tscinvbit, avx, avx2, aes, erms, clmul, bmi1, bmi2, adx, avx512f, avx512dq, avx512cd, avx512bw, avx512vl, sha, fma, vzeroupper, avx512_vpopcntdq, avx512_vpclmulqdq, avx512_vaes, avx512_vnni, clflush, clflushopt, clwb, avx512_vbmi2, avx512_vbmi, hv

Memory: 4k page, system-wide physical 7834M (664M free)
TotalPageFile size 31386M (AvailPageFile size 118M)
current process WorkingSet (physical memory assigned to process): 421M, peak: 435M
current process commit charge ("private bytes"): 799M, peak: 935M

vm_info: Java HotSpot(TM) 64-Bit Server VM (17.0.17+8-LTS-360) for windows-amd64 JRE (17.0.17+8-LTS-360), built on Sep 27 2025 05:17:01 by "mach5run" with MS VC++ 17.6 (VS2022)

END.
