#
# There is insufficient memory for the Java Runtime Environment to continue.
# Native memory allocation (mmap) failed to map 1266679808 bytes for G1 virtual space
# Possible reasons:
#   The system is out of physical RAM or swap space
#   The process is running with CompressedOops enabled, and the Java Heap may be blocking the growth of the native heap
# Possible solutions:
#   Reduce memory load on the system
#   Increase physical memory or swap space
#   Check if swap backing store is full
#   Decrease Java heap size (-Xmx/-Xms)
#   Decrease number of Java threads
#   Decrease Java thread stack sizes (-Xss)
#   Set larger code cache with -XX:ReservedCodeCacheSize=
#   JVM is running with Zero Based Compressed Oops mode in which the Java heap is
#     placed in the first 32GB address space. The Java Heap base address is the
#     maximum limit for the native heap growth. Please use -XX:HeapBaseMinAddress
#     to set the Java Heap base and to place the Java Heap above 32GB virtual address.
# This output file may be truncated or incomplete.
#
#  Out of Memory Error (os_windows.cpp:3551), pid=18724, tid=26320
#
# JRE version: Java(TM) SE Runtime Environment (17.0.17+8) (build 17.0.17+8-LTS-360)
# Java VM: Java HotSpot(TM) 64-Bit Server VM (17.0.17+8-LTS-360, mixed mode, sharing, tiered, compressed oops, compressed class ptrs, g1 gc, windows-amd64)
# No core dump will be written. Minidumps are not enabled by default on client versions of Windows
#

---------------  S U M M A R Y ------------

Command Line: --add-opens=java.base/java.lang=ALL-UNNAMED --add-opens=java.base/java.lang.invoke=ALL-UNNAMED --add-opens=java.base/java.util=ALL-UNNAMED --add-opens=java.prefs/java.util.prefs=ALL-UNNAMED --add-exports=jdk.compiler/com.sun.tools.javac.api=ALL-UNNAMED --add-exports=jdk.compiler/com.sun.tools.javac.util=ALL-UNNAMED --add-opens=java.base/java.util=ALL-UNNAMED --add-opens=java.prefs/java.util.prefs=ALL-UNNAMED --add-opens=java.base/java.nio.charset=ALL-UNNAMED --add-opens=java.base/java.net=ALL-UNNAMED --add-opens=java.base/java.util.concurrent=ALL-UNNAMED --add-opens=java.base/java.util.concurrent.atomic=ALL-UNNAMED --add-opens=java.xml/javax.xml.namespace=ALL-UNNAMED -XX:MaxMetaspaceSize=1024m -XX:+HeapDumpOnOutOfMemoryError -Xmx8192m -Dfile.encoding=UTF-8 -Duser.country=IN -Duser.language=en -Duser.variant -javaagent:C:\Users\ag913\.gradle\wrapper\dists\gradle-9.0.0-bin\d6wjpkvcgsg3oed0qlfss3wgl\gradle-9.0.0\lib\agents\gradle-instrumentation-agent-9.0.0.jar org.gradle.launcher.daemon.bootstrap.GradleDaemon 9.0.0

Host: 11th Gen Intel(R) Core(TM) i3-1115G4 @ 3.00GHz, 4 cores, 7G,  Windows 11 , 64 bit Build 26100 (10.0.26100.8521)
Time: Tue Jun  2 09:56:57 2026 India Standard Time elapsed time: 211.616791 seconds (0d 0h 3m 31s)

---------------  T H R E A D  ---------------

Current thread (0x000002524ee5c560):  VMThread "VM Thread" [stack: 0x000000e9db200000,0x000000e9db300000] [id=26320]

Stack: [0x000000e9db200000,0x000000e9db300000]
Native frames: (J=compiled Java code, j=interpreted, Vv=VM code, C=native code)
V  [jvm.dll+0x67a0ea]
V  [jvm.dll+0x7da56d]
V  [jvm.dll+0x7dbeb3]
V  [jvm.dll+0x7dc523]
V  [jvm.dll+0x2453af]
V  [jvm.dll+0x677119]
V  [jvm.dll+0x66bda2]
V  [jvm.dll+0x3022a6]
V  [jvm.dll+0x309846]
V  [jvm.dll+0x35a25e]
V  [jvm.dll+0x35a48f]
V  [jvm.dll+0x2d9378]
V  [jvm.dll+0x2d77ad]
V  [jvm.dll+0x2d6dfc]
V  [jvm.dll+0x31a95b]
V  [jvm.dll+0x7e0e1b]
V  [jvm.dll+0x7e1b54]
V  [jvm.dll+0x7e206d]
V  [jvm.dll+0x7e2444]
V  [jvm.dll+0x7e2510]
V  [jvm.dll+0x78af4a]
V  [jvm.dll+0x678fd5]
C  [ucrtbase.dll+0x2cd30]
C  [KERNEL32.DLL+0x2e957]
C  [ntdll.dll+0x87c1c]

VM_Operation (0x000000e9dd0fdf00): G1CollectForAllocation, mode: safepoint, requested by thread 0x000002528f274f70


---------------  P R O C E S S  ---------------

Threads class SMR info:
_java_thread_list=0x000002529579c760, length=43, elements={
0x00000252233a8a80, 0x000002524ee68260, 0x000002524ee68d20, 0x000002524ee7db70,
0x000002524ee80440, 0x000002524ee80d00, 0x000002524ee815c0, 0x000002524ee845c0,
0x000002524ee86ed0, 0x000002524f34c510, 0x000002524f3cdef0, 0x000002524f4f4b30,
0x00000252897b2540, 0x000002524f9cad90, 0x00000252891f9eb0, 0x000002524f4625b0,
0x0000025289e50040, 0x0000025289eaaa20, 0x0000025289eac230, 0x0000025289ead570,
0x0000025289eaa080, 0x0000025289eaa550, 0x0000025289eacbd0, 0x0000025289e820c0,
0x0000025289e82f30, 0x0000025289e83400, 0x000002528b1e7430, 0x000002528b1e9ab0,
0x000002528b1e9f80, 0x000002528ad7b6b0, 0x000002528e53f8e0, 0x000002528e53e5a0,
0x000002528e540750, 0x00000252965fdaf0, 0x000002528ddbc9d0, 0x000002528b1e82a0,
0x000002528f277120, 0x000002528f2775f0, 0x000002528f278930, 0x000002528f275910,
0x000002528f274f70, 0x000002528b1e4410, 0x000002528ad7a840
}

Java Threads: ( => current thread )
  0x00000252233a8a80 JavaThread "main" [_thread_blocked, id=26260, stack(0x000000e9dac00000,0x000000e9dad00000)]
  0x000002524ee68260 JavaThread "Reference Handler" daemon [_thread_blocked, id=24412, stack(0x000000e9db300000,0x000000e9db400000)]
  0x000002524ee68d20 JavaThread "Finalizer" daemon [_thread_blocked, id=25884, stack(0x000000e9db400000,0x000000e9db500000)]
  0x000002524ee7db70 JavaThread "Signal Dispatcher" daemon [_thread_blocked, id=10440, stack(0x000000e9db500000,0x000000e9db600000)]
  0x000002524ee80440 JavaThread "Attach Listener" daemon [_thread_blocked, id=8528, stack(0x000000e9db600000,0x000000e9db700000)]
  0x000002524ee80d00 JavaThread "Service Thread" daemon [_thread_blocked, id=24140, stack(0x000000e9db700000,0x000000e9db800000)]
  0x000002524ee815c0 JavaThread "Monitor Deflation Thread" daemon [_thread_blocked, id=18052, stack(0x000000e9db800000,0x000000e9db900000)]
  0x000002524ee845c0 JavaThread "C2 CompilerThread0" daemon [_thread_blocked, id=480, stack(0x000000e9db900000,0x000000e9dba00000)]
  0x000002524ee86ed0 JavaThread "C1 CompilerThread0" daemon [_thread_blocked, id=10048, stack(0x000000e9dba00000,0x000000e9dbb00000)]
  0x000002524f34c510 JavaThread "Sweeper thread" daemon [_thread_blocked, id=26128, stack(0x000000e9dbb00000,0x000000e9dbc00000)]
  0x000002524f3cdef0 JavaThread "Common-Cleaner" daemon [_thread_blocked, id=24856, stack(0x000000e9dbc00000,0x000000e9dbd00000)]
  0x000002524f4f4b30 JavaThread "Notification Thread" daemon [_thread_blocked, id=21396, stack(0x000000e9dbd00000,0x000000e9dbe00000)]
  0x00000252897b2540 JavaThread "Daemon health stats" [_thread_blocked, id=5224, stack(0x000000e9dc200000,0x000000e9dc300000)]
  0x000002524f9cad90 JavaThread "Incoming local TCP Connector on port 59127" [_thread_in_native, id=22500, stack(0x000000e9dc300000,0x000000e9dc400000)]
  0x00000252891f9eb0 JavaThread "Daemon periodic checks" [_thread_blocked, id=24468, stack(0x000000e9dc400000,0x000000e9dc500000)]
  0x000002524f4625b0 JavaThread "Daemon" [_thread_blocked, id=25760, stack(0x000000e9dc500000,0x000000e9dc600000)]
  0x0000025289e50040 JavaThread "Daemon worker" [_thread_blocked, id=19604, stack(0x000000e9dc800000,0x000000e9dc900000)]
  0x0000025289eaaa20 JavaThread "Cache worker for journal cache (C:\Users\ag913\.gradle\caches\journal-1)" [_thread_blocked, id=10696, stack(0x000000e9dcc00000,0x000000e9dcd00000)]
  0x0000025289eac230 JavaThread "File lock request listener" [_thread_in_native, id=24720, stack(0x000000e9dcd00000,0x000000e9dce00000)]
  0x0000025289ead570 JavaThread "Cache worker for file hash cache (C:\Users\ag913\.gradle\caches\9.0.0\fileHashes)" [_thread_blocked, id=22000, stack(0x000000e9dce00000,0x000000e9dcf00000)]
  0x0000025289eaa080 JavaThread "File watcher server" daemon [_thread_in_native, id=11544, stack(0x000000e9dd200000,0x000000e9dd300000)]
  0x0000025289eaa550 JavaThread "File watcher consumer" daemon [_thread_blocked, id=17208, stack(0x000000e9dd300000,0x000000e9dd400000)]
  0x0000025289eacbd0 JavaThread "Cache worker for file content cache (C:\Users\ag913\.gradle\caches\9.0.0\fileContent)" [_thread_blocked, id=16348, stack(0x000000e9dd500000,0x000000e9dd600000)]
  0x0000025289e820c0 JavaThread "jar transforms" [_thread_blocked, id=23676, stack(0x000000e9dd800000,0x000000e9dd900000)]
  0x0000025289e82f30 JavaThread "jar transforms Thread 2" [_thread_blocked, id=4784, stack(0x000000e9dd900000,0x000000e9dda00000)]
  0x0000025289e83400 JavaThread "jar transforms Thread 3" [_thread_blocked, id=11428, stack(0x000000e9dda00000,0x000000e9ddb00000)]
  0x000002528b1e7430 JavaThread "Memory manager" [_thread_blocked, id=18528, stack(0x000000e9deb00000,0x000000e9dec00000)]
  0x000002528b1e9ab0 JavaThread "ForkJoinPool.commonPool-worker-2" daemon [_thread_blocked, id=9616, stack(0x000000e9dee00000,0x000000e9def00000)]
  0x000002528b1e9f80 JavaThread "ForkJoinPool.commonPool-worker-3" daemon [_thread_blocked, id=26452, stack(0x000000e9def00000,0x000000e9df000000)]
  0x000002528ad7b6b0 JavaThread "jar transforms Thread 4" [_thread_blocked, id=22616, stack(0x000000e9e1000000,0x000000e9e1100000)]
  0x000002528e53f8e0 JavaThread "Exec process" [_thread_blocked, id=9572, stack(0x000000e9daa00000,0x000000e9dab00000)]
  0x000002528e53e5a0 JavaThread "Exec process Thread 2" [_thread_blocked, id=21048, stack(0x000000e9dab00000,0x000000e9dac00000)]
  0x000002528e540750 JavaThread "Exec process Thread 3" [_thread_blocked, id=26328, stack(0x000000e9e1500000,0x000000e9e1600000)]
  0x00000252965fdaf0 JavaThread "ForkJoinPool.commonPool-worker-4" daemon [_thread_blocked, id=26308, stack(0x000000e9de700000,0x000000e9de800000)]
  0x000002528ddbc9d0 JavaThread "VFS cleanup Thread 2" [_thread_blocked, id=26144, stack(0x000000e9dca00000,0x000000e9dcb00000)]
  0x000002528b1e82a0 JavaThread "included builds" [_thread_blocked, id=9648, stack(0x000000e9dea00000,0x000000e9deb00000)]
  0x000002528f277120 JavaThread "Handler for socket connection from /127.0.0.1:59127 to /127.0.0.1:50125" [_thread_in_native, id=18288, stack(0x000000e9dc600000,0x000000e9dc700000)]
  0x000002528f2775f0 JavaThread "Cancel handler" [_thread_blocked, id=20300, stack(0x000000e9dc700000,0x000000e9dc800000)]
  0x000002528f278930 JavaThread "Asynchronous log dispatcher for DefaultDaemonConnection: socket connection from /127.0.0.1:59127 to /127.0.0.1:50125" [_thread_blocked, id=26108, stack(0x000000e9dcb00000,0x000000e9dcc00000)]
  0x000002528f275910 JavaThread "Stdin handler" [_thread_blocked, id=21080, stack(0x000000e9dcf00000,0x000000e9dd000000)]
  0x000002528f274f70 JavaThread "Daemon client event forwarder" [_thread_blocked, id=20852, stack(0x000000e9dd000000,0x000000e9dd100000)]
  0x000002528b1e4410 JavaThread "included builds" [_thread_blocked, id=21608, stack(0x000000e9dec00000,0x000000e9ded00000)]
  0x000002528ad7a840 JavaThread "File lock release action executor Thread 2" [_thread_blocked, id=25780, stack(0x000000e9dd100000,0x000000e9dd200000)]

Other Threads:
=>0x000002524ee5c560 VMThread "VM Thread" [stack: 0x000000e9db200000,0x000000e9db300000] [id=26320]
  0x00000252233a9540 WatcherThread [stack: 0x000000e9dbe00000,0x000000e9dbf00000] [id=17352]
  0x00000252234592b0 GCTaskThread "GC Thread#0" [stack: 0x000000e9dad00000,0x000000e9dae00000] [id=10108]
  0x000002524f518080 GCTaskThread "GC Thread#1" [stack: 0x000000e9dbf00000,0x000000e9dc000000] [id=20232]
  0x000002524f59f370 GCTaskThread "GC Thread#2" [stack: 0x000000e9dc000000,0x000000e9dc100000] [id=18028]
  0x0000025289180ec0 GCTaskThread "GC Thread#3" [stack: 0x000000e9dc100000,0x000000e9dc200000] [id=9588]
  0x0000025223469fb0 ConcurrentGCThread "G1 Main Marker" [stack: 0x000000e9dae00000,0x000000e9daf00000] [id=15916]
  0x000002522346b780 ConcurrentGCThread "G1 Conc#0" [stack: 0x000000e9daf00000,0x000000e9db000000] [id=11184]
  0x000002524ed109e0 ConcurrentGCThread "G1 Refine#0" [stack: 0x000000e9db000000,0x000000e9db100000] [id=11704]
  0x0000025296839a70 ConcurrentGCThread "G1 Refine#1" [stack: 0x000000e9e1300000,0x000000e9e1400000] [id=24268]
  0x0000025296838eb0 ConcurrentGCThread "G1 Refine#2" [stack: 0x000000e9e1400000,0x000000e9e1500000] [id=24716]
  0x000002529683b1f0 ConcurrentGCThread "G1 Refine#3" [stack: 0x000000e9e1600000,0x000000e9e1700000] [id=6420]
  0x000002524ed130d0 ConcurrentGCThread "G1 Service" [stack: 0x000000e9db100000,0x000000e9db200000] [id=26616]

Threads with active compile tasks:

VM state: at safepoint (normal execution)

VM Mutex/Monitor currently owned by a thread:  ([mutex/lock_event])
[0x00000252233a4f70] Threads_lock - owner thread: 0x000002524ee5c560
[0x00000252233a3740] Heap_lock - owner thread: 0x000002528f274f70

Heap address: 0x0000000600000000, size: 8192 MB, Compressed Oops mode: Zero based, Oop shift amount: 3

CDS archive(s) mapped at: [0x0000025250000000-0x0000025250bd0000-0x0000025250bd0000), size 12386304, SharedBaseAddress: 0x0000025250000000, ArchiveRelocationMode: 1.
Compressed class space mapped at: 0x0000025251000000-0x0000025285000000, reserved size: 872415232
Narrow klass base: 0x0000025250000000, Narrow klass shift: 0, Narrow klass range: 0x100000000

GC Precious Log:
 CPUs: 4 total, 4 available
 Memory: 7834M
 Large Page Support: Disabled
 NUMA Support: Disabled
 Compressed Oops: Enabled (Zero based)
 Heap Region Size: 4M
 Heap Min Capacity: 8M
 Heap Initial Capacity: 124M
 Heap Max Capacity: 8G
 Pre-touch: Disabled
 Parallel Workers: 4
 Concurrent Workers: 1
 Concurrent Refinement Workers: 4
 Periodic GC: Disabled

Heap:
 garbage-first heap   total 1236992K, used 679936K [0x0000000600000000, 0x0000000800000000)
  region size 4096K, 6 young (24576K), 6 survivors (24576K)
 Metaspace       used 129896K, committed 132800K, reserved 983040K
  class space    used 17881K, committed 19264K, reserved 851968K

Heap Regions: E=young(eden), S=young(survivor), O=old, HS=humongous(starts), HC=humongous(continues), CS=collection set, F=free, OA=open archive, CA=closed archive, TAMS=top-at-mark-start (previous, next)
|   0|0x0000000600000000, 0x0000000600400000, 0x0000000600400000|100%|HS|  |TAMS 0x0000000600400000, 0x0000000600000000| Complete 
|   1|0x0000000600400000, 0x0000000600800000, 0x0000000600800000|100%| O|  |TAMS 0x0000000600800000, 0x0000000600400000| Untracked 
|   2|0x0000000600800000, 0x0000000600c00000, 0x0000000600c00000|100%| O|  |TAMS 0x0000000600c00000, 0x0000000600800000| Untracked 
|   3|0x0000000600c00000, 0x0000000601000000, 0x0000000601000000|100%| O|  |TAMS 0x0000000601000000, 0x0000000600c00000| Untracked 
|   4|0x0000000601000000, 0x0000000601400000, 0x0000000601400000|100%| O|  |TAMS 0x0000000601400000, 0x0000000601000000| Untracked 
|   5|0x0000000601400000, 0x0000000601800000, 0x0000000601800000|100%| O|  |TAMS 0x0000000601800000, 0x0000000601400000| Untracked 
|   6|0x0000000601800000, 0x0000000601c00000, 0x0000000601c00000|100%| O|  |TAMS 0x0000000601c00000, 0x0000000601800000| Untracked 
|   7|0x0000000601c00000, 0x0000000602000000, 0x0000000602000000|100%| O|  |TAMS 0x0000000602000000, 0x0000000601c00000| Untracked 
|   8|0x0000000602000000, 0x0000000602400000, 0x0000000602400000|100%| O|  |TAMS 0x0000000602400000, 0x0000000602000000| Untracked 
|   9|0x0000000602400000, 0x0000000602800000, 0x0000000602800000|100%|HS|  |TAMS 0x0000000602800000, 0x0000000602400000| Complete 
|  10|0x0000000602800000, 0x0000000602c00000, 0x0000000602c00000|100%|HS|  |TAMS 0x0000000602c00000, 0x0000000602800000| Complete 
|  11|0x0000000602c00000, 0x0000000603000000, 0x0000000603000000|100%| O|  |TAMS 0x0000000603000000, 0x0000000602c00000| Untracked 
|  12|0x0000000603000000, 0x0000000603400000, 0x0000000603400000|100%| O|  |TAMS 0x0000000603400000, 0x0000000603000000| Untracked 
|  13|0x0000000603400000, 0x0000000603800000, 0x0000000603800000|100%| O|  |TAMS 0x0000000603800000, 0x0000000603400000| Untracked 
|  14|0x0000000603800000, 0x0000000603c00000, 0x0000000603c00000|100%| O|  |TAMS 0x0000000603c00000, 0x0000000603800000| Untracked 
|  15|0x0000000603c00000, 0x0000000604000000, 0x0000000604000000|100%| O|  |TAMS 0x0000000603c00000, 0x0000000603c00000| Untracked 
|  16|0x0000000604000000, 0x0000000604400000, 0x0000000604400000|100%| O|  |TAMS 0x0000000604400000, 0x0000000604000000| Untracked 
|  17|0x0000000604400000, 0x0000000604800000, 0x0000000604800000|100%| O|  |TAMS 0x0000000604800000, 0x0000000604400000| Untracked 
|  18|0x0000000604800000, 0x0000000604c00000, 0x0000000604c00000|100%| O|  |TAMS 0x0000000604c00000, 0x0000000604800000| Untracked 
|  19|0x0000000604c00000, 0x0000000605000000, 0x0000000605000000|100%| O|  |TAMS 0x0000000605000000, 0x0000000604c00000| Untracked 
|  20|0x0000000605000000, 0x0000000605400000, 0x0000000605400000|100%| O|  |TAMS 0x0000000605400000, 0x0000000605000000| Untracked 
|  21|0x0000000605400000, 0x0000000605800000, 0x0000000605800000|100%| O|  |TAMS 0x0000000605800000, 0x0000000605400000| Untracked 
|  22|0x0000000605800000, 0x0000000605c00000, 0x0000000605c00000|100%| O|  |TAMS 0x0000000605c00000, 0x0000000605800000| Untracked 
|  23|0x0000000605c00000, 0x0000000606000000, 0x0000000606000000|100%| O|  |TAMS 0x0000000606000000, 0x0000000605c00000| Untracked 
|  24|0x0000000606000000, 0x0000000606400000, 0x0000000606400000|100%|HS|  |TAMS 0x0000000606400000, 0x0000000606000000| Complete 
|  25|0x0000000606400000, 0x0000000606800000, 0x0000000606800000|100%| O|  |TAMS 0x0000000606800000, 0x0000000606400000| Untracked 
|  26|0x0000000606800000, 0x0000000606c00000, 0x0000000606c00000|100%| O|  |TAMS 0x0000000606c00000, 0x0000000606800000| Untracked 
|  27|0x0000000606c00000, 0x0000000607000000, 0x0000000607000000|100%| O|  |TAMS 0x0000000607000000, 0x0000000606c00000| Untracked 
|  28|0x0000000607000000, 0x0000000607400000, 0x0000000607400000|100%| O|  |TAMS 0x0000000607400000, 0x0000000607000000| Untracked 
|  29|0x0000000607400000, 0x0000000607800000, 0x0000000607800000|100%| O|  |TAMS 0x0000000607800000, 0x0000000607400000| Untracked 
|  30|0x0000000607800000, 0x0000000607c00000, 0x0000000607c00000|100%| O|  |TAMS 0x0000000607c00000, 0x0000000607800000| Untracked 
|  31|0x0000000607c00000, 0x0000000608000000, 0x0000000608000000|100%| O|  |TAMS 0x0000000608000000, 0x0000000607c00000| Untracked 
|  32|0x0000000608000000, 0x0000000608400000, 0x0000000608400000|100%| O|  |TAMS 0x0000000608400000, 0x0000000608000000| Untracked 
|  33|0x0000000608400000, 0x0000000608800000, 0x0000000608800000|100%| O|  |TAMS 0x0000000608400000, 0x0000000608400000| Untracked 
|  34|0x0000000608800000, 0x0000000608c00000, 0x0000000608c00000|100%| O|  |TAMS 0x0000000608c00000, 0x0000000608800000| Untracked 
|  35|0x0000000608c00000, 0x0000000609000000, 0x0000000609000000|100%| O|  |TAMS 0x0000000609000000, 0x0000000608c00000| Untracked 
|  36|0x0000000609000000, 0x0000000609400000, 0x0000000609400000|100%| O|  |TAMS 0x0000000609400000, 0x0000000609000000| Untracked 
|  37|0x0000000609400000, 0x0000000609800000, 0x0000000609800000|100%| O|  |TAMS 0x0000000609800000, 0x0000000609400000| Untracked 
|  38|0x0000000609800000, 0x0000000609c00000, 0x0000000609c00000|100%| O|  |TAMS 0x0000000609c00000, 0x0000000609800000| Untracked 
|  39|0x0000000609c00000, 0x000000060a000000, 0x000000060a000000|100%| O|  |TAMS 0x000000060a000000, 0x0000000609c00000| Untracked 
|  40|0x000000060a000000, 0x000000060a400000, 0x000000060a400000|100%| O|  |TAMS 0x000000060a400000, 0x000000060a000000| Untracked 
|  41|0x000000060a400000, 0x000000060a800000, 0x000000060a800000|100%| O|  |TAMS 0x000000060a800000, 0x000000060a400000| Untracked 
|  42|0x000000060a800000, 0x000000060ac00000, 0x000000060ac00000|100%| O|  |TAMS 0x000000060ac00000, 0x000000060a800000| Untracked 
|  43|0x000000060ac00000, 0x000000060b000000, 0x000000060b000000|100%| O|  |TAMS 0x000000060b000000, 0x000000060ac00000| Untracked 
|  44|0x000000060b000000, 0x000000060b400000, 0x000000060b400000|100%| O|  |TAMS 0x000000060b000000, 0x000000060b000000| Untracked 
|  45|0x000000060b400000, 0x000000060b800000, 0x000000060b800000|100%| O|  |TAMS 0x000000060b800000, 0x000000060b400000| Untracked 
|  46|0x000000060b800000, 0x000000060bc00000, 0x000000060bc00000|100%| O|  |TAMS 0x000000060bc00000, 0x000000060b800000| Untracked 
|  47|0x000000060bc00000, 0x000000060c000000, 0x000000060c000000|100%| O|  |TAMS 0x000000060c000000, 0x000000060bc00000| Untracked 
|  48|0x000000060c000000, 0x000000060c400000, 0x000000060c400000|100%| O|  |TAMS 0x000000060c400000, 0x000000060c000000| Untracked 
|  49|0x000000060c400000, 0x000000060c800000, 0x000000060c800000|100%| O|  |TAMS 0x000000060c800000, 0x000000060c400000| Untracked 
|  50|0x000000060c800000, 0x000000060cc00000, 0x000000060cc00000|100%| O|  |TAMS 0x000000060cc00000, 0x000000060c800000| Untracked 
|  51|0x000000060cc00000, 0x000000060d000000, 0x000000060d000000|100%| O|  |TAMS 0x000000060cc00000, 0x000000060cc00000| Untracked 
|  52|0x000000060d000000, 0x000000060d400000, 0x000000060d400000|100%| O|  |TAMS 0x000000060d400000, 0x000000060d000000| Untracked 
|  53|0x000000060d400000, 0x000000060d800000, 0x000000060d800000|100%| O|  |TAMS 0x000000060d800000, 0x000000060d400000| Untracked 
|  54|0x000000060d800000, 0x000000060dc00000, 0x000000060dc00000|100%| O|  |TAMS 0x000000060dc00000, 0x000000060d800000| Untracked 
|  55|0x000000060dc00000, 0x000000060e000000, 0x000000060e000000|100%| O|  |TAMS 0x000000060e000000, 0x000000060dc00000| Untracked 
|  56|0x000000060e000000, 0x000000060e400000, 0x000000060e400000|100%| O|  |TAMS 0x000000060e400000, 0x000000060e000000| Untracked 
|  57|0x000000060e400000, 0x000000060e800000, 0x000000060e800000|100%| O|  |TAMS 0x000000060e800000, 0x000000060e400000| Untracked 
|  58|0x000000060e800000, 0x000000060ec00000, 0x000000060ec00000|100%| O|  |TAMS 0x000000060ec00000, 0x000000060e800000| Untracked 
|  59|0x000000060ec00000, 0x000000060f000000, 0x000000060f000000|100%| O|  |TAMS 0x000000060f000000, 0x000000060ec00000| Untracked 
|  60|0x000000060f000000, 0x000000060f400000, 0x000000060f400000|100%| O|  |TAMS 0x000000060f388c00, 0x000000060f000000| Untracked 
|  61|0x000000060f400000, 0x000000060f800000, 0x000000060f800000|100%| O|  |TAMS 0x000000060f400000, 0x000000060f400000| Untracked 
|  62|0x000000060f800000, 0x000000060fc00000, 0x000000060fc00000|100%| O|  |TAMS 0x000000060f800000, 0x000000060f800000| Untracked 
|  63|0x000000060fc00000, 0x0000000610000000, 0x0000000610000000|100%| O|  |TAMS 0x000000060fc00000, 0x000000060fc00000| Untracked 
|  64|0x0000000610000000, 0x0000000610400000, 0x0000000610400000|100%| O|  |TAMS 0x0000000610000000, 0x0000000610000000| Untracked 
|  65|0x0000000610400000, 0x0000000610800000, 0x0000000610800000|100%| O|  |TAMS 0x0000000610400000, 0x0000000610400000| Untracked 
|  66|0x0000000610800000, 0x0000000610c00000, 0x0000000610c00000|100%| O|  |TAMS 0x0000000610800000, 0x0000000610800000| Untracked 
|  67|0x0000000610c00000, 0x0000000611000000, 0x0000000611000000|100%| O|  |TAMS 0x0000000610c00000, 0x0000000610c00000| Untracked 
|  68|0x0000000611000000, 0x0000000611400000, 0x0000000611400000|100%| O|  |TAMS 0x0000000611000000, 0x0000000611000000| Untracked 
|  69|0x0000000611400000, 0x0000000611800000, 0x0000000611800000|100%| O|  |TAMS 0x0000000611400000, 0x0000000611400000| Untracked 
|  70|0x0000000611800000, 0x0000000611c00000, 0x0000000611c00000|100%| O|  |TAMS 0x0000000611800000, 0x0000000611800000| Untracked 
|  71|0x0000000611c00000, 0x0000000612000000, 0x0000000612000000|100%| O|  |TAMS 0x0000000611c00000, 0x0000000611c00000| Untracked 
|  72|0x0000000612000000, 0x0000000612400000, 0x0000000612400000|100%| O|  |TAMS 0x0000000612000000, 0x0000000612000000| Untracked 
|  73|0x0000000612400000, 0x0000000612800000, 0x0000000612800000|100%| O|  |TAMS 0x0000000612400000, 0x0000000612400000| Untracked 
|  74|0x0000000612800000, 0x0000000612c00000, 0x0000000612c00000|100%| O|  |TAMS 0x0000000612800000, 0x0000000612800000| Untracked 
|  75|0x0000000612c00000, 0x0000000613000000, 0x0000000613000000|100%| O|  |TAMS 0x0000000612c00000, 0x0000000612c00000| Untracked 
|  76|0x0000000613000000, 0x0000000613400000, 0x0000000613400000|100%| O|  |TAMS 0x0000000613000000, 0x0000000613000000| Untracked 
|  77|0x0000000613400000, 0x0000000613800000, 0x0000000613800000|100%| O|  |TAMS 0x0000000613400000, 0x0000000613400000| Untracked 
|  78|0x0000000613800000, 0x0000000613c00000, 0x0000000613c00000|100%| O|  |TAMS 0x0000000613800000, 0x0000000613800000| Untracked 
|  79|0x0000000613c00000, 0x0000000614000000, 0x0000000614000000|100%| O|  |TAMS 0x0000000613c00000, 0x0000000613c00000| Untracked 
|  80|0x0000000614000000, 0x0000000614400000, 0x0000000614400000|100%| O|  |TAMS 0x0000000614000000, 0x0000000614000000| Untracked 
|  81|0x0000000614400000, 0x0000000614800000, 0x0000000614800000|100%| O|  |TAMS 0x0000000614400000, 0x0000000614400000| Untracked 
|  82|0x0000000614800000, 0x0000000614c00000, 0x0000000614c00000|100%| O|  |TAMS 0x0000000614800000, 0x0000000614800000| Untracked 
|  83|0x0000000614c00000, 0x0000000615000000, 0x0000000615000000|100%| O|  |TAMS 0x0000000614c00000, 0x0000000614c00000| Untracked 
|  84|0x0000000615000000, 0x0000000615400000, 0x0000000615400000|100%| O|  |TAMS 0x0000000615000000, 0x0000000615000000| Untracked 
|  85|0x0000000615400000, 0x0000000615800000, 0x0000000615800000|100%| O|  |TAMS 0x0000000615400000, 0x0000000615400000| Untracked 
|  86|0x0000000615800000, 0x0000000615c00000, 0x0000000615c00000|100%| O|  |TAMS 0x0000000615800000, 0x0000000615800000| Untracked 
|  87|0x0000000615c00000, 0x0000000616000000, 0x0000000616000000|100%| O|  |TAMS 0x0000000615c00000, 0x0000000615c00000| Untracked 
|  88|0x0000000616000000, 0x0000000616400000, 0x0000000616400000|100%| O|  |TAMS 0x0000000616000000, 0x0000000616000000| Untracked 
|  89|0x0000000616400000, 0x0000000616800000, 0x0000000616800000|100%| O|  |TAMS 0x0000000616400000, 0x0000000616400000| Untracked 
|  90|0x0000000616800000, 0x0000000616c00000, 0x0000000616c00000|100%| O|  |TAMS 0x0000000616800000, 0x0000000616800000| Untracked 
|  91|0x0000000616c00000, 0x0000000617000000, 0x0000000617000000|100%| O|  |TAMS 0x0000000616c00000, 0x0000000616c00000| Untracked 
|  92|0x0000000617000000, 0x0000000617400000, 0x0000000617400000|100%| O|  |TAMS 0x0000000617000000, 0x0000000617000000| Untracked 
|  93|0x0000000617400000, 0x0000000617800000, 0x0000000617800000|100%| O|  |TAMS 0x0000000617400000, 0x0000000617400000| Untracked 
|  94|0x0000000617800000, 0x0000000617c00000, 0x0000000617c00000|100%| O|  |TAMS 0x0000000617800000, 0x0000000617800000| Untracked 
|  95|0x0000000617c00000, 0x0000000618000000, 0x0000000618000000|100%| O|  |TAMS 0x0000000617c00000, 0x0000000617c00000| Untracked 
|  96|0x0000000618000000, 0x0000000618400000, 0x0000000618400000|100%| O|  |TAMS 0x0000000618000000, 0x0000000618000000| Untracked 
|  97|0x0000000618400000, 0x0000000618800000, 0x0000000618800000|100%| O|  |TAMS 0x0000000618400000, 0x0000000618400000| Untracked 
|  98|0x0000000618800000, 0x0000000618c00000, 0x0000000618c00000|100%| O|  |TAMS 0x0000000618800000, 0x0000000618800000| Untracked 
|  99|0x0000000618c00000, 0x0000000619000000, 0x0000000619000000|100%| O|  |TAMS 0x0000000618c00000, 0x0000000618c00000| Untracked 
| 100|0x0000000619000000, 0x0000000619400000, 0x0000000619400000|100%| O|  |TAMS 0x0000000619000000, 0x0000000619000000| Untracked 
| 101|0x0000000619400000, 0x0000000619800000, 0x0000000619800000|100%| O|  |TAMS 0x0000000619400000, 0x0000000619400000| Untracked 
| 102|0x0000000619800000, 0x0000000619c00000, 0x0000000619c00000|100%| O|  |TAMS 0x0000000619800000, 0x0000000619800000| Untracked 
| 103|0x0000000619c00000, 0x000000061a000000, 0x000000061a000000|100%| O|  |TAMS 0x0000000619c00000, 0x0000000619c00000| Untracked 
| 104|0x000000061a000000, 0x000000061a400000, 0x000000061a400000|100%| O|  |TAMS 0x000000061a000000, 0x000000061a000000| Untracked 
| 105|0x000000061a400000, 0x000000061a800000, 0x000000061a800000|100%| O|  |TAMS 0x000000061a400000, 0x000000061a400000| Untracked 
| 106|0x000000061a800000, 0x000000061ac00000, 0x000000061ac00000|100%| O|  |TAMS 0x000000061a800000, 0x000000061a800000| Untracked 
| 107|0x000000061ac00000, 0x000000061b000000, 0x000000061b000000|100%| O|  |TAMS 0x000000061ac00000, 0x000000061ac00000| Untracked 
| 108|0x000000061b000000, 0x000000061b400000, 0x000000061b400000|100%| O|  |TAMS 0x000000061b000000, 0x000000061b000000| Untracked 
| 109|0x000000061b400000, 0x000000061b800000, 0x000000061b800000|100%| O|  |TAMS 0x000000061b400000, 0x000000061b400000| Untracked 
| 110|0x000000061b800000, 0x000000061bc00000, 0x000000061bc00000|100%| O|  |TAMS 0x000000061b800000, 0x000000061b800000| Untracked 
| 111|0x000000061bc00000, 0x000000061c000000, 0x000000061c000000|100%| O|  |TAMS 0x000000061bc00000, 0x000000061bc00000| Untracked 
| 112|0x000000061c000000, 0x000000061c400000, 0x000000061c400000|100%| O|  |TAMS 0x000000061c000000, 0x000000061c000000| Untracked 
| 113|0x000000061c400000, 0x000000061c800000, 0x000000061c800000|100%| O|  |TAMS 0x000000061c400000, 0x000000061c400000| Untracked 
| 114|0x000000061c800000, 0x000000061cc00000, 0x000000061cc00000|100%| O|  |TAMS 0x000000061c800000, 0x000000061c800000| Untracked 
| 115|0x000000061cc00000, 0x000000061d000000, 0x000000061d000000|100%| O|  |TAMS 0x000000061cc00000, 0x000000061cc00000| Untracked 
| 116|0x000000061d000000, 0x000000061d400000, 0x000000061d400000|100%| O|  |TAMS 0x000000061d000000, 0x000000061d000000| Untracked 
| 117|0x000000061d400000, 0x000000061d800000, 0x000000061d800000|100%| O|  |TAMS 0x000000061d400000, 0x000000061d400000| Untracked 
| 118|0x000000061d800000, 0x000000061dc00000, 0x000000061dc00000|100%| O|  |TAMS 0x000000061d800000, 0x000000061d800000| Untracked 
| 119|0x000000061dc00000, 0x000000061e000000, 0x000000061e000000|100%| O|  |TAMS 0x000000061dc00000, 0x000000061dc00000| Untracked 
| 120|0x000000061e000000, 0x000000061e400000, 0x000000061e400000|100%| O|  |TAMS 0x000000061e000000, 0x000000061e000000| Untracked 
| 121|0x000000061e400000, 0x000000061e800000, 0x000000061e800000|100%| O|  |TAMS 0x000000061e400000, 0x000000061e400000| Untracked 
| 122|0x000000061e800000, 0x000000061ec00000, 0x000000061ec00000|100%| O|  |TAMS 0x000000061e800000, 0x000000061e800000| Untracked 
| 123|0x000000061ec00000, 0x000000061f000000, 0x000000061f000000|100%| O|  |TAMS 0x000000061ec00000, 0x000000061ec00000| Untracked 
| 124|0x000000061f000000, 0x000000061f400000, 0x000000061f400000|100%| O|  |TAMS 0x000000061f000000, 0x000000061f000000| Untracked 
| 125|0x000000061f400000, 0x000000061f800000, 0x000000061f800000|100%| O|  |TAMS 0x000000061f400000, 0x000000061f400000| Untracked 
| 126|0x000000061f800000, 0x000000061fc00000, 0x000000061fc00000|100%| O|  |TAMS 0x000000061f800000, 0x000000061f800000| Untracked 
| 127|0x000000061fc00000, 0x0000000620000000, 0x0000000620000000|100%| O|  |TAMS 0x000000061fc00000, 0x000000061fc00000| Untracked 
| 128|0x0000000620000000, 0x0000000620400000, 0x0000000620400000|100%| O|  |TAMS 0x0000000620000000, 0x0000000620000000| Untracked 
| 129|0x0000000620400000, 0x0000000620800000, 0x0000000620800000|100%| O|  |TAMS 0x0000000620400000, 0x0000000620400000| Untracked 
| 130|0x0000000620800000, 0x0000000620c00000, 0x0000000620c00000|100%| O|  |TAMS 0x0000000620800000, 0x0000000620800000| Untracked 
| 131|0x0000000620c00000, 0x0000000621000000, 0x0000000621000000|100%| O|  |TAMS 0x0000000620c00000, 0x0000000620c00000| Untracked 
| 132|0x0000000621000000, 0x0000000621400000, 0x0000000621400000|100%| O|  |TAMS 0x0000000621000000, 0x0000000621000000| Untracked 
| 133|0x0000000621400000, 0x0000000621800000, 0x0000000621800000|100%| O|  |TAMS 0x0000000621400000, 0x0000000621400000| Untracked 
| 134|0x0000000621800000, 0x0000000621c00000, 0x0000000621c00000|100%| O|  |TAMS 0x0000000621800000, 0x0000000621800000| Untracked 
| 135|0x0000000621c00000, 0x0000000622000000, 0x0000000622000000|100%| O|  |TAMS 0x0000000621c00000, 0x0000000621c00000| Untracked 
| 136|0x0000000622000000, 0x0000000622400000, 0x0000000622400000|100%| O|  |TAMS 0x0000000622000000, 0x0000000622000000| Untracked 
| 137|0x0000000622400000, 0x0000000622800000, 0x0000000622800000|100%| O|  |TAMS 0x0000000622400000, 0x0000000622400000| Untracked 
| 138|0x0000000622800000, 0x0000000622c00000, 0x0000000622c00000|100%| O|  |TAMS 0x0000000622800000, 0x0000000622800000| Untracked 
| 139|0x0000000622c00000, 0x0000000623000000, 0x0000000623000000|100%| O|  |TAMS 0x0000000622c00000, 0x0000000622c00000| Untracked 
| 140|0x0000000623000000, 0x0000000623400000, 0x0000000623400000|100%| O|  |TAMS 0x0000000623000000, 0x0000000623000000| Untracked 
| 141|0x0000000623400000, 0x0000000623800000, 0x0000000623800000|100%| O|  |TAMS 0x0000000623400000, 0x0000000623400000| Untracked 
| 142|0x0000000623800000, 0x0000000623c00000, 0x0000000623c00000|100%| O|  |TAMS 0x0000000623800000, 0x0000000623800000| Untracked 
| 143|0x0000000623c00000, 0x0000000624000000, 0x0000000624000000|100%| O|  |TAMS 0x0000000623c00000, 0x0000000623c00000| Untracked 
| 144|0x0000000624000000, 0x0000000624400000, 0x0000000624400000|100%| O|  |TAMS 0x0000000624000000, 0x0000000624000000| Untracked 
| 145|0x0000000624400000, 0x0000000624800000, 0x0000000624800000|100%| O|  |TAMS 0x0000000624400000, 0x0000000624400000| Untracked 
| 146|0x0000000624800000, 0x0000000624c00000, 0x0000000624c00000|100%| O|  |TAMS 0x0000000624800000, 0x0000000624800000| Untracked 
| 147|0x0000000624c00000, 0x0000000625000000, 0x0000000625000000|100%| O|  |TAMS 0x0000000624c00000, 0x0000000624c00000| Untracked 
| 148|0x0000000625000000, 0x0000000625400000, 0x0000000625400000|100%| O|  |TAMS 0x0000000625000000, 0x0000000625000000| Untracked 
| 149|0x0000000625400000, 0x0000000625800000, 0x0000000625800000|100%| O|  |TAMS 0x0000000625400000, 0x0000000625400000| Untracked 
| 150|0x0000000625800000, 0x0000000625c00000, 0x0000000625c00000|100%| O|  |TAMS 0x0000000625800000, 0x0000000625800000| Untracked 
| 151|0x0000000625c00000, 0x0000000626000000, 0x0000000626000000|100%| O|  |TAMS 0x0000000625c00000, 0x0000000625c00000| Untracked 
| 152|0x0000000626000000, 0x0000000626400000, 0x0000000626400000|100%| O|  |TAMS 0x0000000626000000, 0x0000000626000000| Untracked 
| 153|0x0000000626400000, 0x0000000626800000, 0x0000000626800000|100%| O|  |TAMS 0x0000000626400000, 0x0000000626400000| Untracked 
| 154|0x0000000626800000, 0x0000000626c00000, 0x0000000626c00000|100%| O|  |TAMS 0x0000000626800000, 0x0000000626800000| Untracked 
| 155|0x0000000626c00000, 0x0000000627000000, 0x0000000627000000|100%| O|  |TAMS 0x0000000626c00000, 0x0000000626c00000| Untracked 
| 156|0x0000000627000000, 0x0000000627400000, 0x0000000627400000|100%| O|  |TAMS 0x0000000627000000, 0x0000000627000000| Untracked 
| 157|0x0000000627400000, 0x0000000627800000, 0x0000000627800000|100%| O|  |TAMS 0x0000000627400000, 0x0000000627400000| Untracked 
| 158|0x0000000627800000, 0x0000000627c00000, 0x0000000627c00000|100%| O|  |TAMS 0x0000000627800000, 0x0000000627800000| Untracked 
| 159|0x0000000627c00000, 0x0000000628000000, 0x0000000628000000|100%| O|  |TAMS 0x0000000627c00000, 0x0000000627c00000| Untracked 
| 160|0x0000000628000000, 0x0000000628000000, 0x0000000628400000|  0%| F|  |TAMS 0x0000000628000000, 0x0000000628000000| Untracked 
| 161|0x0000000628400000, 0x0000000628400000, 0x0000000628800000|  0%| F|  |TAMS 0x0000000628400000, 0x0000000628400000| Untracked 
| 162|0x0000000628800000, 0x0000000628800000, 0x0000000628c00000|  0%| F|  |TAMS 0x0000000628800000, 0x0000000628800000| Untracked 
| 163|0x0000000628c00000, 0x0000000628c00000, 0x0000000629000000|  0%| F|  |TAMS 0x0000000628c00000, 0x0000000628c00000| Untracked 
| 164|0x0000000629000000, 0x0000000629000000, 0x0000000629400000|  0%| F|  |TAMS 0x0000000629000000, 0x0000000629000000| Untracked 
| 165|0x0000000629400000, 0x0000000629400000, 0x0000000629800000|  0%| F|  |TAMS 0x0000000629400000, 0x0000000629400000| Untracked 
| 166|0x0000000629800000, 0x0000000629800000, 0x0000000629c00000|  0%| F|  |TAMS 0x0000000629800000, 0x0000000629800000| Untracked 
| 167|0x0000000629c00000, 0x0000000629c00000, 0x000000062a000000|  0%| F|  |TAMS 0x0000000629c00000, 0x0000000629c00000| Untracked 
| 168|0x000000062a000000, 0x000000062a000000, 0x000000062a400000|  0%| F|  |TAMS 0x000000062a000000, 0x000000062a000000| Untracked 
| 169|0x000000062a400000, 0x000000062a400000, 0x000000062a800000|  0%| F|  |TAMS 0x000000062a400000, 0x000000062a400000| Untracked 
| 170|0x000000062a800000, 0x000000062a800000, 0x000000062ac00000|  0%| F|  |TAMS 0x000000062a800000, 0x000000062a800000| Untracked 
| 171|0x000000062ac00000, 0x000000062ac00000, 0x000000062b000000|  0%| F|  |TAMS 0x000000062ac00000, 0x000000062ac00000| Untracked 
| 172|0x000000062b000000, 0x000000062b000000, 0x000000062b400000|  0%| F|  |TAMS 0x000000062b000000, 0x000000062b000000| Untracked 
| 173|0x000000062b400000, 0x000000062b400000, 0x000000062b800000|  0%| F|  |TAMS 0x000000062b400000, 0x000000062b400000| Untracked 
| 174|0x000000062b800000, 0x000000062b800000, 0x000000062bc00000|  0%| F|  |TAMS 0x000000062b800000, 0x000000062b800000| Untracked 
| 175|0x000000062bc00000, 0x000000062bc00000, 0x000000062c000000|  0%| F|  |TAMS 0x000000062bc00000, 0x000000062bc00000| Untracked 
| 176|0x000000062c000000, 0x000000062c000000, 0x000000062c400000|  0%| F|  |TAMS 0x000000062c000000, 0x000000062c000000| Untracked 
| 177|0x000000062c400000, 0x000000062c400000, 0x000000062c800000|  0%| F|  |TAMS 0x000000062c400000, 0x000000062c400000| Untracked 
| 178|0x000000062c800000, 0x000000062c800000, 0x000000062cc00000|  0%| F|  |TAMS 0x000000062c800000, 0x000000062c800000| Untracked 
| 179|0x000000062cc00000, 0x000000062cc00000, 0x000000062d000000|  0%| F|  |TAMS 0x000000062cc00000, 0x000000062cc00000| Untracked 
| 180|0x000000062d000000, 0x000000062d000000, 0x000000062d400000|  0%| F|  |TAMS 0x000000062d000000, 0x000000062d000000| Untracked 
| 181|0x000000062d400000, 0x000000062d400000, 0x000000062d800000|  0%| F|  |TAMS 0x000000062d400000, 0x000000062d400000| Untracked 
| 182|0x000000062d800000, 0x000000062d800000, 0x000000062dc00000|  0%| F|  |TAMS 0x000000062d800000, 0x000000062d800000| Untracked 
| 183|0x000000062dc00000, 0x000000062dc00000, 0x000000062e000000|  0%| F|  |TAMS 0x000000062dc00000, 0x000000062dc00000| Untracked 
| 184|0x000000062e000000, 0x000000062e000000, 0x000000062e400000|  0%| F|  |TAMS 0x000000062e000000, 0x000000062e000000| Untracked 
| 185|0x000000062e400000, 0x000000062e400000, 0x000000062e800000|  0%| F|  |TAMS 0x000000062e400000, 0x000000062e400000| Untracked 
| 186|0x000000062e800000, 0x000000062e800000, 0x000000062ec00000|  0%| F|  |TAMS 0x000000062e800000, 0x000000062e800000| Untracked 
| 187|0x000000062ec00000, 0x000000062ec00000, 0x000000062f000000|  0%| F|  |TAMS 0x000000062ec00000, 0x000000062ec00000| Untracked 
| 188|0x000000062f000000, 0x000000062f000000, 0x000000062f400000|  0%| F|  |TAMS 0x000000062f000000, 0x000000062f000000| Untracked 
| 189|0x000000062f400000, 0x000000062f400000, 0x000000062f800000|  0%| F|  |TAMS 0x000000062f400000, 0x000000062f400000| Untracked 
| 190|0x000000062f800000, 0x000000062f800000, 0x000000062fc00000|  0%| F|  |TAMS 0x000000062f800000, 0x000000062f800000| Untracked 
| 191|0x000000062fc00000, 0x000000062fc00000, 0x0000000630000000|  0%| F|  |TAMS 0x000000062fc00000, 0x000000062fc00000| Untracked 
| 192|0x0000000630000000, 0x0000000630000000, 0x0000000630400000|  0%| F|  |TAMS 0x0000000630000000, 0x0000000630000000| Untracked 
| 193|0x0000000630400000, 0x0000000630400000, 0x0000000630800000|  0%| F|  |TAMS 0x0000000630400000, 0x0000000630400000| Untracked 
| 194|0x0000000630800000, 0x0000000630800000, 0x0000000630c00000|  0%| F|  |TAMS 0x0000000630800000, 0x0000000630800000| Untracked 
| 195|0x0000000630c00000, 0x0000000630c00000, 0x0000000631000000|  0%| F|  |TAMS 0x0000000630c00000, 0x0000000630c00000| Untracked 
| 196|0x0000000631000000, 0x0000000631000000, 0x0000000631400000|  0%| F|  |TAMS 0x0000000631000000, 0x0000000631000000| Untracked 
| 197|0x0000000631400000, 0x0000000631400000, 0x0000000631800000|  0%| F|  |TAMS 0x0000000631400000, 0x0000000631400000| Untracked 
| 198|0x0000000631800000, 0x0000000631800000, 0x0000000631c00000|  0%| F|  |TAMS 0x0000000631800000, 0x0000000631800000| Untracked 
| 199|0x0000000631c00000, 0x0000000631c00000, 0x0000000632000000|  0%| F|  |TAMS 0x0000000631c00000, 0x0000000631c00000| Untracked 
| 200|0x0000000632000000, 0x0000000632000000, 0x0000000632400000|  0%| F|  |TAMS 0x0000000632000000, 0x0000000632000000| Untracked 
| 201|0x0000000632400000, 0x0000000632400000, 0x0000000632800000|  0%| F|  |TAMS 0x0000000632400000, 0x0000000632400000| Untracked 
| 202|0x0000000632800000, 0x0000000632800000, 0x0000000632c00000|  0%| F|  |TAMS 0x0000000632800000, 0x0000000632800000| Untracked 
| 203|0x0000000632c00000, 0x0000000632c00000, 0x0000000633000000|  0%| F|  |TAMS 0x0000000632c00000, 0x0000000632c00000| Untracked 
| 204|0x0000000633000000, 0x0000000633000000, 0x0000000633400000|  0%| F|  |TAMS 0x0000000633000000, 0x0000000633000000| Untracked 
| 205|0x0000000633400000, 0x0000000633400000, 0x0000000633800000|  0%| F|  |TAMS 0x0000000633400000, 0x0000000633400000| Untracked 
| 206|0x0000000633800000, 0x0000000633800000, 0x0000000633c00000|  0%| F|  |TAMS 0x0000000633800000, 0x0000000633800000| Untracked 
| 207|0x0000000633c00000, 0x0000000633c00000, 0x0000000634000000|  0%| F|  |TAMS 0x0000000633c00000, 0x0000000633c00000| Untracked 
| 208|0x0000000634000000, 0x0000000634000000, 0x0000000634400000|  0%| F|  |TAMS 0x0000000634000000, 0x0000000634000000| Untracked 
| 209|0x0000000634400000, 0x0000000634400000, 0x0000000634800000|  0%| F|  |TAMS 0x0000000634400000, 0x0000000634400000| Untracked 
| 210|0x0000000634800000, 0x0000000634800000, 0x0000000634c00000|  0%| F|  |TAMS 0x0000000634800000, 0x0000000634800000| Untracked 
| 211|0x0000000634c00000, 0x0000000634c00000, 0x0000000635000000|  0%| F|  |TAMS 0x0000000634c00000, 0x0000000634c00000| Untracked 
| 212|0x0000000635000000, 0x0000000635000000, 0x0000000635400000|  0%| F|  |TAMS 0x0000000635000000, 0x0000000635000000| Untracked 
| 213|0x0000000635400000, 0x0000000635400000, 0x0000000635800000|  0%| F|  |TAMS 0x0000000635400000, 0x0000000635400000| Untracked 
| 214|0x0000000635800000, 0x0000000635800000, 0x0000000635c00000|  0%| F|  |TAMS 0x0000000635800000, 0x0000000635800000| Untracked 
| 215|0x0000000635c00000, 0x0000000636000000, 0x0000000636000000|100%| S|CS|TAMS 0x0000000635c00000, 0x0000000635c00000| Complete 
| 216|0x0000000636000000, 0x0000000636400000, 0x0000000636400000|100%| S|CS|TAMS 0x0000000636000000, 0x0000000636000000| Complete 
| 217|0x0000000636400000, 0x0000000636800000, 0x0000000636800000|100%| S|CS|TAMS 0x0000000636400000, 0x0000000636400000| Complete 
| 218|0x0000000636800000, 0x0000000636c00000, 0x0000000636c00000|100%| S|CS|TAMS 0x0000000636800000, 0x0000000636800000| Complete 
| 219|0x0000000636c00000, 0x0000000637000000, 0x0000000637000000|100%| S|CS|TAMS 0x0000000636c00000, 0x0000000636c00000| Complete 
| 220|0x0000000637000000, 0x0000000637400000, 0x0000000637400000|100%| S|CS|TAMS 0x0000000637000000, 0x0000000637000000| Complete 
| 221|0x0000000637400000, 0x0000000637400000, 0x0000000637800000|  0%| F|  |TAMS 0x0000000637400000, 0x0000000637400000| Untracked 
| 222|0x0000000637800000, 0x0000000637800000, 0x0000000637c00000|  0%| F|  |TAMS 0x0000000637800000, 0x0000000637800000| Untracked 
| 223|0x0000000637c00000, 0x0000000637c00000, 0x0000000638000000|  0%| F|  |TAMS 0x0000000637c00000, 0x0000000637c00000| Untracked 
| 224|0x0000000638000000, 0x0000000638000000, 0x0000000638400000|  0%| F|  |TAMS 0x0000000638000000, 0x0000000638000000| Untracked 
| 225|0x0000000638400000, 0x0000000638400000, 0x0000000638800000|  0%| F|  |TAMS 0x0000000638400000, 0x0000000638400000| Untracked 
| 226|0x0000000638800000, 0x0000000638800000, 0x0000000638c00000|  0%| F|  |TAMS 0x0000000638800000, 0x0000000638800000| Untracked 
| 227|0x0000000638c00000, 0x0000000638c00000, 0x0000000639000000|  0%| F|  |TAMS 0x0000000638c00000, 0x0000000638c00000| Untracked 
| 228|0x0000000639000000, 0x0000000639000000, 0x0000000639400000|  0%| F|  |TAMS 0x0000000639000000, 0x0000000639000000| Untracked 
| 229|0x0000000639400000, 0x0000000639400000, 0x0000000639800000|  0%| F|  |TAMS 0x0000000639400000, 0x0000000639400000| Untracked 
| 230|0x0000000639800000, 0x0000000639800000, 0x0000000639c00000|  0%| F|  |TAMS 0x0000000639800000, 0x0000000639800000| Untracked 
| 231|0x0000000639c00000, 0x0000000639c00000, 0x000000063a000000|  0%| F|  |TAMS 0x0000000639c00000, 0x0000000639c00000| Untracked 
| 232|0x000000063a000000, 0x000000063a000000, 0x000000063a400000|  0%| F|  |TAMS 0x000000063a000000, 0x000000063a000000| Untracked 
| 233|0x000000063a400000, 0x000000063a400000, 0x000000063a800000|  0%| F|  |TAMS 0x000000063a400000, 0x000000063a400000| Untracked 
| 234|0x000000063a800000, 0x000000063a800000, 0x000000063ac00000|  0%| F|  |TAMS 0x000000063a800000, 0x000000063a800000| Untracked 
| 235|0x000000063ac00000, 0x000000063ac00000, 0x000000063b000000|  0%| F|  |TAMS 0x000000063ac00000, 0x000000063ac00000| Untracked 
| 236|0x000000063b000000, 0x000000063b000000, 0x000000063b400000|  0%| F|  |TAMS 0x000000063b000000, 0x000000063b000000| Untracked 
| 237|0x000000063b400000, 0x000000063b400000, 0x000000063b800000|  0%| F|  |TAMS 0x000000063b400000, 0x000000063b400000| Untracked 
| 238|0x000000063b800000, 0x000000063b800000, 0x000000063bc00000|  0%| F|  |TAMS 0x000000063b800000, 0x000000063b800000| Untracked 
| 239|0x000000063bc00000, 0x000000063bc00000, 0x000000063c000000|  0%| F|  |TAMS 0x000000063bc00000, 0x000000063bc00000| Untracked 
| 240|0x000000063c000000, 0x000000063c000000, 0x000000063c400000|  0%| F|  |TAMS 0x000000063c000000, 0x000000063c000000| Untracked 
| 241|0x000000063c400000, 0x000000063c400000, 0x000000063c800000|  0%| F|  |TAMS 0x000000063c400000, 0x000000063c400000| Untracked 
| 242|0x000000063c800000, 0x000000063c800000, 0x000000063cc00000|  0%| F|  |TAMS 0x000000063c800000, 0x000000063c800000| Untracked 
| 243|0x000000063cc00000, 0x000000063cc00000, 0x000000063d000000|  0%| F|  |TAMS 0x000000063cc00000, 0x000000063cc00000| Untracked 
| 244|0x000000063d000000, 0x000000063d000000, 0x000000063d400000|  0%| F|  |TAMS 0x000000063d000000, 0x000000063d000000| Untracked 
| 245|0x000000063d400000, 0x000000063d400000, 0x000000063d800000|  0%| F|  |TAMS 0x000000063d400000, 0x000000063d400000| Untracked 
| 246|0x000000063d800000, 0x000000063d800000, 0x000000063dc00000|  0%| F|  |TAMS 0x000000063d800000, 0x000000063d800000| Untracked 
| 247|0x000000063dc00000, 0x000000063dc00000, 0x000000063e000000|  0%| F|  |TAMS 0x000000063dc00000, 0x000000063dc00000| Untracked 
| 248|0x000000063e000000, 0x000000063e000000, 0x000000063e400000|  0%| F|  |TAMS 0x000000063e000000, 0x000000063e000000| Untracked 
| 249|0x000000063e400000, 0x000000063e400000, 0x000000063e800000|  0%| F|  |TAMS 0x000000063e400000, 0x000000063e400000| Untracked 
| 250|0x000000063e800000, 0x000000063e800000, 0x000000063ec00000|  0%| F|  |TAMS 0x000000063e800000, 0x000000063e800000| Untracked 
| 251|0x000000063ec00000, 0x000000063ec00000, 0x000000063f000000|  0%| F|  |TAMS 0x000000063ec00000, 0x000000063ec00000| Untracked 
| 252|0x000000063f000000, 0x000000063f000000, 0x000000063f400000|  0%| F|  |TAMS 0x000000063f000000, 0x000000063f000000| Untracked 
| 253|0x000000063f400000, 0x000000063f400000, 0x000000063f800000|  0%| F|  |TAMS 0x000000063f400000, 0x000000063f400000| Untracked 
| 254|0x000000063f800000, 0x000000063f800000, 0x000000063fc00000|  0%| F|  |TAMS 0x000000063f800000, 0x000000063f800000| Untracked 
| 255|0x000000063fc00000, 0x000000063fc00000, 0x0000000640000000|  0%| F|  |TAMS 0x000000063fc00000, 0x000000063fc00000| Untracked 
| 256|0x0000000640000000, 0x0000000640000000, 0x0000000640400000|  0%| F|  |TAMS 0x0000000640000000, 0x0000000640000000| Untracked 
| 257|0x0000000640400000, 0x0000000640400000, 0x0000000640800000|  0%| F|  |TAMS 0x0000000640400000, 0x0000000640400000| Untracked 
| 258|0x0000000640800000, 0x0000000640800000, 0x0000000640c00000|  0%| F|  |TAMS 0x0000000640800000, 0x0000000640800000| Untracked 
| 259|0x0000000640c00000, 0x0000000640c00000, 0x0000000641000000|  0%| F|  |TAMS 0x0000000640c00000, 0x0000000640c00000| Untracked 
| 260|0x0000000641000000, 0x0000000641000000, 0x0000000641400000|  0%| F|  |TAMS 0x0000000641000000, 0x0000000641000000| Untracked 
| 261|0x0000000641400000, 0x0000000641400000, 0x0000000641800000|  0%| F|  |TAMS 0x0000000641400000, 0x0000000641400000| Untracked 
| 262|0x0000000641800000, 0x0000000641800000, 0x0000000641c00000|  0%| F|  |TAMS 0x0000000641800000, 0x0000000641800000| Untracked 
| 263|0x0000000641c00000, 0x0000000641c00000, 0x0000000642000000|  0%| F|  |TAMS 0x0000000641c00000, 0x0000000641c00000| Untracked 
| 264|0x0000000642000000, 0x0000000642000000, 0x0000000642400000|  0%| F|  |TAMS 0x0000000642000000, 0x0000000642000000| Untracked 
| 265|0x0000000642400000, 0x0000000642400000, 0x0000000642800000|  0%| F|  |TAMS 0x0000000642400000, 0x0000000642400000| Untracked 
| 266|0x0000000642800000, 0x0000000642800000, 0x0000000642c00000|  0%| F|  |TAMS 0x0000000642800000, 0x0000000642800000| Untracked 
| 267|0x0000000642c00000, 0x0000000642c00000, 0x0000000643000000|  0%| F|  |TAMS 0x0000000642c00000, 0x0000000642c00000| Untracked 
| 268|0x0000000643000000, 0x0000000643000000, 0x0000000643400000|  0%| F|  |TAMS 0x0000000643000000, 0x0000000643000000| Untracked 
| 269|0x0000000643400000, 0x0000000643400000, 0x0000000643800000|  0%| F|  |TAMS 0x0000000643400000, 0x0000000643400000| Untracked 
| 270|0x0000000643800000, 0x0000000643800000, 0x0000000643c00000|  0%| F|  |TAMS 0x0000000643800000, 0x0000000643800000| Untracked 
| 271|0x0000000643c00000, 0x0000000643c00000, 0x0000000644000000|  0%| F|  |TAMS 0x0000000643c00000, 0x0000000643c00000| Untracked 
| 272|0x0000000644000000, 0x0000000644000000, 0x0000000644400000|  0%| F|  |TAMS 0x0000000644000000, 0x0000000644000000| Untracked 
| 273|0x0000000644400000, 0x0000000644400000, 0x0000000644800000|  0%| F|  |TAMS 0x0000000644400000, 0x0000000644400000| Untracked 
| 274|0x0000000644800000, 0x0000000644800000, 0x0000000644c00000|  0%| F|  |TAMS 0x0000000644800000, 0x0000000644800000| Untracked 
| 275|0x0000000644c00000, 0x0000000644c00000, 0x0000000645000000|  0%| F|  |TAMS 0x0000000644c00000, 0x0000000644c00000| Untracked 
| 276|0x0000000645000000, 0x0000000645000000, 0x0000000645400000|  0%| F|  |TAMS 0x0000000645000000, 0x0000000645000000| Untracked 
| 277|0x0000000645400000, 0x0000000645400000, 0x0000000645800000|  0%| F|  |TAMS 0x0000000645400000, 0x0000000645400000| Untracked 
| 278|0x0000000645800000, 0x0000000645800000, 0x0000000645c00000|  0%| F|  |TAMS 0x0000000645800000, 0x0000000645800000| Untracked 
| 279|0x0000000645c00000, 0x0000000645c00000, 0x0000000646000000|  0%| F|  |TAMS 0x0000000645c00000, 0x0000000645c00000| Untracked 
| 280|0x0000000646000000, 0x0000000646000000, 0x0000000646400000|  0%| F|  |TAMS 0x0000000646000000, 0x0000000646000000| Untracked 
| 281|0x0000000646400000, 0x0000000646400000, 0x0000000646800000|  0%| F|  |TAMS 0x0000000646400000, 0x0000000646400000| Untracked 
| 282|0x0000000646800000, 0x0000000646800000, 0x0000000646c00000|  0%| F|  |TAMS 0x0000000646800000, 0x0000000646800000| Untracked 
| 283|0x0000000646c00000, 0x0000000646c00000, 0x0000000647000000|  0%| F|  |TAMS 0x0000000646c00000, 0x0000000646c00000| Untracked 
| 284|0x0000000647000000, 0x0000000647000000, 0x0000000647400000|  0%| F|  |TAMS 0x0000000647000000, 0x0000000647000000| Untracked 
| 285|0x0000000647400000, 0x0000000647400000, 0x0000000647800000|  0%| F|  |TAMS 0x0000000647400000, 0x0000000647400000| Untracked 
| 286|0x0000000647800000, 0x0000000647800000, 0x0000000647c00000|  0%| F|  |TAMS 0x0000000647800000, 0x0000000647800000| Untracked 
| 287|0x0000000647c00000, 0x0000000647c00000, 0x0000000648000000|  0%| F|  |TAMS 0x0000000647c00000, 0x0000000647c00000| Untracked 
| 288|0x0000000648000000, 0x0000000648000000, 0x0000000648400000|  0%| F|  |TAMS 0x0000000648000000, 0x0000000648000000| Untracked 
| 289|0x0000000648400000, 0x0000000648400000, 0x0000000648800000|  0%| F|  |TAMS 0x0000000648400000, 0x0000000648400000| Untracked 
| 290|0x0000000648800000, 0x0000000648800000, 0x0000000648c00000|  0%| F|  |TAMS 0x0000000648800000, 0x0000000648800000| Untracked 
| 291|0x0000000648c00000, 0x0000000648c00000, 0x0000000649000000|  0%| F|  |TAMS 0x0000000648c00000, 0x0000000648c00000| Untracked 
| 292|0x0000000649000000, 0x0000000649000000, 0x0000000649400000|  0%| F|  |TAMS 0x0000000649000000, 0x0000000649000000| Untracked 
| 293|0x0000000649400000, 0x0000000649400000, 0x0000000649800000|  0%| F|  |TAMS 0x0000000649400000, 0x0000000649400000| Untracked 
| 294|0x0000000649800000, 0x0000000649800000, 0x0000000649c00000|  0%| F|  |TAMS 0x0000000649800000, 0x0000000649800000| Untracked 
| 295|0x0000000649c00000, 0x0000000649c00000, 0x000000064a000000|  0%| F|  |TAMS 0x0000000649c00000, 0x0000000649c00000| Untracked 
| 296|0x000000064a000000, 0x000000064a000000, 0x000000064a400000|  0%| F|  |TAMS 0x000000064a000000, 0x000000064a000000| Untracked 
| 297|0x000000064a400000, 0x000000064a400000, 0x000000064a800000|  0%| F|  |TAMS 0x000000064a400000, 0x000000064a400000| Untracked 
| 298|0x000000064a800000, 0x000000064a800000, 0x000000064ac00000|  0%| F|  |TAMS 0x000000064a800000, 0x000000064a800000| Untracked 
| 299|0x000000064ac00000, 0x000000064ac00000, 0x000000064b000000|  0%| F|  |TAMS 0x000000064ac00000, 0x000000064ac00000| Untracked 
| 300|0x000000064b000000, 0x000000064b000000, 0x000000064b400000|  0%| F|  |TAMS 0x000000064b000000, 0x000000064b000000| Untracked 
| 301|0x000000064b400000, 0x000000064b400000, 0x000000064b800000|  0%| F|  |TAMS 0x000000064b400000, 0x000000064b400000| Untracked 

Card table byte_map: [0x000002523acc0000,0x000002523bcc0000] _byte_map_base: 0x0000025237cc0000

Marking Bits (Prev, Next): (CMBitMap*) 0x0000025223459680, (CMBitMap*) 0x00000252234596c0
 Prev Bits: [0x000002523ccc0000, 0x0000025244cc0000)
 Next Bits: [0x0000025244cc0000, 0x000002524ccc0000)

Polling page: 0x00000252212b0000

Metaspace:

Usage:
  Non-class:    109.39 MB used.
      Class:     17.46 MB used.
       Both:    126.85 MB used.

Virtual space:
  Non-class space:      128.00 MB reserved,     110.88 MB ( 87%) committed,  2 nodes.
      Class space:      832.00 MB reserved,      18.81 MB (  2%) committed,  1 nodes.
             Both:      960.00 MB reserved,     129.69 MB ( 14%) committed. 

Chunk freelists:
   Non-Class:  405.00 KB
       Class:  13.15 MB
        Both:  13.55 MB

MaxMetaspaceSize: 1.00 GB
CompressedClassSpaceSize: 832.00 MB
Initial GC threshold: 21.00 MB
Current GC threshold: 186.19 MB
CDS: on
MetaspaceReclaimPolicy: balanced
 - commit_granule_bytes: 65536.
 - commit_granule_words: 8192.
 - virtual_space_node_default_size: 8388608.
 - enlarge_chunks_in_place: 1.
 - new_chunks_are_fully_committed: 0.
 - uncommit_free_chunks: 1.
 - use_allocation_guard: 0.
 - handle_deallocations: 1.


Internal statistics:

num_allocs_failed_limit: 12.
num_arena_births: 4354.
num_arena_deaths: 0.
num_vsnodes_births: 3.
num_vsnodes_deaths: 0.
num_space_committed: 2075.
num_space_uncommitted: 0.
num_chunks_returned_to_freelist: 12.
num_chunks_taken_from_freelist: 11620.
num_chunk_merges: 9.
num_chunk_splits: 6872.
num_chunks_enlarged: 3471.
num_inconsistent_stats: 0.

CodeHeap 'non-profiled nmethods': size=120000Kb used=22523Kb max_used=22523Kb free=97477Kb
 bounds [0x0000025232790000, 0x0000025233d90000, 0x0000025239cc0000]
CodeHeap 'profiled nmethods': size=120000Kb used=44993Kb max_used=44993Kb free=75006Kb
 bounds [0x000002522acc0000, 0x000002522d8c0000, 0x00000252321f0000]
CodeHeap 'non-nmethods': size=5760Kb used=2502Kb max_used=2583Kb free=3257Kb
 bounds [0x00000252321f0000, 0x0000025232480000, 0x0000025232790000]
 total_blobs=23657 nmethods=22627 adapters=940
 compilation: enabled
              stopped_count=0, restarted_count=0
 full_count=0

Compilation events (20 events):
Event: 208.505 Thread 0x000002524ee845c0 28249       4       org.gradle.internal.logging.slf4j.BuildOperationAwareLogger::log (36 bytes)
Event: 208.506 Thread 0x000002524ee845c0 nmethod 28249 0x0000025233d8a590 code [0x0000025233d8a720, 0x0000025233d8a838]
Event: 208.622 Thread 0x000002524ee845c0 28250       4       org.gradle.internal.logging.slf4j.BuildOperationAwareLogger::log (22 bytes)
Event: 208.624 Thread 0x000002524ee845c0 nmethod 28250 0x0000025233d8a990 code [0x0000025233d8ab20, 0x0000025233d8acf8]
Event: 209.461 Thread 0x000002524ee845c0 28251       4       sun.util.calendar.BaseCalendar::getFixedDate (324 bytes)
Event: 209.466 Thread 0x000002524ee845c0 nmethod 28251 0x0000025233d8af10 code [0x0000025233d8b100, 0x0000025233d8b5b0]
Event: 209.527 Thread 0x000002524ee845c0 28252       4       sun.util.calendar.ZoneInfo::getOffsets (342 bytes)
Event: 209.533 Thread 0x000002524ee845c0 nmethod 28252 0x0000025233d8b990 code [0x0000025233d8bb20, 0x0000025233d8bf18]
Event: 209.549 Thread 0x000002524ee845c0 28253       4       sun.util.calendar.ZoneInfo::getOffsets (8 bytes)
Event: 209.549 Thread 0x000002524ee845c0 nmethod 28253 0x0000025233d8c390 code [0x0000025233d8c520, 0x0000025233d8c5c8]
Event: 209.575 Thread 0x000002524ee845c0 28254       4       java.util.GregorianCalendar::computeFields (1585 bytes)
Event: 209.597 Thread 0x000002524ee845c0 nmethod 28254 0x0000025233d8c690 code [0x0000025233d8c8e0, 0x0000025233d8da90]
Event: 211.276 Thread 0x000002524ee86ed0 28255       3       org.gradle.internal.time.ExponentialBackoff::retryUntil (65 bytes)
Event: 211.280 Thread 0x000002524ee86ed0 nmethod 28255 0x000002522d8b2890 code [0x000002522d8b2ae0, 0x000002522d8b3598]
Event: 211.280 Thread 0x000002524ee86ed0 28256       3       org.gradle.cache.internal.filelock.FileLockOutcome::acquired (9 bytes)
Event: 211.281 Thread 0x000002524ee86ed0 nmethod 28256 0x000002522d8b3990 code [0x000002522d8b3b40, 0x000002522d8b3e18]
Event: 211.281 Thread 0x000002524ee86ed0 28257       3       org.gradle.internal.time.ExponentialBackoff$Result::successful (21 bytes)
Event: 211.282 Thread 0x000002524ee86ed0 nmethod 28257 0x000002522d8b3f10 code [0x000002522d8b40e0, 0x000002522d8b44a8]
Event: 211.282 Thread 0x000002524ee86ed0 28258       3       org.gradle.internal.time.ExponentialBackoff$Result$1::<init> (10 bytes)
Event: 211.282 Thread 0x000002524ee86ed0 nmethod 28258 0x000002522d8b4610 code [0x000002522d8b47c0, 0x000002522d8b49f8]

GC Heap History (20 events):
Event: 151.956 GC heap after
{Heap after GC invocations=69 (full 0):
 garbage-first heap   total 1236992K, used 356046K [0x0000000600000000, 0x0000000800000000)
  region size 4096K, 22 young (90112K), 22 survivors (90112K)
 Metaspace       used 125037K, committed 127680K, reserved 983040K
  class space    used 17502K, committed 18752K, reserved 851968K
}
Event: 156.575 GC heap before
{Heap before GC invocations=69 (full 0):
 garbage-first heap   total 1236992K, used 585422K [0x0000000600000000, 0x0000000800000000)
  region size 4096K, 78 young (319488K), 22 survivors (90112K)
 Metaspace       used 125979K, committed 128704K, reserved 983040K
  class space    used 17596K, committed 18880K, reserved 851968K
}
Event: 156.942 GC heap after
{Heap after GC invocations=70 (full 0):
 garbage-first heap   total 1236992K, used 402855K [0x0000000600000000, 0x0000000800000000)
  region size 4096K, 10 young (40960K), 10 survivors (40960K)
 Metaspace       used 125979K, committed 128704K, reserved 983040K
  class space    used 17596K, committed 18880K, reserved 851968K
}
Event: 164.444 GC heap before
{Heap before GC invocations=70 (full 0):
 garbage-first heap   total 1236992K, used 611751K [0x0000000600000000, 0x0000000800000000)
  region size 4096K, 61 young (249856K), 10 survivors (40960K)
 Metaspace       used 127372K, committed 130112K, reserved 983040K
  class space    used 17781K, committed 19072K, reserved 851968K
}
Event: 164.592 GC heap after
{Heap after GC invocations=71 (full 0):
 garbage-first heap   total 1236992K, used 430080K [0x0000000600000000, 0x0000000800000000)
  region size 4096K, 6 young (24576K), 6 survivors (24576K)
 Metaspace       used 127372K, committed 130112K, reserved 983040K
  class space    used 17781K, committed 19072K, reserved 851968K
}
Event: 174.116 GC heap before
{Heap before GC invocations=71 (full 0):
 garbage-first heap   total 1236992K, used 802816K [0x0000000600000000, 0x0000000800000000)
  region size 4096K, 97 young (397312K), 6 survivors (24576K)
 Metaspace       used 127983K, committed 130752K, reserved 983040K
  class space    used 17816K, committed 19136K, reserved 851968K
}
Event: 174.317 GC heap after
{Heap after GC invocations=72 (full 0):
 garbage-first heap   total 1236992K, used 473088K [0x0000000600000000, 0x0000000800000000)
  region size 4096K, 13 young (53248K), 13 survivors (53248K)
 Metaspace       used 127983K, committed 130752K, reserved 983040K
  class space    used 17816K, committed 19136K, reserved 851968K
}
Event: 174.623 GC heap before
{Heap before GC invocations=72 (full 0):
 garbage-first heap   total 1236992K, used 497664K [0x0000000600000000, 0x0000000800000000)
  region size 4096K, 19 young (77824K), 13 survivors (53248K)
 Metaspace       used 128005K, committed 130816K, reserved 983040K
  class space    used 17816K, committed 19136K, reserved 851968K
}
Event: 174.761 GC heap after
{Heap after GC invocations=73 (full 0):
 garbage-first heap   total 1236992K, used 485087K [0x0000000600000000, 0x0000000800000000)
  region size 4096K, 3 young (12288K), 3 survivors (12288K)
 Metaspace       used 128005K, committed 130816K, reserved 983040K
  class space    used 17816K, committed 19136K, reserved 851968K
}
Event: 183.343 GC heap before
{Heap before GC invocations=73 (full 0):
 garbage-first heap   total 1236992K, used 837343K [0x0000000600000000, 0x0000000800000000)
  region size 4096K, 89 young (364544K), 3 survivors (12288K)
 Metaspace       used 128463K, committed 131264K, reserved 983040K
  class space    used 17823K, committed 19136K, reserved 851968K
}
Event: 183.421 GC heap after
{Heap after GC invocations=74 (full 0):
 garbage-first heap   total 1236992K, used 538624K [0x0000000600000000, 0x0000000800000000)
  region size 4096K, 12 young (49152K), 12 survivors (49152K)
 Metaspace       used 128463K, committed 131264K, reserved 983040K
  class space    used 17823K, committed 19136K, reserved 851968K
}
Event: 187.136 GC heap before
{Heap before GC invocations=74 (full 0):
 garbage-first heap   total 1236992K, used 706560K [0x0000000600000000, 0x0000000800000000)
  region size 4096K, 53 young (217088K), 12 survivors (49152K)
 Metaspace       used 128675K, committed 131520K, reserved 983040K
  class space    used 17826K, committed 19200K, reserved 851968K
}
Event: 187.285 GC heap after
{Heap after GC invocations=75 (full 0):
 garbage-first heap   total 1236992K, used 558868K [0x0000000600000000, 0x0000000800000000)
  region size 4096K, 5 young (20480K), 5 survivors (20480K)
 Metaspace       used 128675K, committed 131520K, reserved 983040K
  class space    used 17826K, committed 19200K, reserved 851968K
}
Event: 195.296 GC heap before
{Heap before GC invocations=75 (full 0):
 garbage-first heap   total 1236992K, used 878356K [0x0000000600000000, 0x0000000800000000)
  region size 4096K, 83 young (339968K), 5 survivors (20480K)
 Metaspace       used 129084K, committed 131904K, reserved 983040K
  class space    used 17847K, committed 19200K, reserved 851968K
}
Event: 195.351 GC heap after
{Heap after GC invocations=76 (full 0):
 garbage-first heap   total 1236992K, used 576477K [0x0000000600000000, 0x0000000800000000)
  region size 4096K, 10 young (40960K), 10 survivors (40960K)
 Metaspace       used 129084K, committed 131904K, reserved 983040K
  class space    used 17847K, committed 19200K, reserved 851968K
}
Event: 201.743 GC heap before
{Heap before GC invocations=76 (full 0):
 garbage-first heap   total 1236992K, used 904157K [0x0000000600000000, 0x0000000800000000)
  region size 4096K, 90 young (368640K), 10 survivors (40960K)
 Metaspace       used 129453K, committed 132352K, reserved 983040K
  class space    used 17867K, committed 19264K, reserved 851968K
}
Event: 201.887 GC heap after
{Heap after GC invocations=77 (full 0):
 garbage-first heap   total 1236992K, used 612303K [0x0000000600000000, 0x0000000800000000)
  region size 4096K, 12 young (49152K), 12 survivors (49152K)
 Metaspace       used 129453K, committed 132352K, reserved 983040K
  class space    used 17867K, committed 19264K, reserved 851968K
}
Event: 204.357 GC heap before
{Heap before GC invocations=77 (full 0):
 garbage-first heap   total 1236992K, used 845775K [0x0000000600000000, 0x0000000800000000)
  region size 4096K, 69 young (282624K), 12 survivors (49152K)
 Metaspace       used 129737K, committed 132672K, reserved 983040K
  class space    used 17877K, committed 19264K, reserved 851968K
}
Event: 204.567 GC heap after
{Heap after GC invocations=78 (full 0):
 garbage-first heap   total 1236992K, used 658273K [0x0000000600000000, 0x0000000800000000)
  region size 4096K, 9 young (36864K), 9 survivors (36864K)
 Metaspace       used 129737K, committed 132672K, reserved 983040K
  class space    used 17877K, committed 19264K, reserved 851968K
}
Event: 211.365 GC heap before
{Heap before GC invocations=78 (full 0):
 garbage-first heap   total 1236992K, used 953185K [0x0000000600000000, 0x0000000800000000)
  region size 4096K, 81 young (331776K), 9 survivors (36864K)
 Metaspace       used 129896K, committed 132800K, reserved 983040K
  class space    used 17881K, committed 19264K, reserved 851968K
}

Deoptimization events (20 events):
Event: 193.578 Thread 0x000002528f274f70 DEOPT PACKING pc=0x0000025232d1ac2c sp=0x000000e9dd0fee60
Event: 193.579 Thread 0x000002528f274f70 DEOPT UNPACKING pc=0x0000025232245ba3 sp=0x000000e9dd0fedc0 mode 2
Event: 195.387 Thread 0x0000025289e50040 DEOPT PACKING pc=0x000002522ae9f7fe sp=0x000000e9dc8f7910
Event: 195.387 Thread 0x0000025289e50040 DEOPT UNPACKING pc=0x00000252322466e3 sp=0x000000e9dc8f6d68 mode 0
Event: 196.494 Thread 0x000002528b1e8c40 Uncommon trap: trap_request=0xffffff45 fr.pc=0x0000025232d8e8e8 relative=0x0000000000001b08
Event: 196.494 Thread 0x000002528b1e8c40 Uncommon trap: reason=unstable_if action=reinterpret pc=0x0000025232d8e8e8 method=jdk.internal.misc.Unsafe.getAndBitwiseAndInt(Ljava/lang/Object;JI)I @ 21 c2
Event: 196.494 Thread 0x000002528b1e8c40 DEOPT PACKING pc=0x0000025232d8e8e8 sp=0x000000e9dfafe8a0
Event: 196.494 Thread 0x000002528b1e8c40 DEOPT UNPACKING pc=0x0000025232245ba3 sp=0x000000e9dfafe660 mode 2
Event: 206.371 Thread 0x0000025289e50040 DEOPT PACKING pc=0x000002522bb2332c sp=0x000000e9dc8fc200
Event: 206.372 Thread 0x0000025289e50040 DEOPT UNPACKING pc=0x00000252322466e3 sp=0x000000e9dc8fb668 mode 0
Event: 207.549 Thread 0x0000025289e50040 Uncommon trap: trap_request=0xffffffbe fr.pc=0x0000025232db1f8c relative=0x00000000000006ec
Event: 207.551 Thread 0x0000025289e50040 Uncommon trap: reason=profile_predicate action=maybe_recompile pc=0x0000025232db1f8c method=java.util.concurrent.FutureTask.awaitDone(ZJ)I @ 18 c2
Event: 207.551 Thread 0x0000025289e50040 DEOPT PACKING pc=0x0000025232db1f8c sp=0x000000e9dc8fcb90
Event: 207.551 Thread 0x0000025289e50040 DEOPT UNPACKING pc=0x0000025232245ba3 sp=0x000000e9dc8fcb30 mode 2
Event: 207.787 Thread 0x0000025289e50040 DEOPT PACKING pc=0x000002522d14920a sp=0x000000e9dc8fd8e0
Event: 207.787 Thread 0x0000025289e50040 DEOPT UNPACKING pc=0x00000252322466e3 sp=0x000000e9dc8fcd80 mode 0
Event: 207.845 Thread 0x000002528f274f70 Uncommon trap: trap_request=0xffffff45 fr.pc=0x0000025233c1aa98 relative=0x0000000000001e18
Event: 207.845 Thread 0x000002528f274f70 Uncommon trap: reason=unstable_if action=reinterpret pc=0x0000025233c1aa98 method=org.gradle.internal.logging.sink.OutputEventRenderer.onOutput(Lorg/gradle/internal/logging/events/OutputEvent;)V @ 24 c2
Event: 207.846 Thread 0x000002528f274f70 DEOPT PACKING pc=0x0000025233c1aa98 sp=0x000000e9dd0ff5e0
Event: 207.846 Thread 0x000002528f274f70 DEOPT UNPACKING pc=0x0000025232245ba3 sp=0x000000e9dd0ff338 mode 2

Classes unloaded (0 events):
No events

Classes redefined (0 events):
No events

Internal exceptions (20 events):
Event: 191.445 Thread 0x0000025289e50040 Exception <a 'sun/nio/fs/WindowsException'{0x0000000641e8c8d8}> (0x0000000641e8c8d8) 
thrown [s\open\src\hotspot\share\prims\jni.cpp, line 516]
Event: 191.446 Thread 0x0000025289e50040 Exception <a 'sun/nio/fs/WindowsException'{0x0000000641e90a18}> (0x0000000641e90a18) 
thrown [s\open\src\hotspot\share\prims\jni.cpp, line 516]
Event: 191.447 Thread 0x0000025289e50040 Exception <a 'sun/nio/fs/WindowsException'{0x0000000641e90d68}> (0x0000000641e90d68) 
thrown [s\open\src\hotspot\share\prims\jni.cpp, line 516]
Event: 192.856 Thread 0x000002528b1e4410 Exception <a 'sun/nio/fs/WindowsException'{0x000000063d97cfa8}> (0x000000063d97cfa8) 
thrown [s\open\src\hotspot\share\prims\jni.cpp, line 516]
Event: 192.856 Thread 0x000002528b1e4410 Exception <a 'sun/nio/fs/WindowsException'{0x000000063d97f0e8}> (0x000000063d97f0e8) 
thrown [s\open\src\hotspot\share\prims\jni.cpp, line 516]
Event: 192.856 Thread 0x000002528b1e4410 Exception <a 'sun/nio/fs/WindowsException'{0x000000063d981188}> (0x000000063d981188) 
thrown [s\open\src\hotspot\share\prims\jni.cpp, line 516]
Event: 192.857 Thread 0x000002528b1e4410 Exception <a 'sun/nio/fs/WindowsException'{0x000000063d982f30}> (0x000000063d982f30) 
thrown [s\open\src\hotspot\share\prims\jni.cpp, line 516]
Event: 192.859 Thread 0x000002528b1e4410 Exception <a 'sun/nio/fs/WindowsException'{0x000000063d98f160}> (0x000000063d98f160) 
thrown [s\open\src\hotspot\share\prims\jni.cpp, line 516]
Event: 192.912 Thread 0x000002528b1e48e0 Exception <a 'sun/nio/fs/WindowsException'{0x000000063dcbe4d0}> (0x000000063dcbe4d0) 
thrown [s\open\src\hotspot\share\prims\jni.cpp, line 516]
Event: 192.912 Thread 0x000002528b1e48e0 Exception <a 'sun/nio/fs/WindowsException'{0x000000063dcc0410}> (0x000000063dcc0410) 
thrown [s\open\src\hotspot\share\prims\jni.cpp, line 516]
Event: 192.912 Thread 0x000002528b1e48e0 Exception <a 'sun/nio/fs/WindowsException'{0x000000063dcc22a0}> (0x000000063dcc22a0) 
thrown [s\open\src\hotspot\share\prims\jni.cpp, line 516]
Event: 192.912 Thread 0x000002528b1e48e0 Exception <a 'sun/nio/fs/WindowsException'{0x000000063dcc3e18}> (0x000000063dcc3e18) 
thrown [s\open\src\hotspot\share\prims\jni.cpp, line 516]
Event: 193.407 Thread 0x000002528b1e48e0 Exception <a 'sun/nio/fs/WindowsException'{0x000000063bd1e378}> (0x000000063bd1e378) 
thrown [s\open\src\hotspot\share\prims\jni.cpp, line 516]
Event: 193.407 Thread 0x000002528b1e48e0 Exception <a 'sun/nio/fs/WindowsException'{0x000000063bd20398}> (0x000000063bd20398) 
thrown [s\open\src\hotspot\share\prims\jni.cpp, line 516]
Event: 193.409 Thread 0x000002528b1e48e0 Exception <a 'sun/nio/fs/WindowsException'{0x000000063bd22318}> (0x000000063bd22318) 
thrown [s\open\src\hotspot\share\prims\jni.cpp, line 516]
Event: 193.409 Thread 0x000002528b1e48e0 Exception <a 'sun/nio/fs/WindowsException'{0x000000063bd23f40}> (0x000000063bd23f40) 
thrown [s\open\src\hotspot\share\prims\jni.cpp, line 516]
Event: 193.983 Thread 0x0000025289e50040 Exception <a 'sun/nio/fs/WindowsException'{0x000000063a6a4ec8}> (0x000000063a6a4ec8) 
thrown [s\open\src\hotspot\share\prims\jni.cpp, line 516]
Event: 194.471 Thread 0x0000025289e50040 Exception <a 'sun/nio/fs/WindowsException'{0x00000006390ed6c8}> (0x00000006390ed6c8) 
thrown [s\open\src\hotspot\share\prims\jni.cpp, line 516]
Event: 207.464 Thread 0x0000025289e50040 Exception <a 'sun/nio/fs/WindowsException'{0x00000006442f1178}> (0x00000006442f1178) 
thrown [s\open\src\hotspot\share\prims\jni.cpp, line 516]
Event: 207.471 Thread 0x0000025289e50040 Exception <a 'sun/nio/fs/WindowsException'{0x00000006442f1418}> (0x00000006442f1418) 
thrown [s\open\src\hotspot\share\prims\jni.cpp, line 516]

VM Operations (20 events):
Event: 201.387 Executing VM operation: Cleanup done
Event: 201.510 Executing VM operation: HandshakeAllThreads
Event: 201.552 Executing VM operation: HandshakeAllThreads done
Event: 201.743 Executing VM operation: G1CollectForAllocation
Event: 201.888 Executing VM operation: G1CollectForAllocation done
Event: 202.892 Executing VM operation: Cleanup
Event: 202.892 Executing VM operation: Cleanup done
Event: 203.897 Executing VM operation: Cleanup
Event: 203.897 Executing VM operation: Cleanup done
Event: 204.357 Executing VM operation: G1CollectForAllocation
Event: 204.568 Executing VM operation: G1CollectForAllocation done
Event: 205.573 Executing VM operation: Cleanup
Event: 205.589 Executing VM operation: Cleanup done
Event: 206.593 Executing VM operation: Cleanup
Event: 206.609 Executing VM operation: Cleanup done
Event: 207.611 Executing VM operation: Cleanup
Event: 207.612 Executing VM operation: Cleanup done
Event: 208.616 Executing VM operation: Cleanup
Event: 208.616 Executing VM operation: Cleanup done
Event: 211.364 Executing VM operation: G1CollectForAllocation

Events (20 events):
Event: 207.844 Thread 0x000002528ddbd370 Thread exited: 0x000002528ddbd370
Event: 207.844 Thread 0x000002528b1e4db0 Thread exited: 0x000002528b1e4db0
Event: 207.844 Thread 0x000002528b1e7900 Thread exited: 0x000002528b1e7900
Event: 207.844 Thread 0x000002528f2762b0 Thread exited: 0x000002528f2762b0
Event: 207.844 Thread 0x0000025296152840 Thread exited: 0x0000025296152840
Event: 207.844 Thread 0x000002528ddc1ba0 Thread exited: 0x000002528ddc1ba0
Event: 207.844 Thread 0x000002528ddc2540 Thread exited: 0x000002528ddc2540
Event: 207.844 Thread 0x000002528b1ea920 Thread exited: 0x000002528b1ea920
Event: 207.844 Thread 0x000002528b1e60f0 Thread exited: 0x000002528b1e60f0
Event: 207.844 Thread 0x000002528f27a610 Thread exited: 0x000002528f27a610
Event: 207.844 Thread 0x000002528b1e95e0 Thread exited: 0x000002528b1e95e0
Event: 207.844 Thread 0x000002528b1ea450 Thread exited: 0x000002528b1ea450
Event: 207.844 Thread 0x000002528ddbf050 Thread exited: 0x000002528ddbf050
Event: 207.844 Thread 0x000002528f27a140 Thread exited: 0x000002528f27a140
Event: 207.844 Thread 0x00000252961549f0 Thread exited: 0x00000252961549f0
Event: 207.844 Thread 0x0000025296154050 Thread exited: 0x0000025296154050
Event: 207.844 Thread 0x000002528f27be20 Thread exited: 0x000002528f27be20
Event: 207.844 Thread 0x000002528ddbd840 Thread exited: 0x000002528ddbd840
Event: 207.844 Thread 0x0000025296154520 Thread exited: 0x0000025296154520
Event: 211.273 Thread 0x000002528ad7a840 Thread added: 0x000002528ad7a840


Dynamic libraries:
0x00007ff672d50000 - 0x00007ff672d60000 	C:\Program Files\Java\jdk-17\bin\java.exe
0x00007ffbed8c0000 - 0x00007ffbedb26000 	C:\WINDOWS\SYSTEM32\ntdll.dll
0x00007ffbed1b0000 - 0x00007ffbed279000 	C:\WINDOWS\System32\KERNEL32.DLL
0x00007ffbead90000 - 0x00007ffbeb18a000 	C:\WINDOWS\System32\KERNELBASE.dll
0x00007ffbeb4e0000 - 0x00007ffbeb62c000 	C:\WINDOWS\System32\ucrtbase.dll
0x00007ffbc76e0000 - 0x00007ffbc76f9000 	C:\Program Files\Java\jdk-17\bin\jli.dll
0x00007ffbec740000 - 0x00007ffbec7f6000 	C:\WINDOWS\System32\ADVAPI32.dll
0x00007ffbc1200000 - 0x00007ffbc121b000 	C:\Program Files\Java\jdk-17\bin\VCRUNTIME140.dll
0x00007ffbec800000 - 0x00007ffbec8a9000 	C:\WINDOWS\System32\msvcrt.dll
0x00007ffbecb20000 - 0x00007ffbecbca000 	C:\WINDOWS\System32\sechost.dll
0x00007ffbed6e0000 - 0x00007ffbed7f8000 	C:\WINDOWS\System32\RPCRT4.dll
0x00007ffbebce0000 - 0x00007ffbebea7000 	C:\WINDOWS\System32\USER32.dll
0x00007ffbeb2d0000 - 0x00007ffbeb2f7000 	C:\WINDOWS\System32\win32u.dll
0x00007ffbed2b0000 - 0x00007ffbed2db000 	C:\WINDOWS\System32\GDI32.dll
0x00007ffbeb300000 - 0x00007ffbeb42b000 	C:\WINDOWS\System32\gdi32full.dll
0x00007ffbeb190000 - 0x00007ffbeb233000 	C:\WINDOWS\System32\msvcp_win.dll
0x00007ffbcb690000 - 0x00007ffbcb922000 	C:\WINDOWS\WinSxS\amd64_microsoft.windows.common-controls_6595b64144ccf1df_6.0.26100.8521_none_3e08b75ce33403b3\COMCTL32.dll
0x00007ffbd7430000 - 0x00007ffbd743b000 	C:\WINDOWS\SYSTEM32\VERSION.dll
0x00007ffbece80000 - 0x00007ffbeceb2000 	C:\WINDOWS\System32\IMM32.DLL
0x00007ffbc76d0000 - 0x00007ffbc76dc000 	C:\Program Files\Java\jdk-17\bin\vcruntime140_1.dll
0x00007ffbb1280000 - 0x00007ffbb130e000 	C:\Program Files\Java\jdk-17\bin\msvcp140.dll
0x00007ffb108b0000 - 0x00007ffb11490000 	C:\Program Files\Java\jdk-17\bin\server\jvm.dll
0x00007ffbeca10000 - 0x00007ffbeca18000 	C:\WINDOWS\System32\PSAPI.DLL
0x00007ffbc1090000 - 0x00007ffbc109a000 	C:\WINDOWS\SYSTEM32\WSOCK32.dll
0x00007ffbecd70000 - 0x00007ffbecdf0000 	C:\WINDOWS\System32\WS2_32.dll
0x00007ffbdee10000 - 0x00007ffbdee46000 	C:\WINDOWS\SYSTEM32\WINMM.dll
0x00007ffbe98e0000 - 0x00007ffbe98fb000 	C:\WINDOWS\SYSTEM32\kernel.appcore.dll
0x00007ffbc1080000 - 0x00007ffbc108a000 	C:\Program Files\Java\jdk-17\bin\jimage.dll
0x00007ffbe81f0000 - 0x00007ffbe8432000 	C:\WINDOWS\SYSTEM32\DBGHELP.DLL
0x00007ffbed350000 - 0x00007ffbed6d3000 	C:\WINDOWS\System32\combase.dll
0x00007ffbeb6b0000 - 0x00007ffbeb789000 	C:\WINDOWS\System32\OLEAUT32.dll
0x00007ffbca5f0000 - 0x00007ffbca62b000 	C:\WINDOWS\SYSTEM32\dbgcore.DLL
0x00007ffbeb430000 - 0x00007ffbeb4d8000 	C:\WINDOWS\System32\bcryptPrimitives.dll
0x00007ffbc1000000 - 0x00007ffbc100e000 	C:\Program Files\Java\jdk-17\bin\instrument.dll
0x00007ffbb84b0000 - 0x00007ffbb84d5000 	C:\Program Files\Java\jdk-17\bin\java.dll
0x00007ffbc1100000 - 0x00007ffbc11d7000 	C:\Program Files\Java\jdk-17\bin\jsvml.dll
0x00007ffbebeb0000 - 0x00007ffbec634000 	C:\WINDOWS\System32\SHELL32.dll
0x00007ffbe8700000 - 0x00007ffbe8f80000 	C:\WINDOWS\SYSTEM32\windows.storage.dll
0x00007ffbed0b0000 - 0x00007ffbed1a6000 	C:\WINDOWS\System32\SHCORE.dll
0x00007ffbec640000 - 0x00007ffbec6a7000 	C:\WINDOWS\System32\shlwapi.dll
0x00007ffbeaa70000 - 0x00007ffbeaa99000 	C:\WINDOWS\SYSTEM32\profapi.dll
0x00007ffbc10e0000 - 0x00007ffbc10f8000 	C:\Program Files\Java\jdk-17\bin\zip.dll
0x00007ffbc10c0000 - 0x00007ffbc10d9000 	C:\Program Files\Java\jdk-17\bin\net.dll
0x00007ffbda280000 - 0x00007ffbda3a9000 	C:\WINDOWS\SYSTEM32\WINHTTP.dll
0x00007ffbe9e50000 - 0x00007ffbe9ebc000 	C:\WINDOWS\system32\mswsock.dll
0x00007ffbc10a0000 - 0x00007ffbc10b6000 	C:\Program Files\Java\jdk-17\bin\nio.dll
0x00007ffbc0ff0000 - 0x00007ffbc1000000 	C:\Program Files\Java\jdk-17\bin\verify.dll
0x00007ffbb1820000 - 0x00007ffbb1847000 	C:\Users\ag913\.gradle\native\1def1411415f61bf3af743bc5b6707747c0891f09f0c88961ee8f79bc544acac\windows-amd64\native-platform.dll
0x00007ffbb8630000 - 0x00007ffbb86a7000 	C:\Users\ag913\.gradle\native\0.2.8\x86_64-windows-gnu\gradle-fileevents.dll
0x00007ffbbdc00000 - 0x00007ffbbdc0a000 	C:\Program Files\Java\jdk-17\bin\management.dll
0x00007ffbbdbf0000 - 0x00007ffbbdbfb000 	C:\Program Files\Java\jdk-17\bin\management_ext.dll
0x00007ffbe9360000 - 0x00007ffbe9393000 	C:\WINDOWS\SYSTEM32\IPHLPAPI.DLL
0x00007ffbed800000 - 0x00007ffbed80a000 	C:\WINDOWS\System32\NSI.dll
0x00007ffbda510000 - 0x00007ffbda52d000 	C:\WINDOWS\SYSTEM32\dhcpcsvc6.DLL
0x00007ffbda3b0000 - 0x00007ffbda3d5000 	C:\WINDOWS\SYSTEM32\dhcpcsvc.DLL
0x00007ffbe93a0000 - 0x00007ffbe94ea000 	C:\WINDOWS\SYSTEM32\DNSAPI.dll
0x00007ffbe9c50000 - 0x00007ffbe9c5d000 	C:\WINDOWS\SYSTEM32\DSPARSE.dll
0x00007ffbea130000 - 0x00007ffbea14b000 	C:\WINDOWS\SYSTEM32\CRYPTSP.dll
0x00007ffbe9840000 - 0x00007ffbe9879000 	C:\WINDOWS\system32\rsaenh.dll
0x00007ffbe9f00000 - 0x00007ffbe9f33000 	C:\WINDOWS\SYSTEM32\USERENV.dll
0x00007ffbeaa40000 - 0x00007ffbeaa6a000 	C:\WINDOWS\SYSTEM32\bcrypt.dll
0x00007ffbea150000 - 0x00007ffbea15c000 	C:\WINDOWS\SYSTEM32\CRYPTBASE.dll
0x00007ffbbb390000 - 0x00007ffbbb39e000 	C:\Program Files\Java\jdk-17\bin\sunmscapi.dll
0x00007ffbeab50000 - 0x00007ffbeacc8000 	C:\WINDOWS\System32\CRYPT32.dll
0x00007ffbea350000 - 0x00007ffbea380000 	C:\WINDOWS\SYSTEM32\ncrypt.dll
0x00007ffbea300000 - 0x00007ffbea33f000 	C:\WINDOWS\SYSTEM32\NTASN1.dll
0x00007ffb9e110000 - 0x00007ffb9e118000 	C:\WINDOWS\system32\wshunix.dll

dbghelp: loaded successfully - version: 4.0.5 - missing functions: none
symbol engine: initialized successfully - sym options: 0x614 - pdb path: .;C:\Program Files\Java\jdk-17\bin;C:\WINDOWS\SYSTEM32;C:\WINDOWS\WinSxS\amd64_microsoft.windows.common-controls_6595b64144ccf1df_6.0.26100.8521_none_3e08b75ce33403b3;C:\Program Files\Java\jdk-17\bin\server;C:\Users\ag913\.gradle\native\1def1411415f61bf3af743bc5b6707747c0891f09f0c88961ee8f79bc544acac\windows-amd64;C:\Users\ag913\.gradle\native\0.2.8\x86_64-windows-gnu

VM Arguments:
jvm_args: --add-opens=java.base/java.lang=ALL-UNNAMED --add-opens=java.base/java.lang.invoke=ALL-UNNAMED --add-opens=java.base/java.util=ALL-UNNAMED --add-opens=java.prefs/java.util.prefs=ALL-UNNAMED --add-exports=jdk.compiler/com.sun.tools.javac.api=ALL-UNNAMED --add-exports=jdk.compiler/com.sun.tools.javac.util=ALL-UNNAMED --add-opens=java.base/java.util=ALL-UNNAMED --add-opens=java.prefs/java.util.prefs=ALL-UNNAMED --add-opens=java.base/java.nio.charset=ALL-UNNAMED --add-opens=java.base/java.net=ALL-UNNAMED --add-opens=java.base/java.util.concurrent=ALL-UNNAMED --add-opens=java.base/java.util.concurrent.atomic=ALL-UNNAMED --add-opens=java.xml/javax.xml.namespace=ALL-UNNAMED -XX:MaxMetaspaceSize=1024m -XX:+HeapDumpOnOutOfMemoryError -Xmx8192m -Dfile.encoding=UTF-8 -Duser.country=IN -Duser.language=en -Duser.variant -javaagent:C:\Users\ag913\.gradle\wrapper\dists\gradle-9.0.0-bin\d6wjpkvcgsg3oed0qlfss3wgl\gradle-9.0.0\lib\agents\gradle-instrumentation-agent-9.0.0.jar 
java_command: org.gradle.launcher.daemon.bootstrap.GradleDaemon 9.0.0
java_class_path (initial): C:\Users\ag913\.gradle\wrapper\dists\gradle-9.0.0-bin\d6wjpkvcgsg3oed0qlfss3wgl\gradle-9.0.0\lib\gradle-daemon-main-9.0.0.jar
Launcher Type: SUN_STANDARD

[Global flags]
     intx CICompilerCount                          = 3                                         {product} {ergonomic}
   size_t CompressedClassSpaceSize                 = 872415232                                 {product} {ergonomic}
     uint ConcGCThreads                            = 1                                         {product} {ergonomic}
     uint G1ConcRefinementThreads                  = 4                                         {product} {ergonomic}
   size_t G1HeapRegionSize                         = 4194304                                   {product} {ergonomic}
    uintx GCDrainStackTargetSize                   = 64                                        {product} {ergonomic}
     bool HeapDumpOnOutOfMemoryError               = true                                   {manageable} {command line}
   size_t InitialHeapSize                          = 130023424                                 {product} {ergonomic}
   size_t MarkStackSize                            = 4194304                                   {product} {ergonomic}
   size_t MaxHeapSize                              = 8589934592                                {product} {command line}
   size_t MaxMetaspaceSize                         = 1073741824                                {product} {command line}
   size_t MaxNewSize                               = 5150605312                                {product} {ergonomic}
   size_t MinHeapDeltaBytes                        = 4194304                                   {product} {ergonomic}
   size_t MinHeapSize                              = 8388608                                   {product} {ergonomic}
    uintx NonNMethodCodeHeapSize                   = 5832780                                {pd product} {ergonomic}
    uintx NonProfiledCodeHeapSize                  = 122912730                              {pd product} {ergonomic}
    uintx ProfiledCodeHeapSize                     = 122912730                              {pd product} {ergonomic}
    uintx ReservedCodeCacheSize                    = 251658240                              {pd product} {ergonomic}
     bool SegmentedCodeCache                       = true                                      {product} {ergonomic}
   size_t SoftMaxHeapSize                          = 8589934592                             {manageable} {ergonomic}
     bool UseCompressedClassPointers               = true                           {product lp64_product} {ergonomic}
     bool UseCompressedOops                        = true                           {product lp64_product} {ergonomic}
     bool UseG1GC                                  = true                                      {product} {ergonomic}
     bool UseLargePagesIndividualAllocation        = false                                  {pd product} {ergonomic}

Logging:
Log output configuration:
 #0: stdout all=warning uptime,level,tags
 #1: stderr all=off uptime,level,tags

Environment Variables:
JAVA_HOME=C:\Program Files\Java\jdk-17
PATH=C:\Program Files\Common Files\Oracle\Java\javapath;C:\WINDOWS\system32;C:\WINDOWS;C:\WINDOWS\System32\Wbem;C:\WINDOWS\System32\WindowsPowerShell\v1.0\;C:\WINDOWS\System32\OpenSSH\C:\Users\ag913\Downloads;C:\ProgramData\chocolatey\bin;C:\WINDOWS\System32\OpenSSH\;C:\Users\ag913\AppData\Local\Android\Sdk\platforms;C:\Users\ag913\AppData\Local\Android\Sdk;C:\Users\ag913\AppData\Local\Android\Sdk\platform-tools;C:\Users\ag913\AppData\Local\Android\Sdk\platforms;C:\Users\ag913\AppData\Local\Android\Sdk\emulator;C:\Program Files\Microsoft\jdk-17.0.15.6-hotspot\bin;C:\Program Files\nodejs\;C:\Users\ag913\AppData\Local\Android\Sdk\emulator;C:\Users\ag913\AppData\Local\Android\Sdk\tools;C:\Users\ag913\AppData\Local\Android\Sdk\tools\bin;C:\Users\ag913\AppData\Local\Android\Sdk\platform-tools;A:\AI_LOGS\Git LFS;C:\Program Files\Git LFS;C:\Program Files\Java\jdk-17.0.17\bin;C:\Program Files\Java\jdk-17\bin;C:\Program Files\Git\cmd;C:\Program Files\PowerShell\7\;C:\Program Files\Redis\;C:\Program Files\Qoder\bin;C:\Users\ag913\AppData\Local\Programs\Python\Python312\Scripts\;C:\Users\ag913\AppData\Local\Programs\Python\Python312\;C:\Users\ag913\AppData\Local\Programs\Python\Launcher\;C:\Users\ag913\AppData\Local\jdk-11.0.2\bin;C:\Users\ag913\AppData\Local\Microsoft\WindowsApps;C:\Users\ag913\AppData\Local\GitHubDesktop\bin;C:\Users\ag913\AppData\Local\Programs\Microsoft VS Code\bin;C:\Users\ag913\.fly\bin;C:\Users\ag913\AppData\Local\Android\Sdk\platform-tools;C:\Users\ag913\AppData\Local\Android\Sdk\build-tools;C:\Users\ag913\AppData\Local\Android\Sdk\emulator;C:\Users\ag913\AppData\Local\Android\Sdk\platforms;C:\Program Files\Microsoft\jdk-17.0.15.6-hotspot\bin;C:\Users\ag913\AppData\Roaming\npm;C:\Program Files\Microsoft\jdk-17.0.15.6-hotspot;C:\Users\ag913\AppData\Local\Android\Sdk\emulator;C:\Users\ag913\AppData\Local\Android\Sdk\tools;C:\Users\ag913\AppData\Local\Android\Sdk\tools\bin;C:\Users\ag913\AppData\Local\Android\Sdk\platform-tools;C:\Users\ag913\AppData\Local\P
USERNAME=ag913
OS=Windows_NT
PROCESSOR_IDENTIFIER=Intel64 Family 6 Model 140 Stepping 1, GenuineIntel



---------------  S Y S T E M  ---------------

OS:
 Windows 11 , 64 bit Build 26100 (10.0.26100.8521)
OS uptime: 0 days 1:45 hours
Hyper-V role detected

CPU: total 4 (initial active 4) (2 cores per cpu, 2 threads per core) family 6 model 140 stepping 1 microcode 0xb4, cx8, cmov, fxsr, ht, mmx, 3dnowpref, sse, sse2, sse3, ssse3, sse4.1, sse4.2, popcnt, lzcnt, tsc, tscinvbit, avx, avx2, aes, erms, clmul, bmi1, bmi2, adx, avx512f, avx512dq, avx512cd, avx512bw, avx512vl, sha, fma, vzeroupper, avx512_vpopcntdq, avx512_vpclmulqdq, avx512_vaes, avx512_vnni, clflush, clflushopt, clwb, avx512_vbmi2, avx512_vbmi, hv

Memory: 4k page, system-wide physical 7834M (264M free)
TotalPageFile size 31386M (AvailPageFile size 1128M)
current process WorkingSet (physical memory assigned to process): 487M, peak: 989M
current process commit charge ("private bytes"): 1675M, peak: 2883M

vm_info: Java HotSpot(TM) 64-Bit Server VM (17.0.17+8-LTS-360) for windows-amd64 JRE (17.0.17+8-LTS-360), built on Sep 27 2025 05:17:01 by "mach5run" with MS VC++ 17.6 (VS2022)

END.
